Jansen
Bakker
Janssen
Visser
Smit
Meijer
Mulder
Bos
Vos
Peters
Hendriks
Dekker
Brouwer
Dijkstra
Smits
Kok
Jacobs
Vermeulen
Schouten
Willems
Hoekstra
Maas
Verhoeven
Koster
Prins
Blom
Huisman
Peeters
Kuipers
Post
Kuiper
Veenstra
Kramer
Scholten
Postma
Martens
Vink
Timmermans
Groen
Gerritsen
Jonker
Boer
Willemsen
Smeets
Bosch
Schipper
Koning
Driessen
Hermans
Evers
Hofman
Bosman
Wolters
Sanders
Mol
Kuijpers
Molenaar
Verbeek
Stam
Kroon
Groot
Timmer
Wouters
Groeneveld
Roos
Schaap
Bosma
Pronk
Koopman
Vonk
Verhagen
Snijders
Dekkers
Zijlstra
Versteeg
Boon
Klein
Stevens
Simons
Gerrits
Aarts
Otten
Muller
Verweij
Bouwman
Blok
Klaassen
Jager
Rutten
Damen
Cornelissen
Vermeer
Geurts
Bouman
Franken
Teunissen
Faber
Lammers
Boersma
Arts
Roelofs
Buijs
Joosten
Venema
Verhoef
Thijssen
Derksen
Schuurman
Visscher
Derks
Goossens
Wiersma
Kersten
Timmerman
Baas
Baars
Brouwers
Kamphuis
Wessels
Hoek
Zwart
Bouma
Arends
Vissers
Bijl
Hartman
Knol
Tromp
Terpstra
Hoogendoorn
Rietveld
Kooistra
Feenstra
Boonstra
Schut
Pieters
Koopmans
Keizer
Konings
Stolk
Smulders
Veldman
Schepers
Brink
Boers
Vis
Nieuwenhuis
Albers
Brand
Brinkman
Klomp
Keijzer
Schreurs
Kooijman
Verheijen
Lamers
Kool
Nijenhuis
Heemskerk
Heijnen
Willemse
Nijland
Brands
Reinders
Leenders
Berends
Meijers
Bergsma
Veldhuis
Ruiter
Schippers
Drost
Theunissen
Swinkels
Wijnen
Schutte
Verschoor
Hoogeveen
Wagenaar
Kooij
Fransen
Manders
Klaver
Mulders
Jonkers
Steenbergen
Nijhuis
Bongers
Bouwmeester
Pol
Franssen
Lemmens
Geerts
Koops
Yilmaz
Beckers
Veerman
Versluis
Schreuder
Bruinsma
Hendriksen
Drenth
Groenendijk
Schoenmakers
Verheij
Houben
Valk
Swart
Boom
Boot
Borst
Coenen
Lubbers
Timmers
Kamp
Nguyen
Westra
Weijers
Oomen
Kroes
Burger
Berendsen
Hiemstra
Bruins
Scheffer
Blaauw
Moonen
Raaijmakers
Jaspers
Engels
Harmsen
Dam
Vogel
Schellekens
Burgers
Dijk
Hoogland
Beekman
Dijkman
Verkerk
Zonneveld
Veldhuizen
Elzinga
Snijder
Janssens
Snel
Huizinga
Staal
Hagen
Heijmans
Janse
Pot
Roest
Koot
Koelewijn
Douma
Nijhof
Smith
Wolf
Tol
Kerkhof
Kloosterman
Kusters
Bartels
Schenk
Stoop
Donkers
Brugman
Berkhout
Vogels
Klok
Snoek
Hermsen
Smid
Alberts
Westerhof
Troost
Engelen
Witteveen
Jonkman
Veen
Zuidema
Koolen
Scholte
Pennings
Bijlsma
Schmidt
Zwaan
Slot
Kremer
Cox
Akkerman
Ros
Donker
Hamers
Schilder
Reitsma
Meijerink
Hartog
Wijnands
Reijnders
Mertens
Hollander
Buis
Hendrikx
Linders
Bruin
Kuijper
Moes
Claassen
Miedema
Goedhart
Hol
Schuurmans
Nijboer
Mensink
Polman
Witte
Bax
Stegeman
Coolen
Spaans
Buitenhuis
Wever
Weber
Schmitz
Verburg
Hulshof
Ooms
Verheul
Bol
Veltman
Krijgsman
Schrijver
Beumer
Cremers
Nijman
Haan
Nijssen
Kaya
Verstappen
Braam
Vrolijk
Ali
Hendrix
Wassink
Martina
Oudshoorn
Pater
Laan
Krol
Bal
Romijn
Verschuren
Bloem
Rademaker
Veldkamp
Mohamed
Jans
Gielen
Klijn
Kroeze
Ahmed
Habets
Hof
Nijkamp
Zwiers
Lam
Gorter
Kanters
Bekkers
Bergman
Scheepers
Dijkhuizen
Bleeker
Pijnenburg
Griffioen
Krijnen
Broeders
Hofstede
Mooij
Nauta
Winter
Broekhuizen
Tijssen
Bekker
Rovers
Hoogenboom
Schot
Koenen
Winters
Hopman
Prinsen
Bouwhuis
Luijten
Maassen
Bogers
Yildiz
Ras
Broers
Nelissen
Bron
Verbruggen
Spijker
Landman
Maat
Kessels
Wolfs
Akkermans
Heeren
Oosting
Verstegen
Pieterse
Sterk
Rozema
Groenewegen
Verboom
Baan
Jongsma
Nieuwenhuizen
Oerlemans
Zandbergen
Zegers
Schonewille
Poot
Kleijn
Pool
Linssen
Vervoort
Altena
Cuijpers
Vaessen
Slagter
Hoving
Aerts
Beijer
Wong
Spierings
Adema
Thomassen
Yildirim
Roelofsen
Slingerland
Oskam
Singh
Hageman
Brandsma
Koenders
Blokland
Bisschop
Wind
Kraan
Geerlings
Ligthart
Verberne
Wieringa
Spaan
Booij
Scholtens
Kingma
Meester
Wassenaar
Kemper
Rodenburg
Aalders
Schoemaker
Dokter
Rutgers
Ouwehand
Harms
Nijmeijer
Engel
Hofstra
Koch
Walraven
Bruggeman
Storm
Lucas
Pols
Posthumus
Hofland
Claessens
Lodder
Öztürk
Haak
Demir
Thomas
Hassan
Reijnen
Zweers
Hummel
Jongen
Klop
Huizing
Segers
Kruithof
Cornelisse
Hanssen
Roovers
Vossen
Schimmel
Westerveld
Kolkman
Oosterhof
Sahin
Dirks
Tan
Oost
Olthof
Winkel
Doornbos
Hop
Adams
Groeneweg
Niemeijer
Teeuwen
Geelen
Vogelaar
Woudstra
Otto
Strik
Voogt
Homan
Nagtegaal
Maessen
Bezemer
Boogaard
Hoogendijk
Bronkhorst
Loos
Aalbers
Bouw
Wissink
Hut
Ploeg
Aydin
Kouwenhoven
Broekman
Huijbregts
Warmerdam
Bremer
Wisse
Toonen
Leijten
Pouw
Lucassen
Bergmans
Schoenmaker
Langeveld
Smolders
Robben
Jansma
Kamps
Berger
Voortman
Ottens
Meurs
Kortekaas
Wesselink
Brons
Kuijt
Kranenburg
Spruijt
Drent
Haverkamp
Donders
Koole
Megens
Groenewoud
Bouwens
Struik
Vermeij
Cheung
Hage
Biemans
Kort
Gijsbers
Middelkoop
Moerman
Veenendaal
Hansen
Overbeek
Admiraal
Spoelstra
Werkman
Kooiman
Gubbels
Koers
Snippe
Peek
Hoekman
Ouwerkerk
Valkenburg
Verdonk
Coppens
Nagel
Plomp
Deckers
Reuvers
Broere
Wesseling
Özdemir
Mostert
Pijpers
Vinke
Wiggers
Terlouw
Groenen
Ramakers
Smink
Wolff
Postema
Verhulst
Bot
Houtman
Everts
Rook
Rijsdijk
Petersen
Kock
Scheffers
Barten
Claessen
Tang
Spruit
Rombouts
Oosterhuis
Top
Heinen
Chen
Ibrahim
Somers
Müller
Verhoeff
Strijker
Hamstra
Benjamins
Langenberg
Schröder
Nap
Wevers
Voets
Schneider
Govers
Velthuis
Verhaar
Vogelzang
Simon
Rijkers
Koomen
Zomer
Rensen
Hensen
Nuijten
Boelens
Knoop
Kelder
Struijk
Bus
Los
Oud
Berg
Verduijn
Kunst
Spee
Boots
Wouda
Beelen
Giesen
Koetsier
Marsman
Sijtsma
Hilhorst
Brekelmans
Hoogervorst
Feijen
Gorissen
Balk
Buurman
Wijers
Westerink
Spijkers
Mastenbroek
Suijkerbuijk
Both
Chan
Kamminga
Meesters
Bolt
Verhage
Ruijs
Bakx
Kremers
Çelik
Lourens
Rood
Taal
Blokker
Slager
Heij
Klarenbeek
Slotboom
Meeuwsen
Rooijakkers
Vermaas
Vergeer
Sikkema
Hu
Becker
Kemp
Beerens
Bootsma
Melis
Hubers
Hardeman
Wanders
Lok
Beentjes
Helder
Kievit
Schram
Roskam
Jochems
Nicolai
Huijsmans
Stoffels
Groothuis
Hulst
Korver
Wilms
Habraken
Kaptein
Hessels
Krijger
Hesselink
Rademakers
Broos
Niessen
Rijnders
Lagendijk
Geerdink
Guijt
Otte
Schaafsma
Holleman
Broer
Maes
Jong
Been
Quist
Cramer
Meertens
Posthuma
Huizer
Sluiter
Spek
Wilbrink
Broeren
Stienstra
Zeeman
Sloot
Verhees
Geurtsen
Nieuwland
Kroese
Netten
Seegers
Boere
Vriens
Kuik
Noordermeer
Benschop
Schuiling
Pas
Hendrikse
Dijkema
Huitema
Blonk
Hordijk
Rozendaal
Kraaijeveld
Metselaar
Scheper
Besselink
Bok
Schoonhoven
Boone
Ketelaars
Geers
Hendrickx
Beukers
Deen
Toet
Man
Poelman
Kleine
Stok
Noorlander
Polak
Wierenga
Vreugdenhil
Jongejan
Kraak
Frederiks
Pouwels
Spijkerman
Beek
Meijs
Ham
Markus
Zaal
Horst
Kiliç
Lips
Breedveld
Bruijn
Ligtenberg
Luiten
Dieleman
Ernst
Barendregt
Glas
Schreuders
Broersma
Roks
Martis
Philipsen
Brandt
Wester
Lagerweij
Mast
Croes
Hamelink
Bijker
Gommers
Hak
Franke
Spoor
Bom
Marijnissen
Nijdam
Khan
Snoeren
Brok
Michielsen
Arslan
Bennink
Kroezen
Nienhuis
Berghuis
Berkers
Elbers
Alblas
Fischer
Kooi
Molendijk
Leusink
Speelman
Greven
Daniëls
Klunder
Korsten
Meyer
Sonneveld
Hulleman
Kruit
Vernooij
Stoker
Hofstee
Koene
Kouwenberg
Frijters
Michels
Borsboom
Gerritse
Klooster
Stigter
Vlaar
Muis
Ammerlaan
Dohmen
Bastiaansen
Schuit
Beens
Raven
Bons
Houweling
Wentink
Dassen
Punt
Kalkman
Straver
Verlaan
Zwanenburg
Adriaanse
Konijn
Oonk
Koekkoek
Lemmen
Hakvoort
Boomsma
Mathijssen
Nobel
Tak
Huizenga
Achterberg
Koek
Bout
Oosterbaan
Custers
Ebbers
Haasnoot
Kerstens
Kootstra
Sinke
Welling
Kant
Faas
Kolk
Krul
Metz
Romeijn
Plug
Kuijer
Maduro
Zeegers
Lindeboom
Steur
Lindeman
Mak
Smeenk
Abbink
Meulendijks
Schulte
Bolhuis
Bijkerk
Straatman
Valentijn
Voogd
Hurkmans
Geluk
Beltman
Hogervorst
Jeurissen
Kappert
Otter
Huls
Eggink
Heijboer
Braat
Kikkert
Verwoert
Pasman
Kiers
Beers
Langerak
Jellema
Verkade
Kers
Kivits
Rijken
Eshuis
Kempers
Roorda
Blanken
Dijkshoorn
Gort
Clement
Cohen
Schrama
Aben
Nooijen
Tabak
Duin
Osinga
Batenburg
Boumans
Meijering
Dijkhuis
Li
Andriessen
Koevoets
Buitendijk
Welten
Kamstra
Lee
Alkema
Gijzen
Zandstra
Braaksma
Ketelaar
Leeflang
Appelman
Wijnhoven
Lenting
Boeren
Klinkenberg
Wagemakers
Riemersma
Dogan
Verbakel
Woudenberg
Mutsaers
Wit
Hulsman
Beurskens
Karsten
Coumans
Huibers
Schokker
Tuin
Sengers
Draaijer
Kos
Loeffen
Moors
Hekman
Lansink
Philips
Tran
Oosterwijk
Vedder
Lensen
Polderman
Tuinstra
Egberts
Verwoerd
Stokman
Tanis
Zimmerman
Piek
Mentink
Broekhuis
Ferwerda
Spronk
Spies
Wijbenga
Beekmans
Kats
Remmers
Haas
Kop
Westendorp
Doorn
Vellinga
Harteveld
Pals
Steen
Mars
Mols
Sluijter
Waanders
Krikke
Oostveen
Penders
Burggraaf
Bruggink
Talsma
Ensing
Hogendoorn
Schurink
Wennekes
Buter
Morsink
Assink
Fokkema
Heesakkers
Freriks
Gijsen
Jongbloed
Klootwijk
Vugts
Moerland
Zondag
Tolsma
Vroom
Dingemans
Kuperus
Wildeboer
Kuijs
Hutten
Kiewiet
Voerman
Jonk
Blokzijl
Creemers
Renes
Rietdijk
Voorn
Litjens
Nijholt
Huijgen
Kruize
Voermans
Goes
Kip
Bak
Bode
Floor
Ketting
Verkaik
Vriend
Budding
Nieboer
Olsthoorn
Goossen
Horstman
Leferink
Mul
Pieper
Vermaat
Wierda
Buist
Hengeveld
Korevaar
Schotanus
Mooren
Plantinga
Raijmakers
Braakman
Dol
Verbrugge
Fokker
Holwerda
Vrielink
Daemen
Kieft
Stout
Gommans
Lanting
Hoeksema
Peelen
Smetsers
Adriaans
Wolthuis
Goudriaan
Harbers
Lange
Plat
Brouns
Kaspers
Ruigrok
Boeve
Groenendaal
Rotteveel
Commandeur
Mens
Wensink
Wijma
Besseling
Vorstenbosch
Colijn
Kuster
Pauw
Gerards
Miltenburg
Mos
Nederlof
Buisman
Andringa
Lambregts
Pierik
Daniels
Oosterom
Stoel
Huiskes
Schinkel
Boerman
Huijbers
Musters
Roodenburg
Monster
Damhuis
Jongeneel
Slaats
Bannink
Heijne
Klerks
Loman
Pinas
Bras
Hagedoorn
Schuitemaker
Meerman
Overeem
Volkers
Bon
Kreeft
Vermeeren
Ruijter
Zondervan
Hooijer
Zandvliet
Bastiaans
Koeman
Hagens
Ploeger
Plas
Hegeman
Noordzij
Zijlmans
Koper
Bruining
Kranendonk
Abdi
Diepeveen
Matthijssen
Baak
Steenbeek
Verschuur
Kaandorp
Wetzels
Koks
Kraaij
Verheijden
Jongman
Kruizinga
Slegers
Pijl
Mink
Roeleveld
Dik
Bertens
Hoeve
Rebel
Haring
Meuleman
Luijendijk
Poort
Mes
Deelen
Hagenaars
Richardson
Weeda
Middel
Tukker
Caris
Lindhout
Rikken
Strijbos
Kools
Meeuwissen
Biesheuvel
Dirksen
Treffers
Oosterveld
Heijkoop
Hermens
Mantel
Davelaar
Smidt
Bulthuis
Hazeleger
Hoff
Boerma
Ligtvoet
Pruim
Schrauwen
Baltus
Fleuren
Muilwijk
Noordam
Bijleveld
Renkema
Bollen
Brinks
Fokkens
Penning
Rietman
Bult
Neuteboom
Pastoor
Witjes
Lemmers
Gevers
Versteegh
Wagemans
Koop
Mans
Fennema
Adriaansen
Borger
Bouten
Boorsma
Foppen
Heida
Dijkgraaf
Vreeswijk
Holtkamp
Kelderman
Slob
Hart
Heuts
Leurs
Masselink
Ramaekers
Bogaard
Steenhuis
Reedijk
Jongerius
Keller
Schols
Schuur
Streefkerk
Bouwmans
Braun
Barendse
Looijen
Keulen
Louwers
Stuiver
Tichelaar
Voskamp
Droog
Eilander
Simonis
Aslan
Daamen
Huigen
Geertsma
Peereboom
Molenkamp
Steenbakkers
Looman
Boonen
Heuvelman
Alders
Janmaat
Poppe
Butter
Davids
Oldenburger
Zwarts
Kempen
Schuring
Thijs
Veld
Tetteroo
Vollebregt
Westerhuis
Hoffman
Poels
Werkhoven
Thissen
Busscher
Stekelenburg
Brandenburg
Pel
Vader
Methorst
Tijhuis
Hussein
Offermans
Ceelen
Wiersema
Hoeks
Esser
Straathof
Kruijer
Rutjes
Zevenbergen
Middendorp
Born
Appel
Baart
Haveman
Hazenberg
Notenboom
Koerts
Wiegman
Das
Jetten
Jorna
Koppers
Peperkamp
Weerts
Couwenberg
Onderwater
Kloppenburg
Joosen
Brans
Bierman
Weterings
Jorritsma
Zwinkels
Rijk
Tielemans
Westerbeek
Majoor
Romkes
Ansems
Elferink
Boender
Knapen
Louwerse
Scholtes
Sol
Smets
Hamer
Liu
Hoeben
Westerman
Poel
Tummers
Duits
Kosters
Morren
Lenssen
Slootweg
Dubbeldam
Senden
Bevers
Lohuis
Mollema
Sterken
Vegter
Bonte
Lensink
Herder
Plugge
Reus
Bloemendaal
Riemens
Schrijvers
Slijkhuis
Weening
Wessel
Paardekooper
Trip
Voncken
Joustra
Barnhoorn
Bleijenberg
Bijsterbosch
Marcus
Verkooijen
Maaskant
Rongen
Wegman
Koudijs
Blokhuis
Poldervaart
Buwalda
Duijn
Raats
Michiels
Hanegraaf
Mennen
Slangen
Leenen
Boerboom
Paans
Stel
Bloemen
Bosveld
Keur
Osman
Schalk
Westland
Erkelens
Fortuin
Paul
Beenen
Beuker
Vlot
Haarsma
Huijs
Schoon
Schraven
Vuijk
Hindriks
Kruijt
Verloop
Nijs
Oostendorp
Puts
Meuwissen
Muijs
Wildschut
Bruil
Marinus
Martin
Schep
Broek
Geenen
Hesseling
Tempelman
Kox
Bregman
Sprangers
Gelderblom
Kruis
Essers
Menting
Stassen
Bouwer
Frijns
Sas
Baron
Put
Lokhorst
Stuurman
IJzerman
Veenman
Weel
Gouw
Nouwens
Beks
Tesselaar
Broersen
Huiberts
Kamphorst
Knijnenburg
Versteegen
Spaargaren
Hoogerwerf
Keuning
Touw
Blankestijn
Beck
Gloudemans
Hermes
Kemperman
Lap
Sluis
Frank
Tax
Aartsen
Jakobs
Kors
Kars
Algra
Berkhof
Botter
Diks
Doldersum
Nanninga
Bel
Hoppenbrouwers
Lodewijks
Vooijs
Boelen
Sinnema
Goos
Groenewold
Knoops
Baks
Langedijk
Leemans
Siemons
Vullings
Bor
Haarman
Ridder
Kat
Merkx
Duursma
Koç
Mellema
Verstraten
Wolbers
Kieboom
Ouwens
Knops
Nouwen
Overmars
Hijlkema
Laros
Pannekoek
Koorn
Out
Turk
Hillebrand
Huberts
Ruitenberg
Buitelaar
Grootenboer
Hoorn
Schiphorst
Verkuijlen
Abels
Dorst
Bosscher
Koeleman
Verduin
Wildeman
Elshof
Kleinjan
Kwakman
Moorman
Hommes
Kerkhoff
Veraart
Hoffmann
Mudde
Poelstra
Snelders
Claus
Jobse
Karssen
Ramaker
Roseboom
Arnold
Lamberts
Splinter
Westenberg
Lin
Palmen
Ho
Vroegop
Tieleman
Brugmans
Roosen
Klink
Korf
Paap
Ravensbergen
Beukema
Gordijn
Joosse
Klinkhamer
Roozendaal
Sieben
Boele
Draaisma
Last
Verbaan
Vreeken
Cools
Jongkind
Soeters
Stolwijk
Hopmans
Leijen
Frenken
Noort
Remmerswaal
Arendsen
Temmink
Wagner
Özcan
Bierens
Lassche
Cuperus
Geven
Pietersma
Vet
Korte
Oostra
Keijsers
Pietersen
Witteman
Deurloo
Dankers
Hogenboom
Fens
Veldhoen
Vromans
Oosterhoff
Verhaegh
Wang
Gomes
Koekoek
Bruijns
Omar
Ekkel
Weenink
Lens
Abma
Boes
Holtrop
Janson
Tas
Weststrate
Pels
Westdijk
Borgers
Kwant
Peterse
Hooijmans
Ton
Werner
Bemelmans
Caspers
Godschalk
Looij
Schoen
Sonnemans
Hidding
Nelemans
Douwes
Luijkx
Vellekoop
Winkelman
Goris
Hoogeboom
Pluim
Blaak
Bonnema
Rouwenhorst
Schutten
Basten
Doppenberg
Keus
Kooijmans
Machielsen
Rog
Scheer
Heins
Huiskamp
Mommers
Beemsterboer
Schoonderbeek
Ackermans
Horsten
Kriek
Liebregts
Rens
Roozen
Dirkx
Groenenberg
Pijper
Verwer
Bink
Erkens
Geraedts
Koppen
Adam
Folkers
Noordman
Steenvoorden
Wu
Holterman
Meulman
Schalkwijk
Gruijters
Kersbergen
Krom
Kurvers
Overdijk
Wiegers
Pelzer
Wilmink
Aalderink
Frissen
Ritzen
Wijsman
Hoeksma
Rosier
Wubs
Kooiker
Bekkema
Duivenvoorden
Wilson
Hussain
Knoester
Lommers
Broekema
Veenhof
Bressers
Eleveld
Sloots
Rijks
Kurt
Slomp
Smeding
Renders
Ruijgrok
Faassen
Schuitema
Zwijnenburg
Merks
Paulissen
Kist
Priem
Salomons
Persoon
Seinen
Vaartjes
Agterberg
Cnossen
Loomans
Roubos
Stuut
Williams
Meulenberg
Potters
Stoffers
Elsinga
Gelissen
Lelieveld
Wilbers
Diepstraten
Ruitenbeek
Grootveld
Kenter
Schotman
Hissink
Palm
Plaisier
Stouten
Bloemendal
Knook
Pham
Tel
Rozeboom
Versluijs
Cornet
Frans
Limburg
Hoogstraten
Steffens
Linthorst
Verkleij
Autar
Bisschops
Varkevisser
Langendoen
Bravenboer
Eikelboom
Scheurwater
Visch
Alferink
Boven
Nugteren
Polat
Strijbosch
Zijp
Grooten
Harkema
Loonen
Barends
Speksnijder
Havermans
Idema
Olivier
Copier
Geertsema
Hoefnagels
Opdam
Spierenburg
Tigchelaar
Beekhuis
Zeilstra
Engbers
Heeres
Huis in 't Veld
Pranger
Zoet
Coenders
Duinkerken
Korteweg
Naber
Bindels
Kara
Nijhoff
Schoneveld
Verlinden
Haenen
Korkmaz
Le
Degen
Heeringa
Klaassens
Lakerveld
Jagt
Jongenelen
Kloos
Beets
Schoonderwoerd
Voet
Voss
Komen
Scheele
Kluijtmans
Boerema
Hofmans
Meijboom
Appeldoorn
Logtenberg
Nas
Stoffer
Tiemens
Norder
Veltkamp
Goudswaard
Pos
Wittenberg
Alting
Bikker
Haanstra
Kole
Versloot
Beernink
Siegers
Hoevenaars
Kampman
Paauwe
Schoorl
Zwetsloot
Cuppen
Kastelein
Sterrenburg
Voeten
Roes
Vrieling
Koelman
Felix
Rijksen
Schreur
Eikelenboom
Çetin
Heesbeen
Dammers
Edens
Coster
Huijsman
Nieman
Reekers
Reijers
Vijverberg
Buiting
Haagsma
Santing
Kloet
Merkus
Anker
Mulderij
Trommelen
Dings
Lans
Boeijen
Ensink
Paalman
Steeghs
Blauw
Havinga
Brasser
Giesbers
IJpelaar
Lukassen
Mesman
Bolk
Ummels
Ursem
Wichers
Korving
Meinen
Tap
Antonissen
Hettinga
Lemstra
Goosen
Klapwijk
Samson
Stap
Vaes
Doesburg
Koçak
Lambers
Bouter
Horn
Keijzers
Kaal
Vlug
Bulten
Haans
Lems
Noorman
Vlaanderen
Dolman
Dols
Jelsma
Kwint
Oudejans
Datema
Kempenaar
Sluijs
Hogenkamp
Meinders
Rekers
Saris
Vermunt
Kraakman
Kalsbeek
Daams
Klijnstra
Kraus
Tomassen
Vereijken
Braspenning
Verhoog
Roosendaal
Sturm
Liem
Meier
Kops
Moens
Marks
Pepping
Stuivenberg
Wielinga
Jongmans
Lenders
Poortman
Wals
Baijens
Land
Moll
Schoonen
Warnaar
Geelhoed
Grinwis
Grit
Kolen
Kuiken
Martijn
Ruijters
Belt
Boelhouwer
Dirven
Schilders
Said
Brom
Minderhoud
Bijma
Lammertink
Oomens
Wiering
Mouthaan
Overbeeke
Tamminga
Alkemade
Ebben
Koens
Bril
Gaasbeek
Oosterling
Sangers
Wortel
Beuving
Lentjes
Tollenaar
Odijk
Zoon
Laarman
Calis
Leeuw
Botman
Baaij
Flipse
Nijsten
Denissen
Docter
Hartgers
Alma
Borgman
Heerkens
Hovens
Uittenbogaard
Ünal
Boonman
Bruns
Maris
Menger
Siebers
Dingemanse
Bulut
Beekhuizen
Bloemers
Breukers
Donk
Oosterveen
Schenkel
Walter
Verdonschot
Hoogers
Wagemaker
Bunschoten
Boekhout
Ramautar
Twigt
Breedijk
Moolenaar
Smelt
Andeweg
Schumacher
Bodde
Soer
Hogeveen
Schermer
Steensma
Vranken
Houwen
Naus
Saarloos
Sijm
Zijderveld
Buiter
Prijs
Vries
Eggen
Elshout
Noordhoek
Roffel
Strating
Bresser
Lampe
Span
Vergouwen
Wijker
Valstar
Wilkens
Kik
Langen
Holman
Veneman
Salden
Mous
Pauwels
Sassen
Schol
Verhoeve
Rensink
Witkamp
Portier
Grotenhuis
Minnema
Rouw
Waasdorp
Kennis
Poortvliet
Velthuizen
Verberk
Zwerver
Berns
Honing
Maatman
Vroomen
Bakkers
Berndsen
Donkersloot
Esselink
Thielen
Claassens
Keijser
Verver
Ruis
Broekhof
Dragt
Kiel
Dost
Heldens
Simsek
Deenen
Hooiveld
Kerkdijk
Steijn
Blijleven
Cats
Hoefnagel
Jaarsma
Kampen
Maathuis
Verdaasdonk
Bakkum
Paulus
Riezebos
Verbunt
Barneveld
Bont
Kuper
Bijsterveld
Bloemberg
Koreman
Kuppens
Molema
Oord
Vlasblom
Doornenbal
Zuiderwijk
Ismail
Nagtzaam
Beijers
Eckhardt
Mook
Blommers
Melchers
Abrahams
Gerritsma
Nieuwenburg
Pit
Sprengers
Uiterwijk
Floris
Lammerts
Oosterbroek
Breuer
Heijink
Kater
Kemps
Loonstra
Paauw
Postmus
Snip
Schrier
Springer
Camps
Lachman
Cheng
Kester
Tuinman
Visschers
Lavrijsen
Kerkhoven
Krist
Noteboom
Rombout
Stuij
Zwier
Barelds
Brandsen
Heesen
Huurman
Oldenburg
Kuin
Leegwater
Baltussen
Bussink
Clemens
Draijer
Heijstek
Liefting
Weijs
Eising
Quak
Sloof
Verschuuren
Zuur
Houkes
Klos
Oosterman
Veldt
Wakker
Bauer
Verstraeten
Vinken
Bosmans
Conijn
Heezen
Hessing
Medema
Mourik
Eskes
Paas
Bunt
Oosthoek
Theuns
Westerlaken
Broens
Kleijer
Vleugels
Bartelds
Lakeman
Nieland
Passchier
Stuart
Brinkhuis
Herman
Lathouwers
Anema
Arkesteijn
Duijndam
Ritsema
Scheerder
Schepens
Sleegers
Benders
Eenkhoorn
Hoogkamer
Stein
Verwijs
Walstra
Winkels
Bouterse
Emmen
Geerling
Tholen
IJpma
Poppelaars
Wenting
Wolterink
Hokke
Huntjens
Arens
Bruinenberg
Elias
Hes
Bolder
Breed
Bremmer
Verwaal
Witlox
Bots
Oostdijk
Schuijt
Glasbergen
Huijnen
Kwakkel
Apeldoorn
Holtman
Jurgens
Spiering
Neef
Bethlehem
Hoen
Schaaf
Stienen
Teuben
Wondergem
Brown
Karreman
Wink
Binnendijk
Christiaans
Leunissen
Roelfsema
Verhoek
Hemmes
Mooijman
Overduin
Rijpkema
Wolsink
Quaedvlieg
Ramcharan
Baggerman
Honders
Huijser
Mahabier
Verstraaten
Bokma
Hassing
Hofmeijer
Backx
Damstra
Meulenbroek
Buijsman
Kalloe
Hartjes
Leenheer
Mosterd
Nagelhout
Schouw
Toussaint
Treur
Dijksman
Koolhaas
Crijns
Flier
Groote
Kocken
Kruger
Groenenboom
Zuurbier
Noordijk
Schagen
Ahmad
Bessems
Giezen
Zhang
Blank
Drijver
Kamperman
Moret
Clarijs
Kromhout
Lenderink
Loef
Graat
Immink
Jasper
Schellevis
Schelling
Wubben
Groenveld
Koppelaar
Richter
Vreeburg
Wesdorp
Grootendorst
Luiken
Stoutjesdijk
Theelen
Wisman
Özkan
Boerkamp
Henstra
Hermus
Hoogesteger
Weijer
Helmink
Rienstra
Sahin
Spanjaard
Cornelis
Franse
Hooft
Jolink
Seuren
Fidder
Nooij
Hollemans
Rommers
Schaefer
Seelen
Verwijmeren
Borg
Hoes
Roggeveen
Veurink
Klaasen
Koen
Kuijten
Limpens
Vroegindeweij
Bitter
Oostrom
Bart
Houdijk
Kragt
Lodewijk
Loots
Pelgrim
Roossien
Stapel
Tieman
Aarden
Overweg
Ubels
Goud
Hellemons
Lont
Alink
Schuil
Boekholt
Heikens
Pulles
Traas
Vlieger
Bleumink
Castelijns
Helsloot
Hulscher
Kanis
Oranje
Verzijl
Borsje
Greve
Rijke
Huijben
Angenent
Jones
Mensen
Putman
Stoelwinder
Tolboom
Appels
Bazuin
Dubois
Dudink
Hoogendam
Leussink
Matser
Spanjer
Westdorp
Boerrigter
Busch
Rossen
Schutter
Kaplan
Ram
Meinema
Nederveen
Rigter
Tielen
Bes
Modderman
Spit
Steenstra
Farah
Feddema
Louter
Sijbesma
Dijks
Martha
Roefs
Schild
Kas
Minten
Scheers
Dunnink
Struijs
Udo
Heuvelmans
Koppes
Paulussen
Starmans
Wijnia
Geraets
Staats
Stroo
Garritsen
Mohammad
Mourits
Raap
Ruizendaal
Haverkort
Musch
Monsma
Schellingerhout
Yüksel
Don
Dubbelman
Notten
Sari
Voskuilen
Hilgers
Steeman
Tempelaars
Elenbaas
Silva
Lau
Slabbekoorn
Souren
Vrij
Demirci
Ottevanger
Wesselius
Zwarthoed
Florijn
Talen
Buitink
Hamminga
Knaap
Rijs
Schoone
Brussee
Ippel
Jama
Reintjes
Teeuw
Ariëns
Grob
Heijligers
Hulzebos
Nicolaas
Proost
Roza
Dorland
Grobben
Kanhai
Lommen
Rietbergen
Çakir
Sebregts
Graafland
Talens
Barendrecht
Geuze
Hamming
Hofs
Karaca
Mom
Schop
Waaijer
Kapitein
Reniers
Veenema
Verbraak
Vosters
Can
Dubbeld
Elfrink
Hammink
Jorissen
Philippo
Wilting
Dees
Gras
Kappen
Meppelink
Verbiest
Vloet
Westbroek
Hopstaken
Kuypers
Willemen
Attema
Bakhuis
Blankers
Keskin
Pots
Pullen
Veenhuizen
Wijnbergen
Bours
Duindam
Wigman
Kerssens
Olthuis
Breur
Meerkerk
Veth
Heller
Siemerink
Folkertsma
Sparreboom
Berk
Bogerd
Veer
Busser
Cazemier
Parlevliet
Akerboom
Eefting
Hanekamp
Joling
Kamerman
Verheggen
Bongaerts
Kuit
Leistra
Maliepaard
Neijenhuis
Pors
Driesen
Fluit
Kamerbeek
Buikema
Munnik
Mohammed
Nelis
Nieborg
Klerkx
Oosterkamp
Wouterse
Dautzenberg
Rijpma
Scheepens
Tulp
Bosboom
Orsel
Pelle
Schaper
Sommer
Wijnsma
Hansma
Lekkerkerker
Wieland
Augustijn
Bloemhof
Aalberts
Bakkenes
Denekamp
Eijkenboom
Heikamp
Kreuger
Linger
Rorije
Schapendonk
Wijngaarden
Boxem
Danen
Deijkers
Dielissen
Groos
Harder
Krouwel
Rietberg
Uzun
Aardema
Bomhof
Hiddink
Roelands
Winklaar
Bonhof
Holland
Schilperoort
Piersma
Sardjoe
Staring
Streng
Veerkamp
Wezenberg
Boschma
Francke
Lopes
Neve
Peerdeman
Teunisse
Vroon
Peper
Koppenol
Nieuwkoop
Cairo
Elbertsen
Hillen
Kossen
Langelaar
Moesker
Robijn
Vroemen
Wijngaard
Al
Boertien
Kwakernaak
Verkuijl
Wammes
Diederen
Ettema
Lanser
Offerman
Scheepstra
Senders
Voskuil
Gijsberts
Groenhof
Hilberink
Knegt
Beeren
Mengerink
Rol
Rozendal
Schell
Bokhorst
Hoogvliet
Korpershoek
Lie
Ploegmakers
Rommens
Schoots
Sprenkels
Huang
Kalter
Walhout
Folkerts
Heus
Lauwers
Meij
Mossel
Tillema
Erdogan
Loukili
Nieuwpoort
Zaaijer
Huijgens
Lansbergen
Louwes
Machielse
Nieuwenhuijs
Reuvekamp
Schrik
Sprong
Stehouwer
Tekin
Veninga
Wientjes
Boesveld
Heerink
Jacobsen
Michel
Ramlal
Schultz
Sikkens
Spanjers
Yavuz
Zoer
Berben
Jannink
Numan
Romme
Hilbrands
Kerkvliet
Overkamp
Quint
Rutte
Verveer
Berentsen
Gilissen
Zwaneveld
Beljaars
Cobben
Faasse
Nabuurs
Sambo
Vrancken
Bovens
Coskun
Cremer
Jagersma
Karman
Melissen
Oosterloo
Flapper
Kleijnen
Takken
Fontijn
Arentsen
Bastiaanse
Dijksterhuis
Haakman
Horsman
Hovius
Karel
Koolmees
Tegelaar
Waardenburg
Beunk
Hijmans
Ruesink
Schillemans
Verboon
Vervoorn
Walters
Withaar
Heikoop
Provoost
Bekhuis
Buma
Elings
Jenniskens
Keij
Pruis
Vredeveld
Selten
Stijnen
Boekhorst
Boschman
Eggens
Kooman
Korten
Sikkes
Wennink
Yalçin
Elders
Roose
Zwiep
Beerepoot
Bliek
Dijkhof
Westerdijk
Deelstra
Hellings
Janzen
Niks
Arendse
Baaijens
Bastiaan
Bosker
Feller
Groenland
Kokke
Rijnen
Vermue
Wijnberg
Bruning
Fokke
Siebelink
Stolp
Biharie
Kaan
Vlaming
Bakermans
Brakenhoff
Klappe
Maljaars
Oort
Stobbe
Herben
Reitsema
Rikkers
Slappendel
Sprenger
Huiting
Pen
Rutjens
Slagboom
Sterkenburg
Swarts
Velders
Vianen
Bodewes
Hogenbirk
Kluin
Köse
Nielen
Verdoorn
Warmenhoven
Wijnja
Dogan
Immerzeel
Sturkenboom
Theeuwen
Wels
Westerhout
Hartkamp
Sijben
Snellen
Baggen
Does
Eijkemans
Folmer
Bond
Flikweert
Zuijderwijk
Aktas
Kienhuis
Monteiro
Overdevest
Schel
Westhoff
Assen
Hammer
Korstanje
Nolten
Weij
Debets
Dijkers
Gaal
Hellinga
Avci
Berens
Bijman
Heijman
Henzen
Rasenberg
Stubbe
Brummel
Oortwijn
Storms
Uysal
Flierman
Lieftink
Luteijn
Moen
Braber
Dolstra
Geboers
Goeree
Pullens
Ribbers
Blokdijk
Hielkema
Kaper
Lankhorst
Badal
Berkvens
Colenbrander
Douven
Gjaltema
Jasperse
Piet
Scherpenisse
Dikken
Leenstra
Nieuwendijk
Oldenhof
Pietersz
Scholing
Wisselink
Bernard
Bozkurt
Brandwijk
Hoeijmakers
Niesten
Roeland
Annema
Bruintjes
Burggraaff
Dorenbos
Gijsbertsen
Leliveld
Ponsen
Slump
Vroege
Hulsebos
Meulmeester
Nab
Reurink
Roelse
Kwak
Leeman
Arnoldus
Hogeboom
Jordens
Pul
Scherpenzeel
Sinnige
Ubachs
Boogert
Kapteijn
Kleijwegt
Olijve
Schrader
Sijmons
Tempel
Bolink
Brugge
Munsters
Notermans
Ouwendijk
Haitsma
Hogewoning
Kalkhoven
Koerhuis
Noordhuis
Ramos
Roth
Weiss
Abbas
Dielemans
Massop
Schelvis
Gooijer
Gulikers
Hendricks
IJntema
Kroesen
Lambrechts
Oosten
Steijvers
Verhoeks
Burhenne
Egbers
Goedegebuure
Hazelaar
Heideman
Hoksbergen
Maters
Dorsman
Stol
Wensveen
Akin
Boudewijns
Davidse
Engelsman
Kappers
IJtsma
Kerkhofs
Özer
Borghuis
Elgersma
Heutink
Kastelijn
Maasland
Wortelboer
Havenaar
Horstink
Koedijk
Meerveld
Pasveer
Rispens
Beun
Bijvoet
Bik
Kosterman
Malik
Roberts
Schoonbeek
Atsma
Baarda
Bergers
Zuidgeest
Dorrestijn
Hartmann
Korporaal
Modderkolk
Schuurbiers
Venhuizen
Heesters
Jeuken
Neefjes
Rijnbeek
Vosselman
Diender
Hannink
Jordaan
Raaphorst
Rebergen
Sital
Verbree
Vlietstra
Brus
Ermers
Hooghiemstra
Houtepen
Kraal
Pellikaan
Remijn
Sietsma
Smeulders
Strijk
Feitsma
Hurkens
Leek
Maria
Schalken
Tops
Braams
Holla
Jacobi
Kruse
Ng
Aziz
Blaas
Gerritzen
Koornneef
Lamboo
Muskens
Onrust
Zonnenberg
Burema
Enthoven
Frencken
Kolenbrander
Schoofs
Vork
Demirel
Geldof
Hakkers
Heere
Kamerling
Sips
Thuis
Veldhuijzen
Bootsman
Henriquez
Knubben
Rooijackers
Roozeboom
Steijger
Tersteeg
Wansink
Branderhorst
Hereijgers
Janga
Levering
Liebrand
Naaktgeboren
Onderstal
Benning
Brinkhof
Leijtens
Nooteboom
Schijf
Stoof
Vliegen
Chang
Dries
Grandia
Hoven
Kneepkens
Matthijsse
Aantjes
Agema
Hartemink
Karim
Artz
Bekkering
Coopmans
Egberink
Hooi
Lagerwaard
Steentjes
Stoter
Bremmers
Drijfhout
Fuchs
Okken
Peijnenburg
Spelt
Wiltink
Bank
Bosters
Kreuk
Withagen
Bangma
Boersen
Christiaanse
Geene
Havelaar
Köhler
Nikkels
Harthoorn
Bosgraaf
Eekhof
Ellenbroek
Gieling
Knip
Oenema
Smaal
Vermolen
Westera
Berrevoets
Duran
Halma
Neeleman
Stolte
Zuidam
Bast
Dietz
Giebels
Goorden
Hoogveld
Koppelman
Odekerken
Walda
Dijkslag
Geerman
Güler
Hack
Rijnsburger
Stork
Vesters
Sen
Aarnoudse
Baeten
Bloks
Castricum
Elst
Evenhuis
Hochstenbach
Huijzer
Klerk
Snoep
Spits
Tjepkema
Dolmans
Groothedde
Klein Gunnewiek
Lubberts
Niezen
Spier
Ellens
Hietbrink
Hulsebosch
Kalf
Koldenhof
Aksoy
Karremans
Kornet
Krans
Schakel
Verhallen
Belder
Meeuwis
Pons
Soekhoe
Vluggen
Huis
Kuil
Pinkster
Rinsma
Rottier
Trouwborst
Dane
Dijkmans
Evertse
Toering
Baten
Savelkoul
Doodeman
Grooters
Hoiting
Turan
Günes
Schuller
Brinksma
Popma
Theunisse
Beemster
Langelaan
Leeuwis
Maarse
Narain
Potze
Termaat
Beute
Braakhuis
Devilee
Linnenbank
Lutgens
Stultiens
Wielink
Demmers
Duijst
Engberts
Fernandes
Paalvast
Becks
Crooijmans
Doek
Hassink
Hoogstad
Kistemaker
Kloosterboer
Kolthof
Lek
Lim
Moorlag
Pisters
Chung
Hoogenraad
Kap
Meulenkamp
Nuijens
Offringa
Pijlman
Ridderhof
Steketee
Verdoes
Wolvers
Bakelaar
Bijnen
Duijzer
Duivenvoorde
Eikenaar
Mik
Vendrig
Achten
Bas
Bolle
Deinum
Eveleens
Koedam
Ophof
Overman
Stokvis
Wattimena
Bergen
Broerse
Oostdam
Tiemessen
Zomerdijk
Ahmadi
Delissen
Hagoort
Raben
Bezuijen
Croese
Lamme
Langbroek
Oosterveer
Schraa
Selles
Swaans
Takens
Tervoort
Vrijenhoek
Bultman
Hazebroek
Jutte
Weerman
Daal
Hertog
Hovestad
Minnaard
Mollen
Slinger
Verkuil
Wilschut
Doornekamp
Klamer
Nijsen
Overgaauw
Paulusma
Pengel
Romein
Sier
Baauw
Berendse
Blommaert
Dorgelo
Esajas
Koppe
Looijmans
Nieuwenhuijse
Paffen
Weijman
Brummer
Cobussen
Daanen
Looije
Petter
Riphagen
Sleurink
Wopereis
Boesten
Bunnik
Haandrikman
Houtzager
Jeuring
Neven
Nillesen
Pluimers
Sijbers
Stals
Zhou
Dams
Lichtenberg
Loohuis
Meeusen
Petit
Wallenburg
Acar
Berkenbosch
Juffermans
Mouwen
Reuser
Stapper
Tahiri
Vrieze
Bonthuis
Dommerholt
Hakkert
Halsema
Kuenen
Leermakers
Popken
Vlemmix
Bontje
Croonen
Feringa
Francken
Gritter
Huisjes
Lenselink
Riedijk
Roumen
Smal
Steijns
Vels
Luijken
Neervoort
Stellingwerf
Verhelst
Vingerhoets
Çiçek
Breure
Bruls
Fontein
Jacobse
Millenaar
Peels
Rijneveld
Vrijhof
Westrik
Dogger
Hollenberg
Kwast
Mohan
Andela
Brongers
Hoogenberg
Waterman
Weggemans
Dalhuisen
Doomen
Gelens
Hollanders
Martinus
Mooibroek
Rodrigues
Teunis
Verspaget
Bastings
Berenschot
Boudewijn
Keulers
Kobes
Neggers
Vijn
Bender
Cicilia
Hoevers
Schilstra
Vellema
Willemstein
Arntz
Breuker
Duijkers
Emons
Möller
Sommers
Yang
Gerdes
Hagenbeek
Hulshoff
Koffeman
Rodenhuis
Tuk
Filius
Lievaart
Pap
Boons
Iedema
Joseph
Moerkerken
Piket
Tuijp
Alsemgeest
Geels
Honig
Honkoop
Pothof
Akse
Bergwerff
Boogers
Dorresteijn
Grave
Mikkers
Zeinstra
Bontenbal
Coenraad
Curfs
Epskamp
Holtslag
Hospers
Klaasse
Mijnheer
Mullenders
Rienks
Soetens
Titulaer
Abbing
Bek
Dobbe
Duijvestijn
Hoornweg
Kodde
Rasing
Roode
Rooze
Verwey
Dortmans
Faro
Gootjes
Knijn
Schoo
Schuuring
Woltjer
Zwijnenberg
Hafkamp
Hesen
Keuter
Loeve
Staps
Steggink
Sterenborg
Wils
Wullems
Kloek
Kooy
Middelburg
Robert
Sauer
Soons
Vuik
Alofs
Boldewijn
Duijf
Kluft
Mangal
Rink
Sweers
Wijnker
Yusuf
Bentvelzen
Boshuizen
Duiker
Kuiters
Onink
Peulen
Kan
Lantinga
Neelen
Orie
Snoeij
Tijink
Amin
Dominicus
Onstenk
Reinink
Spin
Verboven
Backus
Buijze
Harte
Hettema
Mosselman
Ordelman
Peterson
Roerdink
Stoffelen
Vierhout
Aaldering
Krommenhoek
Laurens
Mevissen
Moor
Oude Nijhuis
Schoonenberg
Vreeman
Boekel
Braak
Hommel
Koppens
Verrips
Boedhoe
Gillissen
Makkinga
Abdoel
Berkelaar
Heiligers
Koemans
Voesenek
Zandee
Buunk
Hoftijzer
Kragten
Lebbink
Overgoor
Remie
Grimbergen
Hengst
Lagarde
Oostvogels
Ris
Schra
Bossink
Gül
Heijs
Huijskens
Kollen
Schäfer
Stolker
Walet
Westeneng
Doedens
Mouw
Regelink
Venekamp
Viveen
Bolier
Daems
Hagenaar
Oussoren
Tigelaar
Vlastuin
Westmaas
Heidema
Kolijn
Kuijvenhoven
Meems
Mollink
Pape
Rosendaal
Verschure
Yasar
Zijl
Balder
Beij
Christ
Compagner
Kras
Leijs
Ramkhelawan
Schilt
Schoeman
Bakema
Berkelmans
Burghout
Geleijnse
Jongeling
Lock
Munneke
Pereboom
Punter
Vriezen
Zoutendijk
Barth
Bottema
Cijntje
Johannes
Kerklaan
Kievits
Luimes
Oosterbeek
Rengers
Bijen
Kraaijvanger
Kuijl
Putters
Robbers
Starink
Vriesema
Antonis
Baar
Benard
Brak
Haarhuis
Kramers
Krijt
Noor
Rooks
Rotman
Smids
Graumans
Greveling
Laumen
Mansveld
Ritmeester
Roelvink
Volders
Damman
Franzen
Hurenkamp
Langendijk
Prince
Schoute
Bontekoe
Buur
Geerligs
Melissant
Pothoven
Steltenpool
Ballast
Hein
Holt
Kemmeren
Konst
Kroonen
Mons
Ong
Pont
Radstake
Roeters
Vogt
Wijn
Hartmans
Jung
Koppejan
Leeuwenburgh
Meindertsma
Schuman
Steenwijk
Winkelmolen
Best
Bosselaar
Hofste
Roelen
Wassing
Weekers
Dekens
Essink
Grootjans
Kuijf
Scholman
Wattel
Euser
Goede
Klijnsma
Kosse
Simonse
Suijker
Thoonen
Ubbink
Vankan
Wiertz
Baartmans
Broeks
Coomans
Dobbelaar
Genç
Goudzwaard
Noordegraaf
Pasterkamp
Redeker
Vergunst
Boswinkel
Doets
Eversdijk
Langereis
Leemhuis
Schoonbrood
Aarnink
Benali
Eppink
Holthuijsen
Marcelis
Rampersad
Rozenberg
Saleh
Telkamp
Vriends
Willekes
Bervoets
Heeremans
Lageveen
Widdershoven
Leurink
Saes
Schavemaker
Welles
Abdullah
Altun
Castelein
Doddema
Hoedemakers
Kaak
Pieterman
Schievink
Toebes
Vestjens
Wijnstra
Flipsen
Kroos
Kuilman
Lapré
Meijdam
Pennekamp
Remkes
Sneep
Starrenburg
Stroeve
Zwaagstra
Didden
Helderman
Meilink
Mijnders
Planken
Regterschot
Regtop
Sloos
Vliegenthart
Volmer
Ederveen
Geel
Griep
Klumper
Augustinus
Boks
Cordes
Galama
Gruppen
Luijks
Rijnberg
Steenman
Beekers
Betten
Hoekzema
Houwers
Langstraat
Nijeboer
Schaeffer
Schouwenaar
Tsang
Vlasveld
Wilhelm
Deniz
Kempe
Klasen
Kramp
Mandemaker
Marchal
Nagelkerke
Prent
Stroop
Tjoelker
Verharen
Ypma
Bartelink
Güngör
Kreukniet
Langhout
Noij
Petri
Reijntjes
Rodriguez
Snepvangers
Stroet
Tensen
Verhaaf
Balvers
Bokkers
Hamberg
Hanemaaijer
Meeuwisse
Noten
Rosenberg
Vincent
Çinar
Berkel
Hameleers
Nouws
Pieterson
Raja
Römer
Soeteman
Veerbeek
Wagenvoort
Alderliesten
Ankersmit
Holthuis
Jonas
Louws
Peetoom
Rijpstra
Stomphorst
Verdult
Goeman
Graafmans
Huismans
Huynh
Pijls
Stavenuiter
Tazelaar
Boltjes
Bouwknegt
Bruinink
Heijmen
Houterman
Kruijswijk
Pereira
Stappers
Akbulut
Heine
Jagroep
Letteboer
Regeling
Scheltens
Smilde
Veenhuis
Verdouw
Corstjens
Hamersma
Kleuskens
Kobus
Koornstra
Oei
Roijen
Stavast
Strikwerda
Booms
Middag
Nieuwenhuize
Nijsse
Biermans
Breen
Hornstra
Meijvogel
Pijnappels
Scheepmaker
Schouwenaars
Seijkens
Steenkamp
Alexander
Aukema
Epping
Fortes
Homburg
Kerssies
Renting
Sabajo
Salemink
Sharif
Westerduin
Woortman
Frieling
Gremmen
Katuin
Piepers
Westgeest
Bertram
Bulder
Drenthen
Karelse
Koppenaal
Krook
Lunenborg
Nuis
Rijkeboer
Schrage
Stiekema
Stuijt
Vree
Duineveld
Gosselink
Houtsma
Kemna
Prenger
Pruijmboom
Wortman
Arets
Balemans
Bults
Joziasse
Krikken
Luijsterburg
Mooi
Binda
Goverde
Leenhouts
Meessen
Platje
Plooij
Bourgonje
Faessen
Jalving
Lankhaar
Noordhof
Poll
Sander
Schriek
Stal
Traa
Beer
Houtkamp
Kasmi
Manuel
Maring
Simmelink
Termeer
Westerhoff
Zeldenrust
Blankendaal
Houwer
Leendertse
Pander
Pasmans
Pleijsier
Verspeek
Gajadhar
Glorie
Hubert
Hummelink
Kuitert
Min
Wolfert
Brummelhuis
Hersbach
Hollestelle
Rietkerk
Schat
Spooren
Stoppelenburg
Dreijer
Hup
Klasens
Kruiswijk
The
Vincken
Zeelen
Bergs
Kraaijenbrink
Boshoven
Bruens
Dobber
Goessens
Hagendoorn
Klip
Kuijken
Nieuwenhuijsen
Dorssers
Eland
Geutjes
Hermanns
Hoogwerf
Jongepier
Lankamp
Middelkamp
Oudijk
Sanderse
Snels
Velema
Verbaas
Weijenberg
Wielenga
Zegwaard
Breeman
Dirkse
Gelderman
Habing
Hofhuis
Janszen
Kerver
Moerenhout
Schriemer
Star
Zeelenberg
Flokstra
Kampert
Mussche
Quartel
Smans
Tettero
Bronsema
Dieters
Fernhout
Guldemond
Kerckhoffs
Lautenbach
Molleman
Overmeer
Polder
Schrijen
Schulten
Sijstermans
Vreman
Zuidhof
Diepenbroek
Domburg
Lokker
Rus
Starreveld
Tas
Versantvoort
Altenburg
Buskens
Eilers
Knobbe
Sipma
Smaling
Wagensveld
Walravens
Heuver
Makkink
Mestrom
Teerink
Vleeshouwers
Berghout
Fekkes
Jägers
Tamboer
Vlijm
Ardon
Bloemsma
Derkx
Dreessen
Kamsteeg
Luijben
Reijm
Tillemans
Witvoet
Diependaal
Oostenbrink
Richters
Greuter
Keppel
Mensinga
Pijnacker
Pleiter
Ziani
Bles
Bomers
Brakel
Hartevelt
Hoogmoed
Klap
Pepels
Smorenburg
Wijkstra
Boonstoppel
Herweijer
Lafeber
Ooijevaar
Peet
Russchen
Stuifzand
Aukes
Cozijnsen
Eelman
Hogeweg
Keizers
Lugtenburg
Lugthart
Marijs
Ottenhof
Sluimer
Speijer
Wingelaar
Zagers
Zwaal
Bavelaar
Droste
Hubregtse
Jongstra
Kaddouri
Koorevaar
Messemaker
Moed
Overtoom
Overwater
Poortinga
Rooijmans
Solleveld
Stronks
Verschueren
Warners
Wassenberg
Banning
Blomsma
Fijneman
Geschiere
Karels
Kelders
Koele
Kouters
Straub
Vissenberg
Baartman
Bunk
Erdem
Heil
Kouwen
Kruidhof
Mensing
Mutlu
Wijnholds
Worst
Embregts
Gans
Heemstra
Nobbe
Pieter
Reijmer
Severijns
Voorhorst
Wagenmakers
Welters
Wemmenhove
Westerik
Biersteker
Jalink
Lenferink
Menke
Niewold
Philippi
Rietjens
Vennix
Geijtenbeek
Jongeneelen
Linschoten
Mud
Sikma
Stegenga
Urlings
Badloe
Berden
Brander
Dolfing
Harinck
Hartsuiker
Hazekamp
Hunting
IJkema
Kuijsten
Odink
Voois
Boode
Bosschaart
Burg
Drogt
Faes
Frijlink
Hazewinkel
Jumelet
Kapteijns
Knoppert
Koehorst
Kruitbosch
Vennik
Wieggers
Booi
Keunen
Kil
Kleij
Nierop
Nijenkamp
Nota
Polinder
Reijmers
Tadema
Zaat
Ates
Bazen
Bogaerts
Dijksma
Graveland
Hanse
Keijer
Lute
Luten
Regeer
Reijn
Reimert
Verdam
Gaastra
Glerum
Krens
Mohamud
Perdok
Pomp
Roukema
Schneiders
Trompetter
Worm
Berghorst
Bogaards
Corsten
Crombach
Finke
Flach
Francisca
Harleman
Hoogstra
Klepper
Koel
Nabben
Oomes
Pepers
Slenders
Stinissen
Tijsen
Wilts
Borkent
Kaur
Kniest
Kwee
Meeuws
Rietbroek
Samuels
Buijk
Egging
Hess
Kruidenier
Leus
Rijkse
Roels
Sep
Tuit
Weustink
Windt
Boekema
Dros
Kaiser
Koetje
Konijnenberg
Olie
Otterspeer
Priester
Steneker
Vermaning
Adriaens
Duijts
Emans
Fledderus
Heusinkveld
Nies
Ramadhin
Schulz
Wilmsen
Ansink
Bonnet
Dissel
Koppert
Mekking
Nass
Nieuwhof
Rave
Salhi
Aarsen
Butt
Erens
Groenevelt
Harink
Horlings
Kalk
Laarhoven
Luchies
Meuldijk
Wagter
Baarslag
Backer
Haasjes
Keurentjes
Kling
Kruijssen
Kruk
Lier
Nijstad
Pasma
Putter
Schoot
Schriever
Talhaoui
Wensing
Aussems
Beije
Buitenkamp
Galema
Graus
Hagemeijer
Nuiten
Ottink
Rotgans
Schonenberg
Sip
Sportel
Starke
Verkaart
Winkelhorst
Alberto
Beaumont
Bolwerk
Harmelink
Heijnis
Hogenes
Krabbe
Mager
Planting
Ploum
Rijlaarsdam
Risseeuw
Siepel
Sikking
Boor
Hahn
Hertogs
Leijenaar
Luijk
Moree
Nuijen
Slagman
Weijts
Botermans
Krabbendam
Oosterink
Quik
Rodermond
Spronck
Steinbach
Strootman
Swartjes
Eussen
Heerema
Heldoorn
Klabbers
Ververs
Visschedijk
Wulms
Zandvoort
Bergervoet
Bonestroo
Burgmeijer
Doeleman
Isenia
Kleingeld
Kneppers
Kompier
Kros
Leung
Muskee
Nooijens
Nuij
Plasmans
Salman
Segeren
Viergever
Buskermolen
Faasen
Kol
Magielse
Neele
Olij
Rust
Salverda
Treurniet
Veldhoven
Vendel
Verdel
Anderson
Haaijer
Helmer
Hermkens
Jongejans
Kes
Landa
Mensah
Mooiweer
Noorland
Rehorst
Rolink
Rozemeijer
Schijven
Schouwstra
Sönmez
Xhofleer
Zwartjes
Aydemir
Bats
Blankenstein
Brunink
Driehuis
Haverkate
Heinhuis
Hek
Heslinga
Kamer
Lubben
Medendorp
Mets
Middeldorp
Moons
Pellegrom
Perik
Ravestein
Verrijt
Wiegersma
Blankespoor
Eijsink
Hommersom
Imming
Marx
Munsterman
Ruiten
Suiker
Vermeule
Versnel
Vijfvinkel
Welgraven
Westers
Wismans
Zuurmond
Folkersma
Goedkoop
Groenestein
Hadders
Lageweg
Nederpelt
Sterenberg
Wagener
Wielders
Bayram
Bronk
Griekspoor
Hempenius
Koelemeijer
Spithoven
Verhappen
Zuijderduijn
Dieteren
Mulkens
Zieleman
Bais
Gerits
Jansens
Kosten
Loof
Pardoel
Philipse
Rupert
Sarikaya
Bonekamp
Donderwinkel
Gast
Jousma
Pilon
Rosenbrand
Steehouwer
Tiggelman
Tjeerdsma
Briels
Hovinga
Kasteel
Kumar
Mok
Moraal
Pfaff
Polet
Thiel
Abrahamse
Degeling
Donkervoort
Gooren
Heidstra
Knijff
Kortman
Mac Donald
Stemerdink
Terhorst
Tinga
Vergoossen
Hovenkamp
Korthuis
Laanstra
Tijsma
Woldhuis
Bolks
Brussaard
Hollaar
Huiskens
Koren
Krop
Lima
Prevoo
Prummel
Ruisch
Sap
Schellens
Smeele
Wigger
Wijnants
Dietvorst
Goddijn
Hofsink
Hoogakker
Hulsbosch
Kelly
König
Schuringa
Snoeks
Verberkt
Zwaans
Braas
Ellen
Honcoop
Huinink
Krebbers
Langens
Olislagers
Rashid
Steendam
Steunenberg
Tuinenburg
Verdegaal
Verploegen
Verstijnen
Westerkamp
Wieman
Wittebrood
Boekestijn
Grondman
Haisma
Held
Hoogerbrugge
Kardol
Liefhebber
Nederstigt
Niesing
Pelt
Schopman
Weidema
Broekmans
Caron
Dröge
Holster
Kalis
Kleefstra
Lambert
Leijnse
Lolkema
Luth
Patty
Rijntjes
Robbe
Schiks
Schilperoord
Schroevers
Stet
Theuws
Bastiaens
Boekhoudt
Coppoolse
Erven
Gout
Gunnink
Hartlief
Pekel
Princen
Puijk
Romp
Smedts
Çakmak
Boels
Denkers
Ebbing
Garcia
Grolleman
Handgraaf
Hoogenkamp
Hooijschuur
Jak
Knaapen
Kortland
Veltrop
Vervaart
Wienk
Winkens
Wirken
Balkema
Bertrand
Disseldorp
Doerga
Engelbertink
Havekes
Haver
Houwing
James
Ludwig
Maarschalkerweerd
Willigenburg
Boelhouwers
Clerx
Couperus
Gabriëls
Lahaije
Link
Lub
Schwarz
Slijkerman
Tiemersma
Verwaaijen
Vromen
Bossenbroek
Daoudi
Dibbets
Dronkers
Ekkelenkamp
Hagendijk
Horvers
Lentink
Leppink
Messing
Moerkens
Oppers
Piqué
Schwartz
Sessink
Stadhouders
Trouw
Wols
Ye
Zee
Bernards
Bil
Bruijnen
Crum
Engelberts
Entius
Freriksen
Grift
Hoevenaar
Reijenga
Ronde
Taekema
Thewissen
Tosun
Veldwijk
Verburgt
Westhuis
Böhm
Gardien
Hardenbol
Kabel
Krabben
Lai
Leito
Lobbezoo
Manten
Merx
Meulenbroeks
Nieuwdorp
Pigmans
Roesink
Somsen
Stalman
Temming
Abdullahi
Ariaans
Beishuizen
Elling
Flohr
Helmus
Hennink
Lagerwerf
Lindner
List
Mosch
Noom
Padmos
Slobbe
Sok
Stelling
Balm
Bies
Bruijnes
Coppelmans
Dingenouts
Guichelaar
Hulsen
Jordan
Liefers
Murre
Obbink
Ramdas
Scholtz
Spenkelink
Stoelinga
Tissen
Walker
Zantinge
Zheng
Beld
Boogerd
Fritz
Grim
Gumbs
Hoebe
Hölscher
Langezaal
Meerdink
Metin
Moerkerk
Moleman
Pathuis
Silvius
Beker
Breugem
Haagen
Henskens
Hermse
Kamping
Kuijstermans
Lamain
Laven
Luik
Schellings
Slotman
Verkroost
Beerendonk
Brandts
Breukelman
Lunenburg
Markerink
Nout
Slikker
Speek
Stravers
Tienstra
Vaassen
Bhoelai
Bruinewoud
Donselaar
Fonteijn
Kruijs
Kuis
Lever
Mijnals
Perquin
Piest
Selder
Stokkel
Wentzel
Wiegerinck
Yuen
Elmi
Grootscholten
Hamel
Henkes
IJsseldijk
Koolhof
Oelen
Offenberg
Poorthuis
Vroegh
Beldman
Bhageloe
Claes
Dinnissen
Hamoen
Klaren
Klompenhouwer
Leppers
Looijenga
Reijerse
Sweep
Warringa
Wassen
Beugelink
Bolleboom
Bosscha
Bruggeling
Curvers
Dirkzwager
Duijs
Fase
Gardenier
Hilbrink
Hoefman
Kogelman
Savelkouls
Schout
Streefland
Wille
Woltman
Boek
Boiten
Delgado
Flink
Heuvel
Hoogerdijk
Klinge
Rouwhorst
Vlek
Warsame
Çoban
Breman
Damsma
Maan
Schuilenburg
Bergevoet
Diallo
Kortlever
Nix
Oele
Spitters
Tibben
Tijs
Verlinde
Wolswijk
Gielens
Greidanus
Hardy
Heijblom
Heskes
Kulk
Lemaire
Levels
Maurits
Sollie
Tolenaars
Wijngaarde
Bierings
Derix
Heres
Houtenbos
Hoveling
Koeiman
Macnack
Munster
Ockeloen
Ossel
Oudman
Pak
Rinkel
Tunç
Bennis
Boomkamp
Breider
Busschers
Elskamp
Esmeijer
Hoezen
Middeljans
Nederpel
Selier
Turkenburg
Verleg
Wempe
Böhmer
Elting
Gopal
IJzermans
Lommerse
Nieuwenhuijzen
Nooren
Oppelaar
Rahman
Selhorst
Slabbers
Stek
Wissing
Azizi
Bijvank
Dantuma
Ernest
Felter
Gravesteijn
Helleman
Hilgersom
Huttinga
Joore
Landzaat
Milder
Norbart
Snoeck
Wallet
Waninge
Cleven
Dierx
Eren
Leuverink
Lubbersen
Melkert
Saidi
Stoeten
Ahlers
Bens
Boss
Galesloot
Gerding
Harskamp
Horbach
Korbee
Thiele
Vaandrager
Veltmaat
Vliek
Bahadoer
Broeke
Huntink
Ronner
Schmeitz
Sijbrandij
Thoen
Trommel
Veenvliet
Veugelers
Vleeming
Wennekers
Aafjes
Bartholomeus
Boerhof
Boermans
Bogaert
Fredriks
Golsteijn
Kaijser
Kokx
Krabbenborg
Loenen
Mahieu
Okkerse
Petiet
Seip
Verdoold
Wielens
Akker
Boel
Bossers
Dalebout
Dallinga
Groenwold
Hekkert
Hesse
Lof
Manshanden
Melgers
Metsemakers
Rem
Ribbink
Segaar
Speetjens
Tamis
Bevelander
Box
Dikkers
Doeve
Heessels
Kiezebrink
Kunnen
Lardinois
Lohman
Remmelzwaal
Smeenge
Soares
Steens
Vervloet
Wiltjer
Broertjes
Eimers
Fung
Jongedijk
Lamberink
Spoelder
Veldstra
Weiland
Bloemert
Bouwers
Dahmen
Fleur
Göbel
Kuppen
Leushuis
Soepboer
Stegehuis
Beverdam
Bredewold
Brussen
Crielaard
Dannenberg
Degens
Doornkamp
Kronenburg
Marissen
Oudendijk
Oving
Plantenga
Schurer
Teekens
Versteege
Vlasman
Wienen
Beemer
Breeuwer
Bruurs
Eekhout
Hanoeman
Jonkergouw
Koolman
Kwantes
Leegstra
Maijer
Nieuweboer
Roeffen
Schenkels
Schets
Schotsman
Stark
Straten
Vleugel
Drop
Edel
Haverhoek
Hilberts
Hille
Latour
Oudhuis
Procee
Spinder
Ulrich
Verkoelen
Wiegmans
Zweekhorst
Cooijmans
Elissen
Haalboom
Hilferink
Jol
Kager
Klompmaker
Kooter
Nieuwkerk
Nieuwlaat
Quaak
Roemer
Sanches
Schellen
Snoei
Streppel
Alkan
Asselman
Baldew
Cloosterman
Gringhuis
Luitjes
Marchena
Meinsma
Ritsma
Ruhe
Veuger
Vreuls
Albayrak
Albrecht
Bader
Collet
Corten
Drenthe
Goemans
Jilesen
Kalisvaart
Kalpoe
Kindt
Loosman
Meijnen
Noordenbos
Ravenhorst
Reijs
Ruiterkamp
Slijpen
Truijen
Wilke
Zantingh
Adelaar
Bergkamp
Beverwijk
Gouweleeuw
Huitink
Khalil
Koopal
Legerstee
Luinge
Poland
Siderius
Spel
Wolting
Zwemmer
Öz
Bisseling
Dix
Grooteman
Koehoorn
Lievense
Melse
Olieman
Oostland
Platenkamp
Toes
Wiedijk
Wittebol
Bogaers
Ekkelboom
Feij
Feiken
Hogenberg
Kentie
Kicken
Koevoet
Menkveld
Moers
Niemantsverdriet
Radder
Rustenburg
Tuenter
Vlaskamp
Aardenburg
Bonder
Bonten
Dumont
Ganpat
Godding
Hazelhoff
Hoofs
Johnson
Kregting
Lentz
Noordeloos
Stokkermans
Versleijen
Wildenberg
Yücel
Bechan
Eeltink
Eggermont
Eisma
Gijbels
Greeve
Groffen
Klever
Knopper
Luttikhuis
Moeskops
Pluijmen
Schrooten
Slof
Swanenberg
Teske
Tijhof
Verouden
Vlieland
Waal
Wintermans
Algera
Beugels
Boll
Breukel
Graven
Hilderink
Keeris
Keuken
Pastoors
Ross
Straatsma
Walther
Zoutenbier
Albertus
Broekhoven
Grootenhuis
Hellendoorn
Isik
Leeftink
Mekenkamp
Beekhof
David
Doelman
Dongelmans
Harting
Hobo
Hoppenbrouwer
Mahmoud
Puister
Rosbergen
Severs
Thoma
Zoeteman
Altink
Bonke
Goorhuis
Henssen
Nellen
Nijzink
Steevens
Vester
Wormgoor
Anthony
Doggen
Dullaart
Eijkhout
Fennis
Fieret
Heerschop
Knulst
Linde
Scheeren
Siekman
Stoppels
Super
Theeuwes
Verwegen
Vledder
Zweep
Aygün
Bottenberg
Brabers
Hofma
Klerx
Kurstjens
Lancee
Lopez
Stegink
Tuithof
Woertman
Aalten
Balster
Biemond
Boertje
Goudsblom
Grevink
Haagmans
Hijman
Hofmann
Karabulut
Kösters
Lambooij
Moerdijk
Rougoor
Samsom
Smolenaers
Spil
Stokkers
Tramper
Wamelink
Wellink
Çetinkaya
Arnoldussen
Benjamin
Brommer
Elemans
Exterkate
Hols
Ince
Kapel
Kuijsters
Latupeirissa
Lewis
Oude Vrielink
Plasmeijer
Roosjen
Rosman
Schoof
School
Severens
Sneek
Uijl
Visker
Wijman
Zanders
Berntsen
Elberse
Fermont
Helmich
Hemmer
Hoegen
Korenhof
Pompe
Rijvers
Rip
Volker
Weerheim
Yu
Adrichem
Agricola
Arkenbout
Benedictus
Broekhuijsen
Harlaar
Hibma
Lem
Maarleveld
Olsman
Opmeer
Paijmans
Roosenboom
Stalenhoef
Wierstra
Wijmenga
Zwiggelaar
Budde
Diemel
Gerretsen
Hagemans
Kattenberg
Kint
Klopper
Kneefel
Kooreman
Kupers
Lust
Molhoek
Nefkens
Schoolderman
Vastenburg
Veeneman
Venneman
Volbeda
Walinga
Booijink
Daalder
Deij
Donners
Korthout
Laheij
Licht
Lokerse
Meulendijk
Nollen
Ruben
Schaapman
Suurland
Valks
Weijters
Wigmans
Bas
Bruins Slot
Burgmans
Edelman
Gök
Heesterbeek
Huijer
Kleijweg
Koenderink
Ott
Tobben
Treep
Willekens
Beijen
Bekema
Boog
Capelle
Choi
Coops
Ebbinge
Hulzebosch
Mooijer
Roodbol
Schuurs
Teurlings
Veenboer
Beijk
Berkouwer
Blanker
Chong
Crommentuijn
Gielis
Groenendal
Groot Koerkamp
Holstege
Hoogendorp
Klessens
Manuputty
Portengen
Renkens
Robbertsen
Sandee
Tuerlings
Walta
Wardenaar
Waterreus
Witvliet
Becht
Beumers
Brunt
Douw
Egelmeers
Gerssen
Heuvelink
Hoffmans
Hogenhout
Korteland
Mees
Mies
Olthoff
Pruijn
Pustjens
Sluijk
Staals
Tangelder
Tolkamp
Toxopeus
Wijntjes
Wolter
Bernadina
Bulsink
Doornink
Dotinga
Duim
Foekens
Lousberg
Nootenboom
Parren
Rijkens
Rodijk
Shah
Wendt
Afkir
Boef
Enting
Lacroix
Meeder
Neumann
Nolte
Olijslager
Ramjiawan
Slagmolen
Stokhof
Stolze
Waaijenberg
Aksu
Ester
Hoogewerf
Kolman
Langeweg
Mintjes
Pfeiffer
Ribberink
Trum
Vu
Appelhof
Borggreve
Brandon
Brock
Duijm
Dumoulin
Edwards
Ekinci
Habers
Lieshout
Mercera
Plet
Savenije
Schoones
Suk
Suurd
Verspuij
Vruggink
Wiegel
Wiendels
Zielman
Bronswijk
Eijkelenboom
Frings
Heusschen
Joppe
Jurjens
Keulemans
Koolwijk
Landstra
Paulina
Ramdin
Ronda
Sars
Tonnaer
Antonisse
Besemer
Bobeldijk
Brussé
Ceylan
Dubbink
Elfring
Exel
Geilen
Groothuizen
Hans
Hardenberg
Hatzmann
Huurdeman
Kamst
Kosman
Kracht
Pelders
Rikhof
Rockx
Rullens
Satter
Spijk
Spijkerboer
Brienen
Dillen
Haazen
Lindelauf
Louis
Nelisse
Postuma
Roobol
Slieker
Smeekens
Twisk
Wilkes
Woudsma
Bijster
Bruijs
Bui
Durieux
Haast
Hadderingh
Hoogduin
Kamper
Noppen
Reesink
Rosema
Westen
Çaliskan
Çolak
Abbenhuis
Bhaggoe
Leijdekkers
Middelbos
Nolet
Opheij
Poos
Rosenboom
Schlepers
Welman
Zoutman
Dijkhoff
Dijs
Foolen
Gill
Goorman
Hemme
Knevel
Koenraadt
Mauritz
Oude Luttikhuis
Penterman
Roestenburg
Webbink
Wiersum
Zoethout
Zuiderveld
Balci
Bex
Dors
Faaij
Geraerts
Karatas
Ringeling
Vercoulen
Werleman
Zandberg
Akyol
Blaauboer
Brooijmans
Clements
Dussel
Ekelmans
Ekici
Heutinck
Hobbelen
Riem
Schoormans
Siersema
Sies
Spapens
Stakenburg
Taks
Tip
Vijfhuizen
Windhorst
Yeung
Çiftçi
Akdeniz
Bierma
Derikx
Dormans
Eijpe
Eisinga
Fieten
Lemans
Loo
Meekel
Meerts
Melsen
Ossenblok
Scholts
Spieker
Veenhoven
Veldhuisen
Wijngaards
Aden
Boosten
Brandes
Breeuwsma
Broeder
Epema
Hoekema
Jahangier
Keereweer
Kommer
Krekels
Lukkien
Mennink
Noya
Pluijm
Poeran
Raes
Trompert
Achahbar
Bakels
Bonnes
Bouts
Driesse
Drissen
Henneman
Hooijmaijers
Jacob
Koenis
Mondria
Rath
Schevers
Weghorst
Wesselman
Özçelik
Ankone
Bogaart
Bolte
Holst
Karst
Keurhorst
Knoben
Lamens
Limmen
Manschot
Menheere
Meulenbelt
Nissen
Owusu
Barink
Bosgoed
Dusseljee
Egas
Ganesh
Haakma
Havik
Kisjes
Knigge
Kooper
Kuizenga
Paus
Reinsma
Sala
Schetters
Schillings
Steins
Stelwagen
Tiekstra
Tjon
Uithol
Vrieswijk
Wobbes
Corver
Drummen
Eekels
Eijkelkamp
Frantzen
Hanna
Haze
Hertogh
Hijdra
Hoitink
Hupkes
Kaptijn
Kleijne
Onstein
Ranzijn
Ratering
Roodbeen
Roodnat
Swets
Weller
Bambacht
Bathoorn
Benneker
Bijlstra
Breij
Catsburg
Heek
Kruizenga
Mesker
Overes
Roeterdink
Schaaij
Smale
Tempelaar
Alberda
Arensman
Bayrak
Beijersbergen
Boekee
Brokken
Charité
Dunnewind
Haneveld
Heijn
Hollink
Kasper
Korff
Melenhorst
Nur
Pijpker
Scheepbouwer
Schulpen
Steinbusch
Stiphout
Valster
Verstoep
Voshol
Berkhoff
Edelenbos
Eltink
Hoeke
IJmker
Kerremans
Krieger
Kruisselbrink
Laurijssen
Loogman
Meeuwesen
Prak
Prudon
Schothorst
Tepper
Teulings
Türk
Valkema
Verweijen
Vunderink
Biesmans
Boersema
Buursma
Chedi
Chin
Dukker
Groenink
Helmers
Hus
Kampstra
Karimi
Katerberg
Koopmanschap
Oosterlee
Peijs
Polling
Radix
Röling
Wobben
Belhaj
Bernaards
Claasen
Esman
Gal
Grijsen
Koets
Meerbeek
Overkleeft
Roolvink
Schmitt
Schoorlemmer
Spuijbroek
Steverink
Stoks
Vervuurt
Weeber
Baert
Bettink
Disco
Drewes
Fox
Goedbloed
Goudsmit
Kuivenhoven
Lenters
Lutz
Penninx
Plompen
Rauwerda
Sint Jago
Wijdeven
Akpinar
Blaauwgeers
Castelijn
Daane
Delsing
Heuveling
Hultermans
Jeukens
Jurriens
Kartal
Lammerse
Lanjouw
Overwijk
Penninkhof
Seerden
Thalen
Voorbij
Blokpoel
Bogaarts
Bouthoorn
Damoiseaux
Elsendoorn
Haase
Jagers
Kahraman
Kalshoven
Koolstra
Kuilder
Laponder
Matulessy
Seinstra
Strijbis
Uitslag
Valkering
Vlassak
Bullens
Capel
Engelsma
Güzel
Harpal
Helmes
Huber
Kegel
Mus
Penninga
Sijtsema
Uslu
Vonck
Zanen
Beintema
Burgman
Hajji
Hietkamp
Hubbers
Kleinveld
Knot
Kooyman
Lenten
Middelveld
Möhlmann
Noomen
Pistorius
Proper
Reuling
Servaas
Smienk
Speerstra
Trapman
Bark
Heideveld
Hoenderdos
Horsthuis
Leeuwestein
Maasdam
Mandersloot
Mellink
Mesu
Muijsers
Schoutens
Spoolder
Talma
Warnier
Ünlü
Arnts
Baremans
Barmentloo
Bolten
Boshuis
Collé
Gosens
Jovanovic
Kruiper
Langeslag
Lankreijer
Machiels
Roordink
Sitaram
Smallegange
Steijaert
Strous
Verburgh
Vinck
Zweverink
Abdalla
Beekwilder
Blansjaar
Brenninkmeijer
Eijgenraam
Eissens
Filippo
Greijdanus
Hoefakker
Hospes
Klijs
Kromkamp
Lauret
Lurvink
Murk
Poppen
Sombroek
Spreeuwenberg
Thoolen
Tieben
Vossebeld
Wauben
Westhof
Wonnink
America
Bischoff
Boland
Broeksteeg
Bruntink
Dammer
Davies
Dikmans
Even
Gernaat
Geus
Go
Han
Henderson
Hiwat
Louwerens
Mathilda
Mathoera
Meulemans
Muurling
Reijns
Roomer
Stuit
Vlemmings
Wuite
Zoontjens
Aarab
Arents
Beverloo
Buddingh
Compier
Dupont
Emmens
Eradus
Gündüz
Korpel
Kreft
Mercelina
Niehof
Oorschot
Poelen
Tabbers
Uljee
Verbeet
Wilhelmus
Yigit
Akkaya
Bogert
Borremans
Boskamp
Bosse
Coremans
Diepenmaat
Haerkens
Hekker
Hilbers
Hoos
IJsselstein
Jensma
Naafs
Plak
Siebenga
Truijens
Ultee
Vloedgraven
Winnubst
Boontjes
Brandhorst
Bruinen
Bukkems
Grol
Grootfaam
Hees
Heringa
Koelink
Langenhuijsen
Lettinga
Leutscher
Navis
Potter
Preuter
Ridderbos
Rokx
Sjoerdsma
Dönmez
Helmons
Hemelaar
Knop
Lugtenberg
Mahmood
Mallens
Orhan
Raemaekers
Schreven
Seijsener
Slootjes
Swagemakers
Tilstra
Verdijk
Vrijhoeven
Weerdenburg
Wierts
Wijmans
Buurma
Eerland
Ekhart
Eroglu
Esveld
Louman
Mirza
Morssink
Panis
Poolman
Smakman
Tingen
Venhorst
Vogelsang
Aanen
Bisselink
Bosgra
Bothof
Breijer
Curiel
Doevendans
Eichhorn
Giesberts
Glastra
Hartogs
Hauwert
Hekking
Hofsteenge
Keesmaat
Kommers
Kroneman
Lit
Mathijsen
Noot
Oegema
Opperman
Phan
Riedstra
Schuiten
Tanke
Vollenbroek
Wellens
Welp
Baidjoe
Barbier
Bardoel
Brilman
Buining
Burgering
Crutzen
Daalhuizen
Gravemaker
Hegger
Jansema
Kleppe
Kralt
Lengkeek
Loermans
Pijnappel
Rubingh
Slaghekke
Vegt
Vijgen
Vrede
Vreeling
Wekking
Woestenburg
Achterkamp
Arrindell
Brabander
Haringsma
Huijts
Kieviet
Landkroon
Meijerman
Mooiman
Poell
Ruissen
Serné
Sharma
Snelder
Türkmen
Versendaal
Wijnmaalen
Andrea
Bood
Boskma
Hebels
Henning
Hilverda
Jekel
Ketel
Klep
Kluitenberg
Kranenborg
Mekes
Meuffels
Mijnen
Mommersteeg
Rusman
Stern
Stroomer
Tijsterman
Toepoel
Volman
Vreeker
Wijs
Atema
Ausma
Chotoe
Duman
Fopma
Geertman
George
Gürbüz
Kropman
Lenstra
Maatje
Mathot
Schotte
Thijsen
Vaatstra
Verwijst
Vijfschaft
Watson
Wekema
Bazelmans
Bell
Bolding
Brummelman
Camp
Demandt
Engelhart
Haaring
Hoogma
Knipping
Kraai
Kroot
Kruik
Lauwerijssen
Mackaaij
Muilenburg
Oonincx
Relou
Reuver
Smook
Swier
Tempels
Vermulst
Volkerink
Vrijburg
Besselsen
Bhagwandin
Broekmeulen
Cillessen
Crezee
Cörvers
Holl
Koert
Lammerts van Bueren
Menten
Roetman
Spoel
Tange
Veijer
Willeboordse
Zaalberg
Barendsen
Brattinga
Dinç
Duisters
Gonzalez
Hauser
Hebing
Hogendorp
Hoogstrate
Imthorn
Kloppers
Koeslag
Leemburg
Leijser
Michielse
Mohr
Ooijen
Vonken
Wijnhoud
Baken
Bruijstens
Crama
Karakaya
Knape
Laverman
Leffers
Maalderink
Nell
Piels
Rossel
Setz
Smedes
Tolman
Yaman
Alles
Dwars
Eijkelboom
Hameeteman
Hijink
Hooijman
Jamin
Kierkels
Leentvaar
Maurer
Mientjes
Mors
Ootes
Slaman
Stortelder
Wemmers
Wijlens
Beerkens
Boerlage
Boerstra
Eppinga
Francis
Fuhler
Heijting
Herfst
Kleinsman
Klinkert
Lejeune
Mocking
Nederend
Pouls
Weistra
Wilders
Zegveld
Zoeteweij
Beerda
Blikman
Bloemink
Casteleijn
Dieperink
Fikkert
Fleer
Hintzen
Koca
Kronenberg
Kwakernaat
Leijssen
Lo
Obdam
Ophorst
Pijnaker
Twaalfhoven
Wielaard
Aanstoot
Antonides
Boonzaaijer
Coffie
Colen
Diepenhorst
Doornbosch
Hoogerwaard
Mahamed
Malestein
Ooteman
Pet
Plaizier
Rijkhoff
Sandifort
Siegersma
Vlak
Voorwinden
Waterschoot
Westphal
Woutersen
Beeke
Boeije
Boneschansker
Buning
Heijerman
Hoedemaker
Jongerden
Juffer
King
Kranen
Langeler
Molina
Nederkoorn
Nieuwstraten
Poiesz
Soekhai
Tuijn
Verton
Beunder
Creusen
Driessens
Gnodde
Hulsker
Immers
Ket
Kilinç
Kuyper
Leerentveld
Rondeel
Schoonheim
Steegh
Steenbakker
Tiggelaar
Voorneveld
Alphenaar
Bramer
Busker
Carels
Daniel
Ekelschot
Geesink
Kinds
Laterveer
Luisman
Mateman
Meekes
Perez
Pultrum
Roeten
Smeitink
Stokkink
Stomp
Topal
Uçar
Vogelezang
Vrijdag
Balfoort
Braamhaar
Doekhi
Endeman
Erol
Frerichs
Hazenoot
Henselmans
Hoefsloot
Houthuijzen
Kerseboom
Kliphuis
Koet
Kuiperij
Leenman
Lenaerts
Muris
Noijen
Pang
Polfliet
Potma
Reimerink
Rooth
Tonkes
Vallen
Veenbrink
Vrijsen
Werts
Winkler
Woning
Zomers
Benthem
Brobbel
Combee
Consten
Dasselaar
Debie
Elschot
Fijn
Galjaard
Gerlach
Gunther
Heck
Hensbergen
Issa
Kaat
Leerdam
Lustig
Ozinga
Schelhaas
Spanjersberg
Spigt
Velt
Weusten
Andriesse
Batist
Beukhof
Bouland
Breugelmans
Heetebrij
Heijkamp
Hillenaar
Hoegee
Homma
Horsting
Kirkels
Lebens
Lingen
Louwe
Luesink
Merkelbach
Oldenkamp
Prinse
Steenbrink
Voorham
Walburg
Belfor
Bleij
Bloos
Boeters
Dul
Eldering
Ferdinandus
Gudde
Knippels
Leen
Mangelaars
Metten
Migchels
Muijen
Stikkelorum
Thompson
Tielman
Toren
Baetsen
Baudoin
Bihari
Boateng
Buil
Buiten
Buizer
Daalman
Grimberg
Klaus
Koller
Kuilboer
Laning
Mennes
Naalden
Padding
Spa
Tammer
Teeuwisse
Versteden
Bassa
Beeftink
Boomstra
Fidom
Gabriel
Honings
Hugen
Kiestra
Knippenberg
Overweel
Ramdien
Reerink
Reeuwijk
Reith
Rijsbergen
Roelink
Sieders
Tiebosch
Uijen
Wagelaar
Warner
Wenneker
Zinken
Zuidersma
Blaauwbroek
Corporaal
Dimmendaal
Domhof
Gunsing
Gunter
Haex
Lazeroms
Leenaars
Mangnus
Nomden
Opstal
Plender
Pruijssers
Raat
Salah
Schuite
Theunisz
Verhaag
Verhaegen
Youssef
Zwagerman
Boxman
Davis
Fitters
Flinterman
Hemmen
Huijberts
Ivens
Kilian
Koskamp
Kraft
Lammerink
Louwen
Lubach
Marchand
Okhuijsen
Scheerhoorn
Schulting
Slegt
Spijkstra
Tinnemans
Veltink
Vrins
Wartena
Yazici
Adriaensen
Arkema
Arkes
Binnekamp
Hartholt
Hazen
Heijdra
Hoogsteen
Klein Nagelvoort
Klinkers
Maaswinkel
Mariën
Mazereeuw
Metzelaar
Naarden
Pluk
Ribbens
Savelberg
Schildkamp
Slooten
Smout
Veugen
Wijnings
Wirtz
Wubbels
Batelaan
Brantjes
Dörenberg
Eertink
Entjes
Fokkinga
Hemelrijk
Herlaar
Hesp
Hofkamp
Hotting
Kesteloo
Korterink
Orth
Roenhorst
Roijakkers
Schins
Soppe
Udink
Voesten
Aarnoutse
Bergstra
Cok
Dorrestein
Eisses
Elbertse
Goertz
Hasselbaink
Hoppe
Kwinten
Laban
Landheer
Mieras
Pesch
Quispel
Ramkisoen
Schakelaar
Schiffelers
Schijvenaars
Schuurhuis
Steenbruggen
Tamerus
Beulen
Bracke
Busman
Cruiming
Drok
Gabriels
Geense
Goor
Hoetmer
Hondebrink
Joris
Karstens
Kroone
Lammens
Roerink
Smolenaars
Spekman
Struiksma
Tent
Wijdenes
Windster
Alberti
Boutkan
Braad
Daling
Duis
Dumas
Flantua
Hau
Heersink
Hellenbrand
Hupkens
Kokshoorn
Kwekkeboom
Meeldijk
Meens
Moelker
Molegraaf
Paling
Rinzema
Roggen
Uil
Alleman
Bakkeren
Breet
Centen
Denneman
Exalto
Fraanje
Franck
Glaser
Glimmerveen
Hemminga
Hout
Jilderda
Laagland
Langenhuizen
Lauwen
Marcelissen
Nelen
Reintjens
Roijmans
Schaart
Schouwenburg
Sleeuwenhoek
Vat
Veelenturf
Vreeke
Winder
Wullink
Appelo
Bakhuizen
Blik
Borghouts
Burm
Carlier
Collignon
Doran
Gankema
Gielissen
Gotink
Gruben
Hebben
Heffels
Heijster
Hoang
Knipscheer
Lijzenga
Luijckx
Maandag
Rabelink
Reumer
Roersma
Schaareman
Wieldraaijer
Xu
Zwolsman
Baakman
Besten
Brethouwer
Budel
Deutekom
Dubbelaar
Helms
Holierhoek
Honingh
Hoogenboezem
Jongste
Knuiman
Koenes
Noppert
Qualm
Remijnse
Stabel
Taverne
Verschuure
Weerstand
Welink
Bach
Banga
Bouwmeister
Brusse
Chow
Gebbink
Harreman
Hink
Hueting
Huting
IJsselstijn
Lagrand
Langevoort
Luijt
Oliemans
Panneman
Runia
Schluter
Schreijer
Siemonsma
Sleutjes
Sneekes
Stijnman
Suurmond
Vastenhout
Vergouwe
Vosman
Waterval
Woltering
Balvert
Bergenhenegouwen
Bernhard
Boerefijn
Corvers
Daalmeijer
Denis
Dieterman
Dijker
Elema
Gertsen
Halman
Haringa
Israël
Kuijlaars
Kwarten
Langenbach
Legierse
Marechal
Meuwese
Molenschot
Nijveld
Poelsma
Rahimi
Rose
Runderkamp
Steunebrink
Tiehuis
Varekamp
Visbeen
Vugs
Waijers
Wiskerke
Zwager
Bankers
Bodelier
Boessenkool
Broeken
Celie
Doorten
Ezendam
Godijn
Guit
Hilkens
Holstein
Jimmink
Luiting
Passon
Pelser
Peppelman
Potman
Pruissen
Rosa
Sponselee
Staphorst
Verkerke
Waals
Zhu
Antens
Aretz
Bluemink
Budak
Dek
Eenink
Fransman
Gomez
Gros
Haaksema
Hulsegge
Hulstein
IJff
Plasman
Rieken
Schults
Slagt
Slots
Smeekes
Soetekouw
Spijksma
Terlingen
Tielens
Wanrooij
Wieten
Zieltjens
Bertels
Brandjes
Buijtendijk
Dalstra
Goedegebuur
Haket
Hartgerink
Hemmink
Hildebrand
Holsappel
Kaffa
Kits
Liemburg
Massar
Meershoek
Nowee
Ringnalda
Stad
Tankink
Veeke
Vermij
Weima
Wildenbeest
Zuidhoek
Ambachtsheer
Baaten
Beugelsdijk
Brunsveld
Eeken
Ganzevles
Geurds
Hattink
Heddes
Kamman
Koelemij
Koudstaal
Kregel
Linker
Littel
Meijerhof
Meter
Nieskens
Oudenaarden
Padberg
Pauli
Plant
Plum
Ritzema
Schaftenaar
Schook
Strampel
Velzeboer
Arling
Bah
Blankert
Boerakker
Brandse
Dragstra
Freeke
Friesen
Garretsen
Hoedjes
Ikink
Jagesar
Jessurun
Kloosterhuis
Kreijkes
Kriesels
Lang
Lodders
Loer
Ouwersloot
Pothuizen
Prinssen
Saman
Schreiber
Stijns
Thakoer
Turgut
Uiterwaal
Venmans
Vente
Wiebenga
Wunderink
Ziel
Angela
Broks
Buijnsters
Heimans
Honsbeek
Huzen
Ilbrink
Juliana
Kerkstra
Messchendorp
Oldenhuis
Olierook
Pieternella
Raadschelders
Ravesteijn
Riksen
Ringelberg
Roukens
Schipperen
Schomaker
Slag
Spoelman
Stempher
Swagerman
Taylor
Bieshaar
Duif
Duijster
Euverman
Grijpstra
Hoffer
Kastermans
Kisters
Klumpers
Lake
Linsen
Luyten
Ngo
Noppers
Ottenheijm
Ottenhoff
Profijt
Ran
Reukers
Scholtus
Smeijers
Stegers
Voolstra
Weernink
Wegdam
Wieling
Woord
Addink
Albert
Averesch
Balkenende
Braakhekke
Canters
Clabbers
Dielen
Dooper
Eichelsheim
Fokkert
Gilsing
Handels
Heiwegen
Kempkes
Kost
Maartens
Mels
Mozes
Niels
Peeman
Portegies
Posthouwer
Rokven
Salomé
Santbergen
Schoenaker
Sheikh
Sipkema
Sneller
Tuncer
Uenk
Verra
Vorst
Vredenburg
Woelders
Zoutewelle
Aartman
Amir
Besems
Bierkens
Buijsen
Drees
Hakkens
Herrema
Huppertz
Kalle
Klijsen
Konink
Lagas
Massink
Meulensteen
Mimpen
Nieuwboer
Sahertian
Schaaphok
Sewgobind
Siebert
Snelleman
Ulijn
Valckx
Wibier
Aspers
Brocken
Buys
Everaers
Groenhuijzen
Haaima
Klee
Koelen
Poppema
Raatjes
Reimink
Rooker
Sueters
Teitsma
Truong
Verbeeten
Verpoort
Woudwijk
Zanting
Boxma
Bruines
Dalm
Emanuels
Gijsman
Grevers
Heering
Hoendervangers
Hooijenga
Jankie
Kandemir
Noordanus
Ophuis
Philippen
Reker
Rijgersberg
Sabel
Salih
Scheltinga
Zwartbol
Brookhuis
Craane
Dompeling
Gillis
Hensgens
Houwaart
Kasbergen
Kielstra
Koggel
Mijnster
Moussa
Ottema
Rops
Safi
Siereveld
Soldaat
Stooker
Thielman
Westenbrink
Wolbert
Zwolle
Bekking
Bekx
Chu
Dullens
Eding
Foesenek
Goosens
Hager
Henken
Hoedeman
Hos
Jairam
Kaashoek
Leidelmeijer
Mattijssen
Meerwijk
Prakken
Reints
Rep
Theunis
Trienekens
Uijtdewilligen
Visee
Weitering
Zuidweg
Aelmans
Akyüz
Arink
Beuk
Binkhorst
Cameron
Christianen
Delfos
Emmelkamp
Grievink
Halmans
Hampsink
Hennekes
Hoeven
Iqbal
Kooren
Langkamp
Naaijkens
Ramp
Schalks
Schamp
Scheltema
Schoop
Sloothaak
Trentelman
Varwijk
Vermanen
Weenk
Wernsen
Wijffels
Apon
Aras
Bennik
Duchateau
Eindhoven
Emmers
Huisken
Kees
Lahaye
Laman
Loeff
Lutters
Luttik
Matla
Mohammadi
Mombarg
Munter
Neels
Ossewaarde
Potgieter
Rojer
Schaefers
Schokkenbroek
Somai
Tilman
Tuininga
Vorstermans
Wien
Witting
Wolda
Zuidwijk
Zwerus
Adolfs
Baris
Besteman
Elderman
Haaksman
Huibregtse
Kasius
Kengen
Khodabaks
Kreuze
Laeven
Lugtigheid
Mout
Muijtjens
Oevering
Ostendorf
Pardijs
Poppeliers
Renfurm
Rentenaar
Rexwinkel
Rigters
Schoutsen
Sperling
Stijf
Swiers
Terol
Tool
Zirkzee
Baltes
Baran
Brockhoff
Buschman
Dieker
Duister
Groot Wassink
Inan
Jooren
Kimenai
Knobben
Krab
Langenhof
Niesen
Oskamp
Paes
Schaminée
Scheerman
Schildmeijer
Triepels
Waterlander
Wezeman
Wijnand
Baarssen
Bagci
Brookman
Bulters
Cecilia
Dorrepaal
Elderhorst
Fabrie
Gierveld
Haaksma
Haar
Hesselmans
Hingstman
Janki
Kern
Kloostra
Knibbe
Laenen
Obispo
Oostindie
Rolvink
Sanchez
Schmeits
Sellis
Smallenbroek
Stil
Tilmans
Uyar
Vaandering
Verhoeckx
Waltmans
Dobbelsteen
Dudok
Ellis
Goulooze
Göbbels
Hofkens
Ibrahimi
Kaagman
Khoenkhoen
Leerkes
Makkinje
Patist
Rolfes
Rosmalen
Ruijten
Stoops
Trines
Ubaghs
Verhoof
Willard
Amiri
Bakkali
Barentsen
Beunen
Billekens
Borneman
Buit
Davidson
Elzenga
Happel
Heinsius
Herwig
Huisinga
Kampers
Kauffman
Krommendijk
Maatkamp
Muntinga
Rosendahl
Schaar
Siero
Wachtmeester
Wokke
Zutt
Balgobind
Becking
Beijert
Bliekendaal
Bredius
Dag
Dursun
Fontaine
Hölzken
Jackson
Kortleve
Kram
Kreuning
Langenkamp
Louw
May
Mittendorff
Nijgh
Ouali
Peerboom
Reek
Rothuizen
Samuel
Siebring
Talboom
Tijmes
Versprille
Voorbraak
Wijnans
Annink
Bernsen
Beukelman
Duenk
Feld
Florie
Geurten
Hermelink
Hoogkamp
Hulsbergen
Knoef
Knoppers
Kolff
Komduur
Korst
Ly
Memelink
Morel
Nielsen
Rikkert
Stroeken
Uitendaal
Veening
Veger
Versteijnen
Wams
Witter
Yigit
Zinger
Zwikker
Aaftink
Bekers
Doest
Dogge
Durmus
Elstgeest
Fokkink
Harders
Hultink
Idrissi
Idsinga
Jeronimus
Karakus
Kin
Langius
Meere
Monshouwer
Muntslag
Peerlings
Rekker
Slofstra
Streekstra
Tacken
Thelen
Venrooij
Voll
Wendels
Adan
Daenen
Gerth
Geurtz
Gietema
Haanen
Hannema
Hens
Hernandez
Hoepel
Holtjer
Huissen
Kroonenburg
Mark
Neleman
Raas
Terluin
Torn
Verbraeken
Vervelde
Videler
Weide
Woldendorp
Zalm
Baptist
Baselmans
Blankenstijn
Blezer
Breddels
Breebaart
Broekhoff
Brosens
Buth
Campfens
Chau
Christiaens
Cuypers
Feron
Geleijns
Grijpma
Hobbelink
Hobma
Hoornstra
Kampinga
Keuper
Kipp
Krukkert
Lambeck
Manuhutu
Nijsink
Oprins
Palland
Poepjes
Reemers
Regter
Rijswijk
Snoeijer
Tuitert
Turenhout
Vestering
Abraham
Bentum
Engelaar
Feikens
Gielkens
John
Klopstra
Leene
Lijten
Manuela
Ophelders
Piening
Postel
Schiltmans
Schmit
Sepers
Slettenhaar
Swaan
Veens
Volwater
Webers
Wiltenburg
Winkelaar
Zeeuw
Abee
Akdemir
Bolman
Bosklopper
Coers
Emmerik
Extra
Fleming
Goedemans
Heerdink
Hortensius
Iwema
Jas
Keen
Kesselaar
Kleeven
Knetsch
Kon
Leeuwenburg
Okkema
Purperhart
Roording
Schenkeveld
Schrijer
Soetendaal
Steenis
Stouthart
Tibbe
Tjalsma
Abbring
Asbroek
Babel
Boomgaard
Boswijk
Bulk
Buuron
Doornebosch
Duiveman
Helling
Heukels
Hunneman
Jagtenberg
Jongenotter
Jordans
Kaag
Kerkman
Kind
Koebrugge
Kwakkenbos
Köster
Lintsen
Mank
Matthijs
Mustafa
Perdon
Roessink
Rouschop
Santegoets
Scheppink
Stronkhorst
Turksma
Veldmeijer
Veneberg
Wolfswinkel
Abel
Gregoire
Hamhuis
Hodes
Kamermans
Kleinendorst
Klippel
Papen
Reijerkerk
Sibma
Stege
Talman
Verhorst
Waalkens
Wander
Aarssen
Baelemans
Beenhakker
Breukink
Broenink
Cardinaal
Er
Fonville
Gouda
Hegge
Hofmeester
Houtveen
Imanse
Kemerink
Kessen
Klopman
Kluit
Muradin
Oehlers
Offereins
Pastor
Schutrups
Vaneker
Voigt
Sener
Ameziane
Ay
Bektas
Boereboom
Buijsse
Chiu
Coort
Dijcks
Dikker
Felicia
Gulpen
Janissen
Keurntjes
Lievers
Linskens
Lootsma
Marijt
Nabbe
Nakken
Nijborg
Nusselder
Oudt
Panman
Pappot
Pollemans
Ponsteen
Saalmink
Schasfoort
Schijvens
Schregardus
Toetenel
Zitter
Bastiaanssen
Beekelaar
Bosland
Broeze
Christenhusz
Coppes
Daas
Dickhoff
Dolleman
Elands
Ermens
Farla
Fijen
Fris
Grobbe
Kee
Kitzen
Marskamp
Nannings
Tolner
Vermond
