psychiater
problemen
verpleegkundige
verpleegkundig
kind
kinder
naam
psychotraumateam
patientnummer
intake
anker
orthopedagoog
discipline
vrijwillige
medicatie
datum
ouderbegeleider
behandeldoelen
patient
vaktherapeut
groepsleiding
psycholoog
mw
belemmerend
verwijzer
noodmedicatie
observaties
beleid
verzoek
schizofrenie
gedwongen
somatisch
heteroanamnese
honos
oudergesprek
behandelplan
stemmenpoli
evg
behandeldoelengesprek
korte
psychotische
psychotisch
ibs
vrijheden
farmacotherapie
psychotherapie
gezin
crisis
doelstelling
juridische

patint
verwijzer
overleg
behandelduur
adhd
middel
opname
school
aio
aios
kjp
contact
autisme
ouders
leek
bevorderend
Pomp
Uitslag
Fase
Stomazak
Stomazakje
Dietist
Verpleegkundige
arts
Adem
arm
armen
been
benen
lies
liezen
voet
voeten
hart
long
longen
nier
nieren
hand
handen
haar
haren
blaas
stuit
lever
darm
darmen
hersenen
mond
oog
ogen
oor
oren
neus
spier
spieren
Acamprosaat
Alimemazine
Alprazolam
Amitriptyline
Aripiprazol
Benperidol
Biperideen
Bromazepam
Broomperidol
Brotizolam
Buprenorfine
Bupropion
Buspiron
Carbamazepine
Chloordiazepoxide
Chloorpromazine
Chloorprotixeen
Citalopram
Clobazam
Clomipramine
Clonazepam
Clonidine
Clorazapinezuur
Clozapine
Desipramine
Dexetimide
Diazepam
Disulfiram
Dosulepine
Doxepine
Duloxetine
Fenelzine
Flufenazine
Flumazenil
Flunitrazepam
Fluoxetine
Flupenthixol
Flurazapam
Fluspirileen
Fluvoxamine
Haloperidol
Imipramine
Ketazolam
Lamotrigine
Levomepromazine
Lithiumcarbonaat
Lithiumcitraat
Lorazepam
Lormetazepam
Maprotiline
Methadon
Mianserine
Midazolam
Mirtazapine
Moclobemide
Naloxon
Naltrexon
Nitrazapam
Nordazepam
Nortriptyline
Olanzapine
Oxazepam
Paroxetine
Penfluridol
Perazine
Perfenazine
Periciazine
Pimozide
Pipamperon
Prazepam
Propranolol
Quetiapine
Risperidon
Sertraline
Sulpiride
Temazepam
Thioridazine
Tiotixeen
Tranylcypromine
Trazodon
Triazolam
Trifluoperazine
Triflupromazine
Trihexyfenidyl
Trimipramine
Valproïnezuur
Varenicline
Venlafaxine
Zolpidem
Zopiclon
Zuclopentixol
Campral
Nedeltran
Xanax
Sarotex
Abilify
Frenactil
Akineton
Lexotanil
Impromen
Lendormin
Temgesic
Wellbutrin
Buspar
Tegretol
Librium
Largactil
Truxal
Cipramil
Frisium
Anafranil
Rivotril
Catapresan
Tranxene
Leponex
Pertrofran
Tremblex
Stesolid
Antabus
Prothiaden
Sinequan
Cymbalta
Nardil
Anatensol
Anexate
Rohypnol
Prozac
Fluanxol
Dalmadorm
Imap
Fevarin
Haldol
Tofranil
Unakalm
Lamictal
Nozinan
Camcolit
Litarex
Temesta
Loramet
Ludiomil
Symoron
Tolvon
Dormicum
Remeron
Aurorix
Narcan
Nalorex
Mogadon
Calmday
Nortrilen
Zyprexa
Seresta
Seroxat
Semap
Taxilan
Trilafon
Neuleptil
Orap
Dipiperon
Reapam
Inderal
Seroquel
Risperdal
Zoloft
Dogmatil
Levanxol
Melleril
Navane
Parnate
Trazolan
Halcion
Terfluzine
Siquil
Artane
Surmontil
Depakine
Champix
Efexor
Stilnoct
Imovane
Cisordinol
Tryptizol
Zyban
Urbadan
Dixarit
Valium
Refusal
Yentreve
Priadel
Dormonoct
Noctamid
Normison