aan de
Aan de
aan den
Aan den
aan der
Aan der
Aan het
aan het
Aan t
aan t
aan 't
Aan 't
am
Am
am de
Am de
auf
Auf
auf dem
Auf dem
auf den
Auf den
auf der
Auf der
auf ter
Auf ter
aus dem
Aus dem
Aus den
aus den
Aus der
aus der
aus m
Aus m
Aus 'm
aus 'm
Bij de
bij de
bij den
Bij den
Bij het
bij het
bij t
Bij t
bij 't
Bij 't
bin
Bin
boven d
Boven d
boven d'
Boven d'
D'
d'
Da
da
Dal
dal
dal'
Dal'
Dalla
dalla
de
das
Das
de die
De die
de l
De l
de l'
De l'
de la
De la
de las
De las
De le
de le
deca
Deca
Degli
degli
Dei
dei
del
Del
Della
della
den
Den
Der
der
des
Des
di
Di
die le
Die le
do
Do
don
Don
dos
Dos
du
Du
el
El
Het
het
im
Im
In de
in de
In den
in den
in der
In der
in het
In het
in t
In t
In 't
in 't
L'
l'
la
La
Las
las
le
Le
les
Les
Los
los
Onder
onder
onder de
Onder de
onder den
Onder den
onder het
Onder het
onder t
Onder t
onder 't
Onder 't
op de
Op de
Op den
op den
op der
Op der
Op gen
op gen
op het
Op het
op t
Op t
op 't
Op 't
op ten
Op ten
over de
Over de
over den
Over den
over het
Over het
over t
Over t
over 't
Over 't
's
'S
s'
S'
't
'T
Te
te
ten
Ten
ter
Ter
Tho
tho
Thoe
thoe
thor
Thor
uijt
Uijt
Uijt de
uijt de
Uijt den
uijt den
Uijt 't
uijt 't
uijt ten
Uijt ten
Uit de
uit de
uit den
Uit den
uit het
Uit het
uit t
Uit t
uit 't
Uit 't
Uit ten
uit ten
Unter
unter
van
Van
Van de
van De
van de
van den
Van Den
Van den
van der
Van der
Van Der
van gen
Van gen
van het
Van het
van la
Van la
van t
Van t
Van 't
van 't
Van ter
van ter
Vom
vom
von
Von
von dem
Von dem
von den
Von den
Von der
von der
Von t
von t
Von 't
von 't
Voor de
voor de
Voor den
voor den
Voor 't
voor 't
vor
Vor
vor der
Vor der
Zu
zu
zum
Zum
zur
Zur
v/d
vd
v
v.
v.d.
vd.