Antal
Charella
Andreas
Sharmaine
Charelle
Feije
Pietronella
Florentius
Abbas
Harald
Sudenaz
Zita
Bloem
Polle
Ronald
Roelle
Engelbert
Muzeyyen
Ayleen
Natali
Vinnie
Mohamud
Morten
Anjani
Nataly
Ynze
Doede
Gauke
Loek
Jered
Rolinka
Hiu
Apolonia
Paul
Loes
Loet
Sandy
Merlin
Matthea
Harm-Jan
Stans
Nieke
Matthew
Charly
Lucille
Seyhan
Kardelen
Delicia
Neville
Lauraine
Gerritje
Dionne
Fabianne
Tijmen
Yuka
Stephania
Stephanie
Yuki
Pavan
Dominique
Felipe
Xian
Xiao
Ginger
Elmar
Elmas
Jessamy
Nikolaas
Sharief
Benthe
Quincy
Harvey
Mustapha
Friso
Jacoline
Basil
Godfried
Emmely
Casey
Charita
Mathijs
Joleen
Vernon
Mathijn
Caine
Randell
Charity
Christina
Wieteke
Christine
Alide
Thymo
Esmaralda
Emerson
Glenny
Chinook
Selman
Indigo
Dimitri
Susannah
Mert
Dimitra
Arwen
Meri
Luna
Dimitry
Lune
Pijke
Geeke
Le
Suus
Rochella
Quang
Roshan
Elham
Li
Brian
Hung
Biko
Jurie
Navid
Benoit
Feija
Navin
Beverly
Sebastianus
Zakia
Cunera
Jetze
A
Zaineb
Kester
Fokje
Marjolijn
Makbule
Jorren
Quint
Jaimey
Kirti
Anjali
Quinn
Tiana
Ebony
Radhika
Willy
Jean-Luc
Ursula
Ilyasse
Edith
Ayca
Jules
Jacobien
Ludwig
Conradus
Siebrand
Harrie
Splinter
Othman
Natan
Sebastiaan
Harriette
Seth
Ignatius
Kashif
Ekrem
Abdelkarim
Yoeri
Yonne
Robbert
Janko
Vanya
Tjeerd
Resul
Marchella
Maurizio
Giada
Shakira
Piter
Brayen
Eliza
Savine
Elize
Giano
Cengizhan
Gustav
Vanita
Jantina
Jantine
Gerridina
Vanity
Josiah
Katrin
Belma
Safia
Ashkan
Corinne
Steffany
Corinna
Elbrich
Juli
Josias
Nigel
Chad
Gianny
Soulaiman
Gianna
Gianne
Gianni
Gianno
Rainier
Richenel
Chante
Duc
Liduina
Duy
Ralf
Kaja
Sonia
Cem
Husna
Ciaran
Alexander
Maarten
Ayuub
Gertruida
Abdelouahab
Ranil
Judah
Kalle
Rania
Natasha
Ilse
Chloe
Jarod
Mohsin
Ryon
Maxim
Ilone
Ilona
Fiorella
Libaan
Semira
Cody
Angelo
Nouk
Angelien
Angele
Angeliek
Angela
Hilbrand
Phuong
Djoeke
Imara
Holly
Theo
Luce
Karwan
Myron
Samora
Lakshmi
Asl
Mathis
Lynn
Birgitte
Vivianne
Birgitta
Rajesh
Pooja
Danisha
Angelique
Moustapha
Sofia
Tyrese
Sofie
Gertjan
Liese
Wietse
Chrissie
Sue-Ann
Abdul
Marko
Elizaveta
Marcelle
Skylar
Annieke
Marcella
Darya
Luca
Marcello
Timon
Mylan
Wisal
Alannah
Tian
Onno
Najiha
Doreen
Hoang
Annelotte
Dianthe
Tevfik
Diantha
Jovana
Meike
Rio
Mackenzie
Rim
Rik
Stientje
Ria
Ismahan
Anderson
Jelmar
John
Henrika
Henrike
Faissal
Rayna
Wouter-Jan
Faisal
Romario
Madelinde
Laurenz
Lynsey
Lindsey
Devano
Veronica
Arie-Jan
Laury
Sanja
Saifeddine
Laura
Ozlem
Laure
Lemar
Lauri
Wiek
Graciela
Alon
Selen
Serkan
Radha
Arantxa
Clarence
Joris
Orrin
Jorit
Jorik
Abdoullah
Roya
Jorin
Jorim
Patricius
Elianne
Jorie
Malak
Jenske
Lionne
Guusje
Chadi
Niels
Aimane
Donovan
Rachael
Asuman
Doortje
Caglar
Yessica
Marie-Claire
Ylva
Sylke
Sienna
Harrison
Muammer
Katarina
Engin
Haico
Jaap-Jan
Skye
Tyrone
Ozcan
Courtney
Tahsin
Nicoliene
Geesje
Eldert
Nanja
Amelia
Amelie
Marlyn
Gaya
Gaye
Jacomina
Aleid
Rune
Tjebbe
Martyn
Kees-Jan
Lulu
Gavin
Gertrudis
Marjon
Damanja
Naz
Russell
Fadime
Machiel
Dogan
Sjeng
Dexter
Ghislaine
Harmjan
Heba
Hebe
Anais
Oscar
Yolande
Leonard
Yolanda
Geerte
Dorina
Mattanja
Albertien
Natalija
Meggie
Cathleen
Lindsy
Maher
Emilio
Emilia
Emilie
Claudia
Berat
Clenn
Brenda
Marilou
Claudio
Raquel
Steven
Chanelle
Chanella
Warren
Heleen
Noer
Roseline
Diederik
Noel
Susana
Annabella
Annabelle
Keith
Dido
Abby
Royce
Remy
Sarita
Alia
Alie
Alix
Remi
Esmiralda
Chaya
Chantelle
Gerrie
Thiago
Amber
Nighel
Valentino
Valentina
Amalia
Ximena
Sevgi
Faruk
Janinka
Chafik
Marigje
Jethro
Fee
Fem
Lucky
Aaron
Marinde
Heintje
Marinda
Leilani
Sientje
Hani
Endy
Lisanna
Elvis
Lisanne
Aloysius
Fikria
Elvin
Hans
Elvie
Catarina
Kimber
Laurentius
Bilal
Eef
Asya
Hendrikje
Yaren
Jaya
Egbertje
Yentel
Tony
Enrique
Sebas
Tonny
Jose
Siu
Josh
Rianca
Virgil
Sid
Romijn
Sin
Sim
Sil
Francisco
Maya
Samya
Tasha
Saagar
Francisca
Ramon
Djairo
Hicham
Nolan
Kaily
Wouter
Digna
Lenny
Michon
Marie-Anne
Ids
Ido
Ouissam
Ouissal
Lenne
Ida
Charley
Jarik
Yasar
Charles
Loulou
Samara
Mieke
Abdelhalim
Cristina
Kayleigh
Mikai
Mikal
Indiana
Hidde
Verona
Ruchama
Anne-Linde
Veroni
Peer
Mozes
Dre
Darryl
Albertje
Lincy
Heiltje
Naresh
Faizel
Rana
Rani
Nathanja
Roelfien
Safina
Katrina
Sahar
Tan
Suzanne
Ramiro
Kevin
Suzanna
Awinash
Silvio
Kendrick
Dewi
Silvia
Silvie
Dewy
Brady
Marith
Quenten
Marita
Timmy
Lenthe
Timme
Shareen
Thessa
Francis
Mayron
Emme
Gulsah
Emma
Mo
Emmi
My
Warner
Nikki
Roselien
Theodorus
Thierry
Basten
Travis
Mirza
Neva
Omri
Josha
Ayesha
Bora
Ramazan
Giulio
Jony
Giulia
Abbey
Friedrich
Jona
Xanne
Alberto
Alberta
Hedy
Joni
August
La
Emanuela
Gerbrich
Altan
Jaclyn
Silvijn
Iris
Iwan
Hylkje
Rebekka
Ezra
Richella
Jimmy
Richelle
Bareld
Shanon
Djesse
Dionysius
Pieter-Bas
Lois
Phylicia
Loic
Gertrude
Gertruda
Layla
Farrah
Latif
Dayna
Japke
Soukayna
Jolien
Muzaffer
Muhsin
Areke
Hamed
Mahamed
Ayaan
Thys
Lambertus
Sanjeev
Cinthia
Nijs
Emmily
Kiara
Harwin
Iemke
Islam
Bowie
Elian
Edwina
Shailesh
Elias
Thamar
Anne-Wil
Walid
Margrieta
Nandy
Madelein
Nando
Whitney
Nandi
Nanda
Terrence
Buck
Gradus
Shay
Halit
Serap
Nefise
Merwin
Maximus
Serah
Viggo
Kaz
Aradhna
Halim
Halil
Jitse
Jace
Desney
Umran
Abdeslam
Bernadette
Ashwin
Stanley
Maickel
Lotte
Jeron
Lotta
Yosef
Lotti
Nadien
Lahcen
Ilhame
Jop
Jor
Jos
Anwar
Elizabeth
Keona
Gerbert
Joy
Sverre
Job
Rosaline
Joe
Rosalina
Pelle
Rozan
Jon
Valeria
Milene
Valerie
Milena
Valerio
Zainab
Dieuwertje
Robrecht
Chirine
Cengiz
Anemoon
Jorrik
Jorrin
Saakje
Jeffry
Nicolle
Richel
Fahad
Jorrit
Blanca
Melvyn
Bedia
Fadoua
Talita
Hesther
Janou
Keira
Bilaal
Pascale
Durmus
Patrice
Patrick
Jakko
Adilson
Dyanne
Sumeyra
Sepp
Matts
Kurt
Maico
Tariq
Cian
Ender
Sarah-Jane
Lester
Alejandro
Hubert
Reinie
Alejandra
Veysel
Marjory
Ece
Jarnick
Alicia
Hala
Hale
Kadir
Lydian
Anne-Britt
Marchiena
Mabel
Huberdina
Allison
Kirstie
Belia
Keri
Kirstin
Lahbib
Cher
Harmannus
Nemo
Leuntje
Merit
Ashanti
Chee
Meryem
Chen
Meric
Tijana
Ashanty
Edita
Sky
Ferenc
Suheda
Roland
Maurik
Raman
Cherelle
Adis
Anne-Sophie
Yasmien
Sharony
Bianca
Adib
Sharona
Akaash
Wytse
Adil
Michal
Rolina
Nurgul
Derkje
Nawfal
Damla
Trung
Winnie
Reduan
Ulas
Santana
Zwaantje
Patricia
Ringo
Annemaria
Niamh
Omayra
Madeline
Jutta
Mathea
Albertha
Arentje
Jonah
Mathew
Jonas
Duuk
Ani
Aischa
Debora
Awa
Gommert
Milenka
Fleurine
Thiemen
Samanta
Rakesh
Silje
Constance
Silja
Rubina
Marousha
Salsabil
Kane
Dienke
Reindert
Ehsan
Santino
Guylian
Cornelius
Majdouline
Aydan
Maron
Thorben
Giordano
Roelfina
Diyar
Cindel
Jermo
Mevlut
Arno
Mukaddes
Krishan
Marije
Wijtske
Desie
Marija
Bartus
Renske
Marijn
Princess
Berber
Mehmet
Emke
Ecem
Nariman
Agathe
Mehmed
Rochdi
Agatha
Walther
Luut
Jeska
Luus
Ioannis
Jeske
Zumra
Dorenda
Luuc
Josja
Luuk
Josje
Ruya
Alysia
Secil
Daaf
Bartele
Daan
Susanne
Nouhaila
Susanna
Jeltje
Douwina
Freddie
Kiki
Natalya
Dilara
Kika
Amrish
Wobbe
Cagri
Zenzi
Geraldine
Geertjan
Arianna
Arianne
Barend
Jan-Peter
Sieds
Rivaldo
Wilfried
Sanna
Sanne
Saya
Rieke
Radwan
Levon
Gies
Janke
Servaas
Menthe
Amna
Ebba
Diesel
Daniel
Daniek
Giel
Judith
Yonna
Vidar
Alyshia
Douwe
Dervis
Shiela
Necmettin
Mona
Mareno
Nils
Sofieke
Aykut
Shari
Rawi
Shara
Laetitia
Orion
Sunniva
Zahra
Dorrit
Jeremi
Susette
Rieks
Vinod
Perry
Khaled
Brandon
Geoffrey
Engel
Kristian
Boutaina
Freeke
Vienna
Anne-Marijn
Jacomijn
Melike
Anne-Marije
Rubi
Melika
Damiano
Charina
Marjo
Ruby
Loeke
Hazar
Jildou
Jeanine
Sergi
Glenda
Gwendoline
Marietje
Gulcan
Seyyed
Shilan
Tibbe
Jan-Pieter
Julianne
Magnus
Xavi
Jetty
Jette
Celia
Jasmien
Eren
Finley
Ilian
Kirsty
Willemke
Lilith
Alain
Ferit
Minouk
Sabrina
Harro
M'Hamed
Stevie
Mahad
Abdelwahed
Nasr-Eddine
Tomislav
Luciana
Harry
Luciano
Gerda
Gerdi
Sandhya
Jelske
Dieuwke
Yonathan
Rinze
Cinderella
Elsje
Estee
Camille
Faouzi
Amier
Camilla
Amiet
Ester
Ginny
Tiede
Nitin
Karuna
Rikus
Dita
Laila
Phil
Alex
Abdelkader
Alet
Thijs
Alev
Cennet
Alem
Alen
Catrinus
Thijn
Sera
Meint
Alec
Henk
Valentijn
Gesina
Artur
Yavuz
Berkant
Wander
Steff
Felicia
Jille
Serife
Caesar
Fiene
Jilly
Hillebrand
Fin
Tyron
Randolf
Evie
Senta
Evin
Lesly
Selwin
Kingsley
Suzie
Precious
Minouche
Lammechien
Jermain
Suradj
Dante
Kommer
Wolf
Chamilla
Yarah
Noam
Melany
Josianne
Toby
Jayce
Arendje
Ismail
Vito
Darrell
Melani
Ardina
Vita
Willemien
Tobi
Jowi
Nourdin
Sharelle
Dimphina
Akshay
Rogier
Reyer
Romina
Mouaad
Sylvie
Consuela
Giovanna
Zoulikha
Hinderkien
Giovanni
Leida
Romello
Leidy
Mehran
Giovanny
Sylvian
Hira
Charlie
Aagtje
Sueda
Jacolien
Maria
Spencer
Arina
Oualid
Reinder
Soufiane
Justine
Justina
Ilya
Cong
Jared
Ramzi
Filiz
Viona
Reshma
Mikey
Filip
Richmond
Jacquelien
Mikel
Sayfeddine
Gulseren
Romana
Channah
Ceriel
Sterre
Romano
Azra
Bento
Romany
Romaissae
Cherique
Kornelis
Shakur
Tommie
Johanan
Emmelien
Ramzy
Hilligje
Kornelia
Sahel
Raja
Tiffany
Talia
Noura
Nouri
Talip
Youp
Djarno
Siert
Laureen
Nejla
Jozien
Dunia
Quinte
Quinta
Marenne
Sandrine
Nalini
Sandrina
Hermine
Frances
Muhamed
Bastian
Aileen
Lidewij
Mientje
Jurjan
Ipek
Isis
Emil
Darshan
Emin
Rudolphus
Emie
Emir
Zacharias
Jolyn
Angelika
Brennan
Maral
Nana
Leonne
Ouarda
Benjamin
Irma
Lizzie
Jabir
Sakina
Chyenne
Kimi
Kimo
Kimm
Evelijn
Mijndert
Jennefer
Roos-Anne
Michael
Bahar
Trijnie
Boukje
Gerhard
Ricco
Rashida
Savannah
Lisa-Marie
Lubna
Rojin
Siebe
Veroniek
Aartie
Rajni
Rose
Rosa
Danick
Gigi
Constantinus
Danica
Agnetha
Danice
Ross
Bettie
Annechien
Dion
Chakib
Marrit
Roelien
Everhardus
Marrie
Lahoucine
Hamit
Marell
Kubilay
Gonul
Rowina
Maudy
Hamid
Nine
Nini
Hielkje
Chana
Nino
Maudi
Kaoutar
Mervyn
Ashvin
Kwaku
Bertus
Sayed
Elien
Daoud
Dalal
Feline
Karima
Ishan
Parel
Ishak
Dannique
Rudi
Sunny
Seren
Rudy
Kwabena
Annique
Elsemiek
Svetlana
Milano
Charline
Lummetje
Dirkjan
Floortje
Huig
Huib
Mertcan
Saapke
Geziena
Betul
Ellemieke
Elger
Isobel
Tarkan
Anya
Hannah
Hannan
Raemon
Xiomara
Jelco
Ihsane
Leopold
Yorian
Ebubekir
Jeanique
M
Xue
Nathalia
Lieneke
Nazl
Chendo
Isa
Warda
Jessica
Rafika
Anne-Marie
Anne-Maria
Nanouk
Hai
Han
Hao
Hac
Omayma
Frederikus
Sharinda
Jorien
Lilly
Humphrey
Jakob
Ginette
Chantal
Feya
Sijtse
Abdi
Vallery
Anouk
Niobe
Duran
Keely
Hanae
Anne-Lynn
Clarissa
Carlien
Paulina
Gokce
Pauline
Sertac
Ilsa
Otman
Reem
Hermanna
Fenneke
Seval
Lokman
Enna
Henderik
Bahattin
Marlous
Khaoula
Jaron
Marlouk
Uma
Matthijn
Cheraine
Aminata
Safae
Hakima
Joppe
Kader
Safak
Ashly
Peggy
Belinda
Asena
Idris
Meryam
Merel
Roos-Marijn
Servet
Dmitri
Leoni
Annie
Danja
Mohcine
Leona
Guluzar
Jesaja
Leone
Hasibe
Neil
Violet
Kaspar
Nina
Kaouthar
Teddy
Sjouke
Janien
Kyan
Clyde
Mellanie
Shamir
Jouk
Everardus
Mariana
Mariano
Bert-Jan
Macy
Mace
Caro
Carl
Cara
Mack
Polly
Gokan
Abdelkhalek
Andreia
Harriet
Sharde
Myra
Michel
Sharda
Meindert
Noufissa
Nezha
Ole
Jorginho
Menzo
Yair
Wytske
Shamara
Gaelle
Timoteus
Ogulcan
Rochelle
Renatus
Mikki
Viola
Willemijntje
Dogukan
Shayla
Tabita
Alisha
Xamira
Tuncay
Banu
Gokay
Jocelyn
Linet
Soscha
Raphael
Emirhan
Lavinia
Nehemia
Kars
Necip
Manna
Tamira
Kara
Kari
Artje
Karl
Aleksandra
Meriem
Adham
Bibian
Thalina
Thea
Steyn
Thirsa
Henriet
Arnoldina
Sarra
Brando
Souhayla
Brandy
Devon
Marino
Marina
Bibiane
Maryama
Marine
Bibiana
Kadija
Nikhil
Bote
Sherilyn
Gordon
Nevra
Ot
Marlo
Mallory
Madelijn
Maximiliaan
Froukje
Pia
Dakota
Iain
Damy
Rika
Mellissa
Andy
Romaisae
Marein
Bernardus
Wiebe
Sarissa
Frank
Nimet
Yde
Lubbertus
Erik-Jan
Franz
Caitlyn
Grietje
Harke
Antonia
Rosalia
Zulal
Antonie
Rosalie
Rosalin
Antonio
Nikolas
Hella
Paco
Firdaous
Birol
Liban
Annieck
Katia
Katie
Marijana
Christiaan
Jeftha
Zola
Yessin
Emese
Arsalan
Gian
Marcellino
Shah
Shai
Shan
Mara
Dima
Immanuel
Wieske
Asad
Emmelie
Bernie
Wynand
Lolke
Akash
Aura
Tijme
Sergei
Sergej
Loreen
Christoffel
Sergen
Jeff
Kwame
Klaziena
Malte
Krijntje
Britt
Pascal
Tygo
Hermanus
Ouassila
Neelke
Annegreet
Gerdine
Gerdina
Mirjana
Sierra
Barteld
Kristien
Ramona
Hazel
Rizwan
Paddy
Fianne
Zaynab
Mexx
Julius
Lineke
Nanko
Richardus
Edanur
Seraya
Danial
Prescilla
Shelina
Leandra
Anniek
Leandro
Tuur
Lidwien
Bijou
Jie
Jia
Jin
Jil
Jim
Beyonce
Betsy
Sharella
Jip
Pomme
Francien
Stef
Mirela
Dinant
Sten
Binck
Mahsa
Dinand
Marylou
Brechtje
Yorick
Anneroos
Candy
Berit
Maurice
Yalcin
Haiko
Jannetta
Hager
Jannette
Kathelijn
Jinke
Boban
Zeinab
Imaan
Rowen
Jorick
Caren
Gilmar
Yusra
Alaa
Daryl
Janet
Janey
Alan
Semra
Yoelle
Jorinda
Yoella
Lyanne
Jorinde
Ronny
Tori
Amaya
Sibel
Zafer
Giorgio
Eran
Alies
Damini
Giorgia
Alien
Gallyon
Elisha
Chrisje
Dimphna
Ceciel
Janske
Eray
Eelco
Daniela
Daniele
Elvan
Khadra
Lamberta
Gerardus
Sabrine
Sieger
Kerem
Ashna
Corinda
Inke
Ashni
Kors
Edine
Edina
Marjorie
Fedoua
Rayvano
Nilofar
Yamilla
Cato
Atakan
Pleun
Ylona
Avinash
Blanche
Rosie
Yeliz
Marlien
Clayton
Marlies
Maan
Franciska
Yasin
Nathan
Selinde
Ryan
Teuni
Zarina
Emerentiana
Ingrid
Teuna
Geerten
Seraja
Antoinet
Yfke
Latife
Annejet
Latifa
Aruna
Ya
Ouafa
Denis
Mikayla
Deniz
Raisa
Regina
Regine
Misja
Rasim
Aya
Krystel
Djordi
Rasit
Evangeline
Maas
Martika
Djordy
Tanika
Serena
Shayne
Shayna
Sheranie
Rosana
Caecilia
Daya
Omaima
Raouf
Anuschka
Jytte
Raoul
Gonca
Denisha
Nuriye
Katy
Bennet
Channa
Sam
Sal
Ilyas
Emmanuel
Sahin
Crista
Sahil
Zahid
Ravi
Noraly
Zahia
Ridouan
Jakobus
Cliff
Kate
Geertruda
Milly
Gregorius
Deon
Liselore
Augustinus
Mille
Harmina
Milla
Peter-Paul
Vera
Vere
Bastien
Chahira
Ceylan
Ulrich
Firdevs
Saranda
Hafssa
Tein
Ricardus
Mirre
Freddy
Teis
Miguel
Annebeth
Thecla
Jurjen
Mees
Thymen
Nickolas
Juliano
Aiden
Juliana
Jesus
Bowen
Fredrik
Nickolai
Kian
Rien
Teije
Aemilius
Onur
Hasse
Itske
Nard
Myriam
Jaber
Yasir
Fransiscus
Evelina
Gidion
Eveline
Sahila
Saban
Nitesh
Levin
Ilene
Haris
Xenia
Stella
Corne
Jozias
Sureyya
Azad
Saffira
Daron
Sjaak
Sydney
Zoubeir
Rowy
Gonneke
Ergun
Abdulahi
Zora
Ibtissame
Oumnia
Oege
Chaja
Maatje
Dominicus
Irmgard
Rewien
Veerle
Charon
Shantie
Vinay
Zayd
Anne-Louise
Hendry
Nazife
Hendri
Jesmer
Nassim
Rinskje
Erdal
Meeke
Younes
Ambra
Shawnee
Paris
Cailey
Seyyid
Loura
Jaydon
Daley
Mayla
Ogun
Fabiola
Tycho
Jill
Imrane
Oguz
Marjet
Ornella
Kees
Brittany
River
Ashwan
Abdirizak
Shaira
Brend
Huub
Matthys
Werner
Trynke
Ercan
Brent
Rylana
Ruben
Jacyntha
Yanaika
Kursat
Antonius
Joachim
Paulo
Razia
Kursad
Millie
Hellen
Nourdine
Bouke
Nyah
Hannes
Issam
Ariane
Aloys
Ariana
Pedram
Lindey
Adri
Eize
Jean-Pierre
Fahim
Dinah
Berke
Chandeni
Corrine
Figen
Anouar
Leontien
Hadassah
Ainhoa
Iona
Mijs
Cilla
Ikra
Christ
Janouk
Freke
Jalisa
Garry
Jorian
Fatma
Ger
Maiko
Mattijs
Aschwin
Maika
Vivien
Maike
Maroua
Jay-Jay
Sabir
Mattijn
Ulrike
Ragna
Asja
Dimas
Gerrita
Lukas
Wibe
Nakita
Fedde
Adriaantje
Vicky
Ernestine
Erol
Arsen
Yong
Yoni
Manus
Titia
Liselot
Massimiliano
Eros
Hadi
Cansel
Shona
Alican
Iskander
Maisam
Shanaya
Judit
Sicco
Rikke
Judie
Chanine
Petter
Manouschka
Willebrordus
Danny
Ingemar
Yaron
Jefta
Ravindra
Danni
Midas
Herbert
Carmen
Kristel
Carmel
Kristen
Julio
Wenke
Mark-Jan
Gozde
Julie
Kasper
Taede
Tisha
Marcia
Marcin
Samiha
Seyda
Jenneken
Jentje
Chaymae
Tyra
Noemi
Sevval
Joya
Flynn
Konstantin
Meyke
Munevver
Gioya
Eduard
Darius
Brigit
Fardou
Kazimir
Taco
Lente
Monisha
Jarco
Roelofje
Reginald
Sai
Charlot
Syed
Gamze
Wolter
Zahir
Eeuwe
Soufian
Giedo
Teuntje
Reijer
Yael
Rineke
Mechelina
Rosali
Misha
Marchien
Sanjana
Rosaly
Quin
Eugene
Nurcan
Hiltje
Montana
Remmelt
Jonie
Solaiman
Erdinc
Eden
Lambertha
Zuzanna
Kato
Yasmin
Aziza
Chavez
Azize
Boele
Sharleen
Beitske
Dondu
Henrikus
Nahid
Hediye
Tayfun
Rienk
Manja
Rosella
Yannick
Pedro
Nivard
Meriam
Merian
Magda
Shenna
Trienke
Alexa
Fennechien
Caitlin
Arda
Chelsey
Willard
Mirte
Ilonka
Reggie
Lauranne
Chelsea
Jessy
Diana
Hector
Tuyet
Diane
Arjun
Jessi
Orin
Jessa
Jesse
Jennigje
Cheng
Mylou
Taylan
Faycal
Tjomme
Darwin
Jamairo
Kick
Iman
Imad
Arnaud
Else
Tanju
Shanya
Larissa
Imar
Johannus
Haron
Michaela
Frouke
Necati
Annelieke
Wafae
Joosje
Marwa
Jaafar
Demi
Wang
Margrietha
Hicran
Demy
Jalila
Zakariae
Roche
Rimke
Tilly
Anne-Mieke
Rabia
Nida
Hymke
Madelon
Marianka
Vince
Reza
Ibtisam
Nirvana
Talitha
Yuen
Shirley
Gooitzen
Charif
Yordy
Elgin
Yordi
Volkert
Hilmi
Dain
Bartholomeus
Lutske
Ellenoor
Aboubakr
Cristiaan
Chrissy
Leanne
Jing
Jantje
Melisa
Farshad
Marinus
Charifa
Claudy
Nanine
Sedat
Richano
Sherman
Emmanuelle
Meinte
Fairouz
Cathalijne
Sally
Regilio
Arabella
Marwan
Chaima
Maks
Krissy
Bastiana
Aydin
Gulcin
Dimitris
Enise
Rozemarie
Shaila
Wiepkje
Ciara
Tjerk
Kwint
Merlijne
Raymondo
Kelsy
Jet
Chimene
Tymo
Thijmen
Alessa
Roxan
Jef
Dayanara
Lotje
Laurine
Laurina
Patryk
Stan
Orry
Youandi
Mindert
Diliana
Tinus
Racha
Shabnam
Habib
Evita
Rowanne
Hagar
Nisanur
Kerwin
Abd
Abe
Ralph
Zeineb
Rowan
Bruno
Rosemarijn
Bruna
Rosemarije
Cissy
Bertjan
Nazmiye
Ronja
Agneta
Tyson
Izzet
Sevde
Renee
Salima
Dylan
Matteus
Ocean
Jannet
Hobie
Jannes
Dyon
Carlos
Jaike
Celal
Selcan
Aantje
Fannie
Ingo
Marissa
Inge
Aldert
Inga
Yazid
Yanick
Marthijs
Suzan
Veere
Arenda
Yesim
Evan
Jeppe
Mercy
Nabila
Ditta
Jamy
Ditte
Omar
Tamika
Irini
Gijsbrecht
Karishma
Irina
Madee
Metehan
Zeynab
Mary-Ann
Euan
Tjalle
Leonieke
Rawan
Antoine
Brittney
Anne-Floor
Marthijn
Jenthe
Serana
Jeanny
Annelien
Serano
Giliam
Gilian
Annelies
Mimoun
Ward
Ries
Katelijn
Natalja
Jeanne
Eleonoor
Ubah
Stoffel
Mareille
Natasa
Annemiek
Runa
Esteban
Heimen
Aranka
Arife
Kjeld
Marinthe
Bridget
Kjell
Quoc
Kjelt
Manfred
Jasmin
Cemre
Remmert
Jettie
Kenza
Barrie
Selene
Arjuna
Selena
Isolde
Henrietta
Ahmed
Caroliene
Henriette
Manita
Rahel
Ahmet
Cherinda
Gene
Delila
Ninon
Sep
Allan
Allal
Sef
Corien
Nahom
Seb
Muhittin
Sen
Sem
Cerise
Rhonda
Romero
Yanniek
Joanie
Christian
Meinke
Isai
Jozefien
Dominiek
Gulsum
Isar
Arjo
Derya
Lucy
Arja
Sidi
Bono
Sietse
Olivier
Josta
Ayden
Conrad
Luck
Teodora
Aidan
Lewis
Dinesh
Bjorn
Haroen
Bodil
Kaydee
Sinne
Anuska
Ridge
Anny
Kiet
Riaz
Anno
Riad
Kiek
Anne
Anna
Atie
Santiago
Ahalam
Thanh
Marjanne
Brand
Jazzley
Ires
Klaas
Irem
Volkan
Foeke
Umut
Keimpe
Holger
Ismahane
Fahri
Numan
Louk
Sasa
Harma
Maryn
Annewil
Fikriye
Corry
Marye
Annelein
Feyza
Maurits
Darko
Nicoline
Mauritz
Clifford
Jackson
Thommy
Heavenly
Gerhardus
Scarlett
Mascha
Esli
Najat
Semih
Ghita
Semir
Febe
Carst
Hayati
Micha
Tjesse
Evert-Jan
Domingo
Nasser
Grytsje
Edgar
Derrick
Loretta
Doris
Maroussia
Teatske
Jelt
Ozkan
Frenky
Hedzer
Abid
Siebren
Dawn
Elcke
Erdem
Nieske
Haitam
Cyrano
Alfons
Ingetje
Dalia
Lamberdina
Beerd
Jildau
Kean
Hillary
Beert
Demie
Vico
Jamila
Marjan
Marjam
Rufus
Dries
Jannigje
Danika
Chesney
Driek
Heine
Robertino
Shaina
Reece
Albert-Jan
Wieger
Jelka
Rubin
Jelke
Rowi
Ysbrand
Roseanne
Miquel
Yanou
Abdirahman
Ike
Erinn
Hannie
Wassim
Sijgje
Wiepke
Vijay
Clementine
Teake
Karien
Yentl
Clarice
Mink
Yente
Mina
Mine
Ming
Sedanur
Houdaifa
Jacintha
Randolph
Wahiba
Sheldon
Warsame
Hanke
Khouloud
Ricardo
Lorenzo
Redmer
Paloma
Spike
Lorenza
Sijtje
Philippe
Philippa
Saber
Vivian
Tolunay
Anouschka
Seda
Najoua
Sevil
Sevim
Hadia
Alice
Michell
Radi
Gerard
Liene
Liena
Wing
Sezgin
Djonno
Ewout
Lizz
Donnie
Mellisa
Liza
Babiche
Lize
Madiha
Kyrill
Aybike
Ewa
Idse
Fuat
Tiny
Inez
Tine
Tina
Tino
Ines
Fuad
Eric-Jan
Peternella
Lea
Kylian
Lee
Ankie
Annigje
Riana
Kristan
Len
Leo
Lev
Lex
Kirsten
Lenno
Mirko
Neal
Robbin
Chaira
Eileen
Dragan
Harmpje
Fatih
Houssam
Marchje
Nelis
Majda
Abdullah
Ranya
Sonya
Wijbe
Kubra
Nelie
Rishma
Marilene
Halime
Halima
Eleni
Sjoerd
Elena
Elene
Hermannus
Rielle
Elsina
Sude
Rianka
Gonnie
Hilary
Dalibor
Belgin
Sarinah
Annoeska
Zine-Eddine
Shanne
Kimmy
Sumeya
Soma
Begum
Oda
Melwin
Jessie
Roni
Marlissa
Mounssif
Deanne
Rona
Bayram
Mathys
Cenk
Rony
Emely
Noureddine
Cathalina
Ifrah
Donald
Zeger
Kiefer
Ajdin
Conor
Koray
Yassmina
Annebelle
Yassmine
Edis
Edin
Teddie
Arendina
Renzo
Hamze
Delina
Fausto
Hamza
Renze
Jhonny
Mijke
Cyrelle
Tugba
Zillah
Haydar
Bertha
Diena
Berthe
Berdien
Milouda
Nadir
Mathias
Edvin
Nadie
Marsha
Nadia
Adem
Kavish
Nadin
Nadim
Brigitte
Nynke
Serve
Delphine
Dominick
Lakeisha
Dominica
Ashwien
Sherif
Corwin
Nalinie
Fabienne
Elaine
Zhi
Luan
Georgette
Jersey
Danita
Wopke
Gita
Just
Martien
Abdelhafid
Jorike
Matej
Mateo
Kwok
Jefrey
George
Sander
Dijana
Soesja
Rico
Yilmaz
Rick
Loeki
Bojan
Bert
Safwan
Abdessamad
Fahd
Arend-Jan
Valentin
Mounaim
Berk
Imen
Tsjerk
Daria
Dario
Benny
Gerrit
Benne
Berry
Abdelmalek
Muharrem
Benno
Saul
Katya
Dean
Cynthia
Afke
Percy
Annemay
Abdel
Lizzy
Sabria
Charel
Rivano
Remo
Sabrin
Isaak
Davud
Tamimount
Isaac
Liedewij
Tammo
Tamme
Jasperina
Maira
Suzette
Dajana
Reinald
Tammy
Renier
Habiba
Mellany
Matijs
Gizem
Bastiaantje
Cagla
Chemene
Jacob
Neeltje
Matijn
Mouna
Dilana
Roeland
Jens
Dilano
Lien
Jent
Lies
Johann
Alessio
Roelant
Alessia
Stephany
Hendericus
Stephana
Bodien
Stephane
Naomie
Souhail
Valentine
Sercan
Walter
Dinh
Baran
Gaia
Sedef
Mayra
Denyse
Yenthe
Yuksel
Ishika
Jaromir
Ylana
Wytze
Martin
Josanne
Rivka
Viet
Suheyla
Dieter
Railey
Farzana
Annamaria
Jacobine
Jacobina
Radia
Ferdinandus
Che
Jay
Handan
Chi
Tjerry
Divera
Jan
Jai
Aicha
Wessel
Evertine
Wail
Kirby
Chenna
Bloeme
Grace
Amira
Gretha
Ayoub
Faber
Lysan
Nander
Casparus
Zeki
Marlena
Marlene
Benedictus
Khalil
Skip
Cemal
Shayenna
Khalid
Marouscha
Parsa
Danitsja
Mila
Milo
Abderrahmane
Jakub
Margareta
Myrte
Baer
Swen
Margareth
Ozgur
Freek
Rowana
Hanin
Hanim
Caroline
Dudu
Carolina
Oskar
Teske
Bartjan
Teska
Sejla
Marcelino
Sefa
Noelia
Marceline
Jessika
Marcelina
Nawid
Jannah
Eppo
Hafid
Sevcan
Mauritius
Ervin
Sjieuwke
Fadwa
Lotfi
Johanneke
Erin
Erik
Eric
Raisha
Asim
Oktay
Winesh
Asif
Suzet
Asia
Zohair
Inci
Kristof
Nilgun
Anneleen
Emira
Rochus
Zeyneb
Nouh
Britney
Guus
Jair
Tjitze
Noud
Zeynel
Detlef
Zeynep
Ismael
Nour
Omer
Tanneke
Nout
Yahye
Lourens
Sofyan
Morsal
Petri
Purdy
Marcos
Idriss
Roderik
Hieronymus
Maia
Hasna
Abderrahim
Maik
Roelinda
Elja
Zarife
Petra
Rosan
Dorine
Paula
Fardin
Zonne
Jan-Joost
Jeannine
Busra
Duygu
Marretje
Goossen
Phebe
Akif
El Hassan
Tineke
Akin
Geerdina
Celeste
Letitia
Celesta
Tulay
Almar
Eelke
Eelko
Safaa
Wei
Wen
Wensley
Wes
Mylene
Rolf
Sharine
Sharina
Gerwin
Rajeev
Egon
Yuri
Theunis
Shayenne
Aysun
Ahmad
Selenay
Lennaert
Buket
Felix
Thobias
Florentina
Toni
Florentine
Ninke
Ceylin
Usama
Melchior
Cherrelle
Veronika
Olaf
Lidewei
Pieterke
Geeta
Christien
Fulya
Mikhail
Shahin
Shahid
Johnson
Teunis
Axelle
Xynthia
Kamran
Arne
Annerieke
Teunie
Klaasje
Gerjan
Juup
Wassila
Atif
S
Lolita
Abdelmounaim
Juul
Arsenio
Dennes
Olav
Stefan
Jeremy
Priscillia
Jelte
Imogen
Fazilet
Bowe
Sacha
Abdellatif
Karoline
Sima
Karolina
Loyd
Sumeyye
Imko
Melanie
Floyd
Aartje
Melania
Imke
Catharinus
Soumaya
Lourdes
Vincent
Hillechiena
Wisse
Kenneth
Abdelhak
Reint
Siobhan
Fija
Komal
Reini
Janine
Manuela
Janina
Reina
Thijme
Ravenna
Dick
Dico
Metje
Aissa
Steffan
Hilke
Hilko
Mingus
Muna
Semmy
Maite
Esha
Charl
Humeyra
Carol
Lorena
Shady
Teoman
Lorenz
Hubertus
Shade
Aysha
Shadi
Naoufal
Farha
Anja
Anje
Aida
Anjo
Cuma
Terence
Djimmy
Andres
Sule
Frieda
Jimmie
Jits
Vasiliki
Kaitlyn
Fransien
Senem
Lesley
Klaas-Jan
Liana
Alperen
Liane
Mayk
Jafar
Solana
Ludwina
Solane
Danilio
Hashim
Koos
Koop
Mayte
Janneke
Jayla
Minne
Phillip
Fabrizio
Mateusz
Fahrettin
Lianda
Imran
Vigo
Eltjo
Somaya
Iwana
Tolgahan
Mare
Ayrton
Marc
Mari
Mark
Mart
Peterke
Gerrald
Saloua
Alfred
Mary
Abdelouahid
Rodger
Marente
Marileen
Nasira
Yaela
Carlito
Marilyn
Earl
Alco
Anuradha
Marlotte
Wimke
Leonarda
Krina
Leonardo
Dinie
Liam
Michou
Aliene
Ashraf
Lourina
Aarti
Gerritdina
Ezgi
Saima
Pepe
Herma
Lava
Madhavi
Winanda
Saskia
Storm
Ada
Redmar
Kajol
Adi
Anneke
Ide
Agnieszka
Gea
Sabah
Tjardo
Tjarda
Lenna
Allard
Kaan
Aziz
Remon
Kaat
Carlin
Zekiye
Renco
Constant
Vishnu
Philippus
Izak
Jefferson
Cherina
Cherine
Moise
Ayah
Elana
Ayan
Tijs
Jayant
Brechje
Inas
Antoon
Gwenda
Tijn
Tijm
Tijl
Ferdinand
Indah
Tije
Monica
Lan
Jake
Lai
Abdurrahman
Chun
Houria
Annet
Ummuhan
Israe
Lynda
Bartje
Fernanda
Manolya
Fernando
Sujata
Miron
Turan
Naveen
Deni
Pablo
Elyne
Melvin
Samuel
Soleil
Pnar
Fernand
Fulco
Danijela
Take
Annemarije
Rayen
Moses
Annemarijn
Rixt
Marie-Louise
Jazzy
Ella
Elle
Elly
Tialda
Ludovic
D'Angelo
Emmanuela
Ravish
Christiena
Tjisse
Wiebren
Obbe
Akke
Enzo
Gwen
Stoffer
Yaniek
Enza
Jilles
Fiona
Naima
Naime
Eliz
Roby
Irfan
Nouschka
Jessey
Marijne
Robi
Gelske
Verena
Moulay
Enya
Jayne
Arslan
Lauretta
Henrico
Laurette
Lusanne
Barthold
Violeta
Claartje
Lobna
Robert-Jan
Joas
Adaja
Dolf
Mazlum
Chermaine
Anthe
Odette
Joah
Joan
Joao
Victor
Parisa
Ewoud
Nader
Geronimo
Jolene
Veda
Ishaan
Nicol
Julide
Sija
Rueben
Sije
Geert
Connor
Dionisius
Torsten
Dingenus
Su
Bartosz
Si
Hatun
Ouassima
Sheila
Rijkje
Abdinasir
Josephine
Seppe
Wiard
Matin
Beytullah
Florieke
Caspar
Stian
Ype
Tania
Geurt
Chislaine
Ytsje
Shalinie
Eefje
Birgit
Shairon
Benji
Chaline
Jerrel
Daisy
Pytsje
Matti
Matisse
Jarick
Jarich
Derk-Jan
Ivon
Irsa
Deen
Laurie
Frederike
Lysanne
Frederika
Sharmayne
Dian
Domenico
Johnathan
Domenica
Illias
Diaz
Charaf
Hatice
Delilah
Gerritjan
Harmanna
Adrianus
Huriye
Loredana
Sumeyya
Giacomo
Salwa
Cacharel
Faisa
Doron
Dominik
Ayub
Dominic
Beertje
Sweder
Arlette
Sandia
Melih
Melik
Melis
Gayle
Lian
Chayenne
Sjeel
Suna
Daantje
Chayenna
Ena
Gael
Djay
Kaitlin
Henna
Zelda
Engelbertus
Henny
Guillaume
Denzell
Jesper
Danya
Marten
Farina
Marwin
Keziah
Jaidy
Tuan
Feikje
Nona
Lamiae
Achmed
Yentle
Merve
Krystian
Aynur
Elyse
Josephina
Elysa
Ebru
Anne-Marieke
Jurren
Simone
Greg
Simona
Bushra
Intissar
Anna-Sophie
Kaleb
Daimen
Keisha
Eslem
Querine
Fabio
Sandhia
Jeremiah
Mehdi
Naara
Kemal
Klaartje
Wael
Meral
Sinead
Daimy
Danne
Jeremias
Bashir
Ilja
Ariette
Ossama
Zilan
Machteld
Cristian
Evalien
Elnaz
Pippa
Danitia
Matthieu
Pippi
Arris
Guillermo
Liesje
Elisa
Havva
Douglas
Kimberly
Ciska
Julia
Ciske
Gulizar
Albertus
Kamal
Josefien
Nik
Orcun
Adeline
Jense
Adelina
Shirly
Jolanda
Jolande
Kenan
Sherien
Anne-Jet
Lucinda
Madina
Arinda
Sevda
Zerrin
Yasemin
Marouan
Thi
Chiel
Chiem
Massimo
Aliya
Rhys
Remie
Johny
Rozemarijn
Marelle
Gabriella
Norine
Hassana
Gabrielle
Lennox
Ruveyda
Karlo
Kyran
Branko
Karla
Riemkje
Aurelie
Idil
Aurelia
Sharena
Semanur
Jannine
Liora
Aafje
Mariska
Jael
Moniek
Davine
Davina
Theodore
Theodora
Marcio
Michelle
Michella
Miray
Arwa
Aaldert
Faisel
Miran
Crystal
Abdelhamid
Maxime
Margot
Mirac
Quintus
Abdallah
Jantsje
Brecht
Timmo
Carolijn
Farhan
Fennetje
Yeter
Farhad
Rowie
Rowin
Franck
Franco
Yke
Myla
Mylo
Franca
Riza
Cheyenna
Jovanka
Cheyenne
Laquisha
Margretha
Beatrijs
Morrison
Constantijn
Diederick
Mihriban
Gezinus
Chanique
Hiba
Emircan
Isabella
Isabelle
Arlene
Hasret
Elise
Veronie
Melroy
Reineke
Harm
Richtje
Merith
Steve
Danila
Almer
Graham
Wan
Feride
Wai
Lolkje
Crispijn
Zana
Havin
Maissae
Dejan
Rabab
Henrie
Sjoerdtje
Emmy
Henrik
Ayana
Ajay
Safira
Atika
Astrid
Nawal
Florentijn
Yassir
Donny
Jolinda
Donne
Jolinde
Donna
Yassin
Hassan
Rahma
Narin
Gillermo
Done
Alfonso
Asmara
Antje
Gepke
Elseline
Madhvi
Soraja
Jeltsje
Foekje
Nidal
Anastasija
Esther
Lieuwe
Luka
Tietje
Lubertus
Sila
Joshi
Meis
Ariadne
Faith
Rokus
Antonetta
Jolie
Rohini
Sipke
Akira
Gullu
Dennie
Lonneke
Najlae
Salman
Wendelien
Nic
Dennis
Songul
Abdelaziz
Hanneke
Ferdi
Bernard
Tyler
Pamela
Anabel
Engelina
Annicka
Yvo
Ferdy
Georgios
Annefleur
Carissa
Hendrik-Jan
Rimmer
Suraj
Darcy
Billy
Jidde
Madeleine
Milana
Dieneke
Shukri
Robyn
Barthelomeus
Finn
Charlene
Cris
Laurens-Jan
Charmayne
Jante
Niel
Mijntje
Lucinde
Carola
Carole
Rowenna
Ted
Calum
Samsam
Odin
Thu
Shaniqua
Shemara
Kerstin
Bjarne
Bill
Sylvain
Ganesh
Annelore
Alphonsus
Gulten
Dascha
Tijani
Yosri
Taylor
Rosalien
Geerke
Catherina
Yosra
Catherine
Lior
Lion
Sandor
Michiel
Giselle
Ouafae
Nikola
Eli
Anastacia
Ouafaa
Jurrit
Ela
Senad
Amarins
Turgut
Gokhan
Souraya
Jurrie
Meltem
Norman
Kitty
Emiel
Nadina
Nadine
Josina
Aliye
Josine
Rima
Nola
Tommy
Tosca
Adrian
Niloufar
Elsbeth
Oussama
Brit
Juultje
Helena
Helene
Emrah
Florence
Kazim
Efraim
Manouk
Zen
Demelsa
Ayman
Mayella
Polat
Yildiz
Geoffry
Jannetje
Klaasjan
Abdelouahed
Rolien
Maartje
Heinrich
Gerry
Konstantinos
Keziban
Mariella
Vincentius
Coco
Ad
Touria
Gulhan
Ai
Denilson
Al
An
Annelinde
Btissam
Marinka
Marinke
Lars
Najla
Marcellinus
Brad
Sela
Katinka
Lara
Lard
Gio
Iefke
Nol
Aymane
Sabine
Keshia
Sabina
Fredericus
Silas
Maikel
Jamilla
Remko
Lieve
Anoek
Dalya
Titus
Timmie
Jaimy
Sheryl
Jaime
Raynor
Hafsa
Xavier
Chico
Ergin
Charlotte
Hjalmar
Zosja
Asma
Suleika
Dafina
Lennon
Esraa
Salaheddine
Pawan
Sarena
Tirzah
Shabana
Ischa
Wilhelm
Evanne
Marise
Kalina
Gwenn
Marisa
Tjitte
Yahia
Boyd
Boye
Slimane
Mirco
Kristin
Kristie
Margit
Luuke
Kamile
Armano
Kamila
Abdurahman
Arun
Nerissa
Davinia
Armand
Zander
Ferdie
Lazar
Klara
Yin
Rikst
Yiu
Kiri
Wijnanda
Yip
Lucian
Kira
Rita
Delayla
Thera
Lena
Lene
Rudolfus
Leni
Lenn
Wijnand
Leny
Wyke
Abdiaziz
Sanaz
Anika
Markus
Claire
Sieme
Sanae
Sanaa
Zwier
Kaltoum
Klasina
Femke
Wilmer
Fatema
Jolina
Ludovicus
Bircan
Lukasz
Shamira
Menekse
Moises
Sijbren
Hilbert
Lionel
Kathinka
Philipp
Romay
Joel
Joek
Alexis
Allon
Roman
Joes
Joep
Jorben
Alexia
Joey
Sherona
Shelley
Driesje
Annisa
Marcel
Roelie
Adriaan
Toine
Thaisa
Wilson
Nicky
Mathieu
Sofiane
Riham
Nicki
Ireen
Rihab
Omid
Yorrick
Natacha
Bodi
Jennie
Geena
Luis
Bekir
Enola
Luit
Sina
Sarafina
Sindy
Cecil
Gerjon
Huda
Ghizlane
Nazha
Pasquale
Payam
Orpheo
Olle
Kylie
Bartha
Tirza
Meeuwis
Choukri
Wiert
Imme
Immy
Wierd
Eibertje
Lowie
Loran
Johannis
Jeannot
Bibiche
Oona
Juliette
Shawny
Rosalyn
Annemie
Myrthe
Freerk
Djustin
Serra
Anita
Stefania
Vikash
Stefanie
Owen
Gilberto
Erkan
Nanou
Aslhan
Yonca
Carin
Tamer
Nesrin
Zahraa
Boris
Ishara
Shane
Shana
Shivani
Frat
Niene
Aryan
Funda
Hilal
Ferhat
Ferron
Dymphna
Bing
Tjipke
Matthe
Binc
Geart
Abderrazak
Ferhan
Naoual
Aleyna
Alrik
Suze
Matheus
Sytse
Rasmus
Rohan
Zina
Casper
Zino
Lima
Ingmar
Ismet
Fjodor
Baris
Marjolein
Richard
Levinus
Lejla
Oebele
Lance
Raihana
Billie
Bader
Amro
Mindy
Sameer
Heidy
Hannelore
Amra
Emrullah
Dyllan
Zenab
Cristel
Heidi
Toke
Yoshua
Faouzia
Rukiye
Abdelghani
Filipe
Fouzia
Jorine
Jorina
Eimert
Tark
Matt
Ian
Taro
Kiona
Wladimir
Tara
Randa
Matz
Fatima
Randy
Fatime
Beyzanur
Ietje
Mauricio
Didem
Shireen
Tolga
Mervin
Charleen
Yara
Edmee
Ilvy
Shereen
Yari
Jackie
Tjark
Yaro
Hibo
Abdalla
Abdellah
Ilva
Adrienne
Iboya
Maylin
Dicky
Jiri
Devina
Lean
Djen
Lakisha
Abdelrahman
Djurre
Jiry
Silvester
Maykel
Agata
Nathanael
Herjan
Levina
Senn
Lyan
Sena
Cheverny
Basma
Myrle
Maurien
Sabiha
Ernst-Jan
Anne-Jan
Jannie
Jannik
Elbertha
Jannis
Emmeline
Goos
Thibault
Kenney
Jawad
Querijn
Safouan
Aditya
Kailash
Jihad
Hindrik
Jihan
Tyas
Lok
Sana
Ummugulsum
Lot
Lou
Jaap
Wicher
Josca
Guinevere
Gilano
Babette
Nathaly
Rinaldo
Eelkje
Anthonie
Anthonia
Quintin
Hanan
Santosh
Ana
Anl
Elvire
Ann
Hanad
Anh
Elvira
Ank
Steventje
Ans
Hayley
Margreet
Leonique
Sharmarke
Keltoum
Fardau
Moska
Seray
Lela
Antwan
Lisenka
Sohrab
Kyla
Roumaissa
Attila
Rodin
Marcelis
Julisa
Femia
Tulin
Saba
Mitchell
Farouk
Femmy
Ellemijn
Evelyn
Issrae
Almir
Steffy
Marisol
Hava
Yarnick
Stern
Maissa
Milco
Tido
Femma
Steffi
Femme
Elsa
Joanneke
Florent
Florens
Remke
Hermen
Rahim
Camilo
Elbertus
Djoey
Fabrice
Camila
Raoel
Sharifa
Yasser
Usman
Diewertje
Cherissa
Joke
Diede
Eilish
Nelson
Rivelino
Donja
Yvana
Riva
Ivette
Milica
Penelope
Roxane
Roxana
Roelof
Romkje
Halbe
Gerjanne
Allert
Mason
Abdelali
Zamira
Kailey
May-Britt
Baukje
Miloud
Enrico
Kayla
Connie
Xaviera
Neele
Bryant
Nick
Djura
Hansje
Djuri
Liron
Dikra
Rodi
Athanasios
Johnny
Jordy
Ymke
Vildan
Pakize
Djayden
Konrad
Lisandra
Jordi
Remziye
Flavio
Abdulkadir
Tobie
Jafeth
Wafaa
Liesanne
Daphny
Zhane
Claudette
Lawrence
Diandra
Viresh
Daphna
Jobje
Bernou
Waldo
Afaf
Berdan
Cassidy
Larisa
Abdou
Toos
Bogdan
Luana
Kristine
Luc
Kristina
Noella
Jamal
Oane
Alle
Lilianne
Louwrens
Violette
Violetta
Sijtze
Anahita
Geneva
Dhiraj
Lotty
Hilco
Deborah
Lika
Romaissa
Damien
Annebel
Yaprak
Brendon
Morgan
Wandana
Jeremey
Lavina
Yucel
Bettine
Maruschka
Dione
Bettina
Diona
Rommert
Simcha
Shiwani
Paulette
Tanisha
Corbin
Ozge
Annabel
Burak
Wout
Chanice
Annette
Desteny
Annetta
Khallil
Merle
Farida
Koendert
Tiemo
Tjeu
Arnout
Hossein
Tieme
Tonnis
Django
Noha
Wilko
Arnoud
Wilke
Tonnie
Jayda
Thomas
Nayomi
Amila
Charell
Joann
Margaux
Abdessalam
Joana
Christie
Joany
Akram
Ramla
Yousri
Lamar
Pui
Puk
Tristen
Yousra
Raziye
Hailey
Mient
Farisha
Flip
Fabiano
Fabiana
Margien
Rilana
Ouail
Anouska
Benedicte
Rafik
Margriet
Jilke
Rafiq
Quirijn
Charis
Anne-Claire
Lyon
Bahadir
Ivanna
Joery
Karmen
Sarina
Romain
Helder
Joeri
Marchiano
Renko
Caitlynn
Anna-Louise
Priya
Johanna
Johanne
Bernice
Anjuli
Raff
Ramy
Mucahit
Vinesh
Kain
Rami
Nordin
Manel
Charmain
Mucahid
Vittorio
Caya
Kady
Lynette
Moussa
Tin
Christianus
Aymen
Henk-Jan
Roselinde
Lia
Krijna
Lin
Vesna
Masoud
Liv
Orhun
Lis
Liz
Bart-Jan
Kaj
Kai
Josef
Irving
Edmond
Kas
Jaco
Jack
Monika
Kay
Isra
Ardian
Lyndsey
Lucas
Madelief
Niklas
Chadia
Bonny
Juanita
Bonne
Berend-Jan
Quinton
Bonno
Arya
Juanito
Jeanette
Myrne
Durk
Sheng
Myrna
Ali
Klaudia
Liliana
Ale
Liliane
Matty
Hilbertus
Aly
Emmaly
Tarik
Alp
Faye
Faya
Sammy-Jo
Hetty
Angelle
Laurence
Yme
Evelien
Hette
Marlisa
Annelise
Ceyda
Marlise
Menne
Sade
Menna
Menno
Breunis
Sanel
Souad
Lode
Melloney
Ilyass
Lody
Helen
Birte
Graziella
Ersin
Bobby
Bregje
Ditmar
Siham
Bobbi
Phyllis
Majid
Mehtap
Indie
Geurtje
India
Wilmar
Louiza
Milan
Derk
Jannita
Ridwan
Milad
Marja
Tibo
Timber
Hiske
Destiny
Elroy
Sharida
Akkelien
Herwin
Nieck
Destina
Pien
Romee
Musa
Romek
Inass
Romeo
Deepak
Jannieke
Rhona
Aaya
Piet
Vishal
Pier
Rosalinde
Greetje
Kellie
Rosalinda
Feiko
Feike
Salvatore
Ertugrul
Divano
Vincenzo
Lucien
Clinton
Manolito
Nail
Naim
Lasse
Dorothea
Kawa
Dorothee
Adolf
Bjrn
Inger
Yannik
Bessel
Etienne
Imraan
Nassira
Yaelle
Anissa
Bastiaan
Antonette
Sania
Selda
Annelie
Malinda
Annelin
Geesken
Feyzullah
Saartje
Faiza
Nazli
Farahnaz
Galina
Craig
Jolijn
Zoey
Linne
Colin
Henricus
Roza
Silvy
Miryam
Jorja
Iza
Siska
Ize
Floor
Fady
Georgius
Shelly
Johannes
Fokko
Fadi
Fokke
Emerentia
Caterina
Saeed
Albert
Estrella
Mahdi
Aukje
Loren
Jonneke
Simran
Ivar
Syeda
Frederica
Frederico
Huiberdina
Rombout
Frederick
Chantall
Sijtske
Ivan
Rosemary
Jacques
Charisa
Alexandros
Ytje
Veli
Philippina
Mareike
Philippine
Stefanus
Anique
Nanke
Christoffer
Laszlo
Emmanuella
Mattias
Cherryl
Sabri
Jozua
Anthonius
Maick
Nita
Macha
Emeline
Carel
Samson
Tamar
Isadora
Rosemarie
Amani
Fred
Goran
Ylja
Sijmon
Anouchka
Fadila
Francina
Francine
Djamila
Hessel
Ismay
Hendrike
Yonah
Marjolijne
Hendrika
Cristy
Yoshi
Ruthger
Sion
Jolieke
Ozan
Koen
Belle
Bella
Debbie
Burcu
Liedeke
Anoeshka
Efe
Karst
Rui
Florianne
Gudo
Toon
Lianna
Lianne
Esmeray
Luite
Rosario
Anela
Hacer
Youri
Dusty
Merijn
Maroucha
Bailey
Wilma
Jaimy-Lee
Diya
Sjirk
Amina
Natasja
Gunnar
Jorijn
Amine
Desteney
Neriman
Kadriye
Nathasja
Wijmpje
Lorraine
Cezanne
Abdennour
Jarno
Domenique
Jarne
Nimo
Vasco
Coen
Gladys
Annefloor
Euphemia
Geertje
Fatmanur
Marischa
Georgia
Irmak
Bertram
Flor
Georgio
Yang
Yana
Stuart
Edmar
Yann
Enes
Rafke
Puck
Hennie
Djim
Suleyman
Jenneke
Pebbles
Bennie
Cigdem
Nan
Jan-Willem
Sharan
Almira
Jeffrey
Dunya
Lenneke
Pieternella
Tatum
Kimberley
Hisham
Fajah
Wiecher
Yorben
Morris
Fredrika
Cherida
Jozephus
Amerik
Sonja
Wichard
Alinda
Griffin
Alinde
Malaika
Gerrieke
Branco
Minoesch
Nassir
Karola
Lubertha
Anne-Loes
Eunice
Isaura
Roberta
Freya
Gilliano
Roberto
Glynis
Lucca
Kamil
Art
Urvin
Ary
Michele
Alissa
Michela
Ara
Ard
Lieuwkje
Ari
Prince
Elfi
Rianda
Helga
Jippe
Hajar
Beer
Shanna
Arvind
Shahira
Saron
Blessing
Safa
Marla
Vadim
Danyel
Marle
Marli
Cafer
Whitley
Odile
Onder
Maroeska
Marly
Naziha
Yakup
Josien
Gwenny
Lynne
Abubakar
Marisca
Cameron
Marley
Marius
Nika
Hamda
Nike
Niki
Niko
Hamdi
Danischa
Tomasz
Vinny
Jeannette
Yuna
Huibertje
Toufik
Shawn
Nawin
Romke
Gwyneth
Yorin
Yorik
Auke
Herman
Rahul
Joop
Joos
Lissa
Lisse
Lissy
Sebastien
Jean
Franka
Franke
Radboud
Quintijn
Ryanne
Muriel
Regillio
Franky
Denice
Aaltsje
Ruan
Gerben
Conner
Fatin
Kely
Gazi
Haroun
Godefridus
Zouhair
Nella
Andrew
Andrej
Andrei
Wishal
Lisette
Andrea
Jolan
Amke
Oene
Aafke
Arnold
Tromp
Annelot
Annelou
Madieke
Cathy
Zowie
Roxy
Funs
Milika
Wim
Lando
Shelby
Kirsi
Esengul
Tiamo
Jeannet
Desmond
Alana
Ronnie
Wichert
Yousif
Tuana
0
Coenradus
Tugrul
Gerharda
Redouane
Chiara
Ivor
Thalita
Ritesh
Frederiek
Abram
Melina
Nergiz
Nanet
Olger
Geeske
Kayley
Felien
Kaylee
Mahmoud
Furkan
Anandi
Nevil
Nevin
Lieselot
Sanjin
Darrel
Darren
Nellie
Laurus
Silvana
Franziska
Silvano
Thimo
Alina
Krijn
Aline
Wolfgang
Petertje
Roosmarijn
Shahd
Tiddo
Jan-Jaap
Damian
Khadija
Denzel
Damaris
Elissa
Carline
Alyssa
Charlize
Carlina
Janienke
Floriaan
Lotus
Bertina
Soulaimane
Aimee
Anand
Aimen
Pricilla
Nannette
Lidia
Ihssane
Machelina
Zubeyde
Donato
Tonia
Marrigje
Jaydan
Hendrikus
Gisella
Conchita
Cedric
Clemens
Nassima
Tomer
Clement
Ben
Sultan
Robertus
Yoell
Oumaima
Riekelt
Orlando
Latoya
Doeke
Jozeph
Talisa
Roanne
Bram
Duke
Quincey
Lysbeth
Serhan
Joseline
Duko
Philomena
Frans
Lilia
Jade
Serhat
Sharon
Carine
Heather
Carina
Roelf
Jorna
Nagihan
Damon
Anthon
Cemil
Jermaine
Tristan
Tinke
Alysa
Tinka
Ayhan
Romaisa
Ilhan
Ilham
Everhard
Lennert
Raymon
Quirine
Quirina
Roline
Sijbrand
Eda
Lieselotte
Sevinc
Edo
Isabel
Raveena
Leslie
Trix
Edu
Renger
Purdey
Jornt
Fenno
Fenna
Fenne
Sharlene
Fenny
Tyrza
Lyke
Ilkay
Gido
Merdan
Remco
Alisa
Ozgul
Koenraad
Alise
Romaysa
Jorg
Jord
Shu
Jora
Manar
Jorn
Kyle
Jori
Sieuwke
Jort
Manal
Angenita
Shi
Jory
Jantiena
Alischa
Luitzen
Gertine
Rintje
Egidius
Giancarlo
Jeroen
Adne
Linsey
Adna
Chandenie
Sjanne
Marilva
Ioanna
Luz
Gulistan
Bionda
Oumayma
Els
Laurent
Keo
Ken
Ruth
Therese
Kee
Theresa
Josip
Saida
Maureen
Davida
Josie
Kes
Davide
Josia
Yves
Judi
Yvet
Demian
Juda
Ziggy
Judy
Niall
Luigi
Tika
Omaira
Beaudine
Tracey
Tarek
Cherilyn
Baki
Sherwin
Brayn
Helin
Sjoerdje
Arshad
Yaw
Graeme
Hermannes
Yan
Coert
Meintje
Sjuul
Tymon
Levy
Osman
Nyncke
Rojda
Levi
Janette
Rolinda
Ravin
Deirdre
Devi
Lenard
Sheetal
Jillis
Miles
Corrie
Anica
Zineb
Katharina
Teresa
Cyriel
Marike
Marika
Abdelhakim
Mariko
Gerrianne
Rensje
Piotr
Dayenne
Nima
Vedran
Rachid
Zerina
Shaun
Gerbrand
Taner
Romie
Ylse
Aart-Jan
Anneloes
Annemoon
Keanu
Keano
Berivan
Lubbert
Frankie
Nadege
Domino
Elmira
Roosmarie
Anass
Denian
Iggy
Barry
Kenn
Theresia
Leintje
Waqas
Kent
Stephen
Dingenis
Tess
Gerriette
Lidwina
Lidwine
Bulent
Hatim
Bodine
Gillis
Amin
Jorne
Amie
Jorno
Djamilla
Amit
Rodney
Amir
Gillian
Angel
Cornel
Cornee
Alanis
Hille
Rashmi
Callista
Frederique
Fleur
Sigourney
Juulke
Eibert
Stanislav
Serina
Charafeddine
Matea
Alihan
Elwin
Navajo
Monja
Emiliano
Stefanos
Nadya
Gerardina
Maiky
Rolanda
Hanifi
Hanifa
Rolando
Hanife
Meliha
Madelene
Jo-Anne
Carolyn
Fabricio
Bjarn
Skander
Wiljan
Maud
Nicci
Felice
Silva
Boran
Lammert
Alja
Pearl
Cherrel
Raimon
Zuhal
Hasnae
Riley
Dore
Sura
Krzysztof
Amara
Yassira
Rienke
Maritha
Atje
Carlyn
Prya
Cuneyt
Kieran
Marshall
Charlaine
Fahima
Edward
Killian
Wouterus
Ruard
Jamiro
Florian
Defne
Billal
Brianna
Khadya
Uilke
Brianne
Valencio
Berendje
Nele
Henderikus
Asmaa
Jazz
Jools
Gianluca
Birkan
Salvador
Matthis
Leroy
Nouria
Desley
Huibert
Davey
Rena
Janna
Rene
Janne
Reno
Janno
Rens
Renu
Britta
Janny
Renz
Britte
Pascalle
Sikko
Soeradj
Liona
Guilliano
Christos
Sikke
Sharif
Patrycja
Christof
Tetske
Prosper
Husein
Dingeman
Margaret
Kathelijne
Enver
Rudger
Shazia
Georges
Yvonne
Denny
Cathelijne
Perihan
Valencia
Ebe
Aygul
Sjon
Enis
Danilson
Ebu
Troy
Haci
Alje
Neo
Gerald
Anne-Ruth
Fouad
Silke
Meg
Mea
Geessien
Mel
Mei
Jacomijntje
Artie
Mex
Alijda
Debby
Charissa
Varisha
Selcuk
Corina
Malou
Corine
Stacey
Lenka
Yelda
Yannis
Jaiden
Donavan
Kyona
Aycan
Lammie
Yannic
Geertrui
Zeliha
Joska
Hakan
Redouan
Balder
Leticia
Isha
Margaritha
Meaghan
Bowy
Winona
Harold
Popke
Omur
Sagal
Orkun
Sagar
Lute
Marcela
Arco
Youssef
Viktoria
Corneel
Ynske
Doutzen
Eddie
Samina
Kajal
Ava
Alison
Margret
Hajer
Hafida
Doetje
Elzo
Hind
Elze
Gerbrig
Turkan
Elza
Rashied
Jerzy
Mendy
Oriana
Anusha
Bojana
Daryll
Soumia
Ravian
Galid
Majella
Gyan
Pharrell
Jakoba
Dunja
Milka
Wanisha
Dinanda
Gini
Raimond
Alfredo
Danyal
Aysu
Musab
Ayse
Najima
Jaqueline
Wart
Jayanti
Van
Shakir
Moon
Moos
Wayne
Nenad
Matias
Korstiaan
Giny
Berbel
Remigius
Narek
Aysen
Aysel
Reitze
Aisa
Alysha
Eise
Scotty
Jeen
Sebastian
Jitske
Kamiel
Sivar
Rino
Tryntsje
Dieudonnee
Rink
Nadeem
Rina
Nadiya
Jocelyne
Georg
Prisilla
Unal
Hoda
Nargis
Gineke
Jolle
Shaquille
Elora
Arend
Roselyn
Astrando
Sylvester
Petrus
Arthur
Arent
Amos
Patty
Reimer
Clark
Clare
Naomy
Clara
Alvaro
Nanette
Ilonca
Noe
Naomi
Devin
Canan
Sigrid
Venice
Noa
Rayane
Dolly
Adjai
Aysegul
Guven
Laurien
Cora
Pieter
Marenthe
Anoushka
Tobias
Eske
Shalina
Esmanur
Frits
Aslihan
Shalini
Fimme
Zachary
Roger
Emmeke
Acelya
Jullian
Jian
Redwan
Byron
Sannah
Jo-Ann
Manuella
Sijmen
Aldo
Imadeddine
Wies
Bowien
Wiep
Maida
Alphons
Maide
Ferran
Raymond
Battal
Kwinten
Lucienne
Carlijn
Janelle
Stacy
Aaliyah
Mavis
Hotze
Remzi
Dirk-Jan
Don
Chabeli
Asmae
Jetse
Casimir
Kelly
Lisa
Cherise
Johan
Surya
Lise
Sophia
Ninthe
Dillon
Jellie
Umar
Candice
Binne
Tahnee
Lottie
Femmie
Raffaella
Malika
Roxanna
Roxanne
Roald
Ritish
Trinity
Hielke
Tomas
Jemaine
Greta
Marlieke
Gennaro
Nena
Egbertus
Elijah
Hayat
Mariette
Hinke
Wilco
Jelisa
Jayden
Jerrold
Bas
Justen
Ikrame
Elske
Dorcas
Rahima
Alette
Jo-ann
Rahime
Aletta
Kyo
Geertruida
Chung
Houssain
Abel
Yonis
Manisha
Serdal
Ewald
Lamia
Soukaina
Christal
Serdar
Christan
Wannes
Armando
Viktor
Mira
Sefer
Desiree
Jardi
Thekla
Teunisje
Rosalynn
Estella
Tooske
Hendrieke
Sofian
Noreen
Danieke
Lijntje
El
Ayla
Rainer
Aylin
Ed
Badia
Anne-Lotte
Indra
Chanika
Alicja
Mannes
Timur
Rindert
Rover
Rense
Cyril
Steffanie
Katrien
Lieze
Ethan
Huibertus
Ilker
Genesis
Donya
Quirinus
Hana
Aalt
Talha
Sven
Okan
Raul
Jacko
Svea
Kyara
Jovi
Naduah
Justin
Tjade
Priyanka
Maarten-Jan
Touraya
Sharissa
Sla
Erben
Sayenne
Lenie
Oznur
Sanny
Kenzo
Kasim
Manoah
Xu
Julika
Micaela
Giovani
Soraya
Rushil
Caithlyn
Aras
Bernardo
Yvan
Virginie
Lucie
Virginia
Anisha
Lucia
Marijtje
Yvar
Kin
Kim
Alpha
Aran
Aram
Taran
Ate
Demien
Tarah
Martine
Ertan
Cees
Martina
Zarah
Martino
Aaltje
Jonno
Cornelis
Benice
Jonne
Evelyne
Cornelie
Cornelia
Alisia
Muslum
Chesron
Lola
Marlein
Ebrar
Xin
Helma
Fenneken
Hafize
Helmi
Francois
Carleen
Rafaella
Kathy
Vidya
Bengt
Githa
Sharin
Ersan
Ahsen
Sarie
Libby
Chanelva
Naciye
Jaring
Aarnout
Marry
Batuhan
Marre
Aarnoud
Janice
Willianne
Nuri
Yoel
Nura
Odilia
Marion
Roselie
Vishaal
Ebenezer
Eser
Moad
Zinzi
Esen
Nydia
Bauke
Tamarah
Terri
Balou
Terra
Terry
Isaiah
Romme
Donatella
King
Peter-Jan
Dany
Somia
Silvian
Anel
Dano
Anes
Dani
Dane
Dana
Jalal
Chaimae
Chaimaa
Yen
Yee
Dwayn
Lichelle
Haider
Nermin
Sidney
Neslihan
Collin
Yun
Jeanice
Pelin
Onne
Jayson
Tibor
Rabiya
Rabiye
Wendela
Wendell
Gilles
Jogchum
Linette
Ritchie
Floran
Hendrina
Oeds
Samatar
Rashid
Jorre
Amisha
Rory
Eeke
Rajiv
Colinda
Dina
Dino
Robine
Wiesje
Dini
Robina
Yacintha
Angie
Diny
Fransje
Delal
Gregor
Wikash
Mimount
Tanya
Smail
Nathalja
Ira
Elliott
Mimouna
Tiago
Anouck
Idske
Haije
Gerco
Djoni
Ihsan
Nila
Louwe
Justa
Dafne
Elife
Nancy
Isak
Alycia
Senne
Senna
Carolus
Kobus
Burhan
Efekan
Maayke
Jochem
Jochen
Armin
Qasim
Abdeljalil
Bibi
Deliana
Samantha
Wendie
Gwendolynn
Christopher
Gwendolyne
Maasje
Alida
Jansje
Dim
Din
Dio
Dik
Bette
Gosse
Chakira
Harley
Yassine
Aslan
Betty
Damion
Marriet
Mansour
Bradley
Hendrica
Rayan
Douaa
Fons
Hendrick
Douae
Sergio
Florien
Ladan
Dania
Suraya
Hazal
Albina
Theodoor
Neha
Brett
Izabella
Armaan
Boy
Davin
Noumidia
Norbert
Bor
Rowdy
Frenk
Davie
David
Marieke
Btissame
Imane
Imani
Bob
Bars
Alvin
Dorothe
Bart
Glenn
Klazina
Dorothy
Wouke
Jimme
Sybe
Sido
Waseem
Vandana
Joaquim
Joaquin
Sharen
Paulus
Shanita
Megan
Flemming
Ilze
Hadassa
Esperanza
Jisca
Steef
Jojanneke
Flo
Jildert
Rudmer
Lijsje
Solveig
Cherry
Nafisa
Esri
Panagiotis
Lindy
Hamse
Hamsa
Herm
Lindi
Charisma
Linda
Linde
Manou
Mas
Vienne
May
Max
Manoe
Mac
Mae
Mai
Manon
Maj
Man
Dilay
Sytske
Dilan
Cindy
Hamida
Hamide
Margreta
Bodie
Styn
Damir
Samra
Scott
Nicolaas
Sona
Bink
Elsien
Medy
Houssine
Yvon
Angelina
Angeline
Angelino
Jenne
Rozanne
Quinten
Ernesto
Orla
Declan
Mourad
Nurullah
Murad
Afra
Chelly
Nerena
Murat
Rasha
Cesar
Zahide
Didier
Roemer
Katja
Howard
Lone
Long
Karolien
Lodewijk
Lexi
Aniek
Aniel
Tetje
Nilesh
Mattheus
Jordey
Sertan
Johnnie
Olivia
Rian
Loekie
Jorden
Dahlia
Lizanne
Marty
Milos
Luigino
Milou
Janiek
Maggy
Miloe
Marta
Hussein
Marte
Wietze
Suleman
Kishan
Jennifer
Latischa
Zippora
Farah
Talisha
Rhode
Nico
Yoram
Yoran
Nica
Dale
Liske
Kelvin
Mikail
Dali
Katherina
Katherine
Fe
Serge
Arnolda
Nasr
Ziya
Thari
Anco
Rijk
Thara
Hanane
Berendina
Neline
Rhandy
Nash
Savanne
Savanna
Cloe
Leigh
Stijn
Jairzinho
Abbygail
Nicola
Nicole
Joline
Indira
Teus
Teun
Adriano
Danniek
R
Clim
Yi
Christinus
Dineke
Danine
Nurettin
Sevket
Jitte
Damyan
Yu
Yvette
Sadaf
Dusan
Mirsad
Ufuk
Rajko
Louw
Yagmur
Sundus
Chama
Maybritt
Dila
Selahattin
Caner
Kris
Nilab
Feyyaz
Harun
Nilay
Hermann
Soufyane
Nicolet
Burcin
Liselotte
Sefika
Ilan
Alparslan
Ruwan
Matilda
Sasja
Lorain
Joannes
Oguzhan
Karine
Marleen
Robin
Karina
Marguerite
Eyup
Jimi
Gary
Caressa
Fransina
Rifat
Ilana
Wesly
Sanjay
Wiam
Gerline
Elleke
Celil
Ghizlan
Sukran
Ayten
Hein
Ching
Rabie
Gustaaf
Thamara
Ridvan
Siegrid
Shauny
Mostapha
Ichelle
Foppe
Theodor
Shauna
Romar
Rodrigo
Shauni
Ummu
Grada
Sammy
Nicolina
Amerins
Abdelhadi
Charise
Fimke
Cyrilla
Cyrille
Yarno
Adnan
Javier
Rutger
Deacon
Ilias
Zoran
Fatna
Nese
Abir
Caleb
Katerina
Reda
Duco
Thies
Narjiss
Thieu
Olcay
Walterus
Rianne
Rianna
Clazina
Leco
Smahane
Leonardus
Pam
Xena
Zaina
Wijtze
Fieke
Nikee
Yade
Meggy
Jantien
Robbie
Geert-Jan
Everarda
Maryam
Maryan
Ernst
Cyanne
Allisha
Mohamad
Joyca
Sjef
Coenraad
Abdelmalik
Leonhard
Ianthe
Sherin
Guido
Wahid
Cyrus
Geke
Safiye
Karlijne
Ekaterina
Safiya
Phileine
Jennyfer
Florentien
Vikram
Vanessa
Kiana
Yorn
Chanou
Yori
Emmie
Adinda
Jainy
Waltherus
Seyed
Lillian
Justus
Apollonia
Giovannie
Adriane
Adriana
Dalila
Noell
Christel
Jeromy
Huibrecht
Mariama
Manoek
Huseyin
Bouwe
Jeffery
Jerome
Taoufik
Zoe
Aren
Zoi
Ariena
Symen
Abdelilah
Yahya
Fer
Sian
Emre
Sidar
Jula
Jule
Bouchra
Tufan
Aurora
Allegonda
Maximiliano
Sietske
Sukru
Aliyah
July
Richie
Dorinde
Satish
Pilar
Dorinda
Juana
Alkan
Merlyn
Moreno
Martijn
Karlien
Wendelina
Morena
Wendeline
Axl
Ethem
Liesbeth
Savas
Osama
Alessandro
Marlijne
Alessandra
Hossam
Bugra
Simeon
Natanja
Sape
Broer
Noach
Jooske
Kayne
Jenita
Leena
Assia
Lidian
Bilge
Jozina
Pietro
Brooklyn
Recep
Lorette
Julot
Malena
Vibeke
Marloe
Marick
Fiep
Marlon
Trevor
Marlou
Marlot
Fien
Adnane
Dena
Hoi
Jamai
Xuan
Twan
Yinthe
Hina
Hermien
Nuno
Pieternel
Firat
Rudolph
Firas
Esat
Jacoba
Muge
Willibrordus
Esad
Cristiano
Eloise
Christi
Dajo
Christa
Gabor
Christy
Julienne
Shifra
Liset
Marcus
Amrita
Aimy
Anas
Chandra
Naut
Rida
Annick
Dilber
Anam
Naud
Gloria
Haidar
Jurrian
Ayda
Samirah
Marie-Christine
Dorith
Can
Kayo
Lennart
Hodan
Shannah
Lennard
Catelijne
Danilo
Amal
Aman
Victoria
Heike
Huberta
Amar
Heiko
Jitze
Bahri
Misty
Nuria
Geordi
Barendina
Sunaina
Pyke
Paschalis
Jacklyn
Niek
Micky
Nesibe
Scarlet
Anders
Souhaila
Elodie
Milko
Birgul
Evianne
Mike
Mikael
Mika
Marielle
Miko
Neelam
Miki
Ineke
Helmich
Meine
Ilco
Emad
Juriaan
Heaven
Coskun
Dardan
Bouwina
Mayon
Ragini
Igor
Torben
Meagan
Latifah
Leendert
Salina
Sabien
Thijm
Amresh
Wick
Erno
Jurre
Sybren
Roshni
Suzy
Sherina
Henrieke
Erna
Lydie
Lazlo
Lydia
Necla
Boi
Thije
Paulien
Dex
Dawid
Sidra
Callum
Guiseppe
Iva
Noortje
Albertina
Ivo
Prisca
Albertine
Walt
Mohamoud
Erika
Jurian
Ivy
Jari
Ryo
Jarl
Jaro
Jara
Jard
Jary
Annerie
Tugay
Willemijn
Hamzah
Maddy
Rutmer
Lieven
Monir
Kendra
Nebahat
Neda
Milton
Hanne
Hanna
Hanno
Alexandru
April
Maichel
Berjan
Rinse
Hanny
Thuy
Benita
Alba
Benito
Noelle
Leah
Selinay
Zenna
Alexandra
Rumeysa
Marcellus
Thibaud
Alexandre
Thibaut
Obed
Wietske
Pauliene
Gidon
Henri
Janniek
Jerusha
Sibren
Sunita
Henry
M'hamed
Elliot
Melody
Okko
Babak
Arielle
Eddo
Lesley-Ann
Mitch
Okke
Reggy
Eddy
Farley
Gideon
Ozhan
Jevon
Patrique
Dilek
Hillie
Fidan
Genelva
Made
Marcha
Albin
Maximillian
Mads
Ernest
Mady
Zi
Beatrice
Mattie
Elisabeth
Alianne
Andre
Andra
Dingena
Andro
Tabe
Danique
Renaldo
Thim
Elbert
Jeronimus
Agnita
Hakim
Saira
Josse
Juno
Juna
June
Aria
Jadie
Olga
Maaike
Fatimah
Seyfullah
Yigit
Ilknur
Salomon
Douha
Shaima
Rudie
Tessy
Rickey
Tesse
Muhammad
Rayshree
Tessa
Almina
Clair
Joukje
Sari
Sara
Jerry
Sare
Giliano
Jerre
Lori
Aris
Lore
Chanell
Lora
Ivana
Loesje
Figo
Nasir
Felicity
Jordan
Nasim
Miranda
Anne-May
Buse
Senay
Mariah
Laurens
Marlie
Mariam
Marian
Malissa
Tiemen
Kezban
Elisabet
Marlin
Emanuel
Ishani
Wilhelmina
Wilhelmine
Boyan
Widad
Wieneke
Maxwell
Kishen
Kristijan
Lloyd
Irena
Munira
Irene
Gabriela
Helmer
Sippie
Amaal
Jeoffrey
Hilly
Mouad
Fares
Yamna
Hero
Leonie
Kelsey
Hussain
Miroslav
Devlin
Dora
Guler
Dounya
Prashant
Ugur
Leendert-Jan
Guiliano
Engelien
Rients
Jasin
Aiko
Dwight
Aike
Noah
Neomi
Moritz
Krissie
Rodny
Elton
Jibbe
Dominggus
Duncan
Tahir
Liefke
Yvanca
Derek
Rins
Sharron
Nadiah
Saniye
Gino
Mouhsine
Gina
Sivan
William
Willian
Dylana
Dylano
Junior
Zaza
Eliene
Aisha
Hulya
Sanela
Mickey
Vic
Chaim
Vin
Sancho
Elanur
Gerlof
Mickel
Sangeeta
Carry
Nicolas
Darnell
Germa
Yousef
Soeraya
Nicolay
Calista
Nicolai
Anushka
Hillegonda
Shanice
Hawa
Medine
Deejay
Karijn
Medina
Sayenna
Lizelotte
Rebecca
Minh
Eylem
Jelani
Sunil
Gerdien
Jorgen
Kaylie
Ouardia
Kaylin
Adisa
Salma
Franciscus
Adela
Joelle
Joella
Samyra
Mazen
Cassandra
Naouar
Gera
Linsy
Ferrie
Zuleyha
Germ
Ferris
Gert
Cherell
Sylvia
Selina
Syb
Aaltjen
Seline
Sadhana
Ivonne
Jasmina
Merlijn
Aytac
Jasmine
Syl
Hylke
Abygail
Rafaela
Bradly
Asude
Hemmo
Firdaouss
Alara
Samira
Jelly
Mutlu
Ceyhun
Jelle
Jella
Paige
Fransisca
Samir
Kyllian
Hedwig
Umit
Yamila
Jurick
Samia
Tansu
Allysha
Yanna
Mirja
Lycke
Dorette
Micheline
Jale
Dimphy
Christophe
Nihad
Lammigje
Yusuf
Nihal
Rinus
Hilletje
Majorie
Nihat
Synthia
Aad
Farhiya
Catalina
Matilde
Magdalena
Esmeralda
Hildegard
Lauryn
Emelie
Emelia
Trijntje
Ronin
Glen
Wouterina
Welmoed
Abida
Tyara
Justian
Per
Thorsten
Pei
Amon
Mathilde
Maryem
Rozerin
Mathilda
Nasra
Nikay
Nikai
Jamahl
Fallon
Esmay
Sheena
Tren
Natascha
Chevy
Haye
Roswitha
Hayo
Turgay
Dagmar
Muberra
Karel
Karen
Sifra
Sapna
Melek
Mohamed
Wanita
Jacco
Manish
Lobke
Corianne
Kaya
Riemke
Conny
Fevzi
Lambert
Nisrine
Fadma
Simge
Ileen
Carianne
Bertil
Yasmine
Yasmina
Maja
Mamadou
Caia
Alexandro
Cain
Adrianne
Delana
Elif
Wybe
Elia
Lorijn
Elin
Egbert
Julissa
Delano
Delany
Beyza
Hieke
Phaedra
Arij
Ellis
Rommy
Siep
Arif
Arie
Ellie
Virgill
Sien
Siem
Sieb
Josua
Nathaniel
Kareem
Jacqueline
Guled
Gorkem
Geordy
Nazar
Keenan
Catharine
Priscella
Bodhi
Catharina
Karsten
Gabriel
Soufyan
Nazan
Eldin
Nadja
Jadon
Marijke
Steffen
Nadi
Kenley
Oleg
Colleen
Tirsa
Roos
Bernadine
Jinthe
Bernadina
Devrim
Rieuwert
Athina
Tanita
Amrit
Stefani
Sarah
Sarai
Nawien
Madelaine
Guleed
Kilian
Xam
Goverdina
Stefano
Tiara
Raven
Margaretha
Margarethe
Xander
Rembrandt
Norah
Flint
Philip
Darja
Krishna
Jamey
James
Jolein
Jamel
Azeddine
Pepita
Rudolf
Ticho
Jaylen
Jaylee
Hakki
Nanneke
Hedda
Hedde
Frauke
Lyn
Dwayne
Solmaz
Hayrettin
Reintje
Wissal
Shaya
Danillo
Francoise
Josepha
Borre
Jalil
Santusha
Aster
Davy
Suad
Dave
Alieke
Ho
Chris
Lisan
Ikram
Davi
Suat
Relinde
Murielle
Abdoel
Lucius
Siemen
Sytze
Maximilian
Melle
Nasreddine
Ahlam
Dorien
Dimitrios
Madison
Gaston
Kassandra
Geanne
Allyssa
Renate
Ouiam
Renata
Wieke
Jenifer
Fijgje
Jaymie
Jurrien
Faik
Hong
Demet
Meryl
Kristy
Cihangir
Sanneke
Wissam
Krista
Germaine
Ynte
Kristi
Martha
Janieke
Marthe
Rajaa
Moshe
Rajae
Amel
Sjors
Petros
Rabiaa
Tuna
Amer
Ashish
Aisling
Rocky
Renuka
Winny
Elsemieke
Tahira
Josephien
Nusret
Babet
Fikri
Nizar
Ting
Marianna
Marianne
Esme
Fennigje
Esma
Fennie
Coosje
Sharita
Givano
Cilia
Gerke
Gerko
Abigail
Mesut
Melissa
Berna
Lema
Bernd
Faysal
Iloy
Eline
Reinardus
Josette
Elina
Loena
Ewan
Maurijn
Sherena
Loubna
Eleonora
Tjibbe
Damiaan
Harman
Evaline
Warsha
Emile
Elizabet
Denley
Shannen
Kayra
Maysa
Lei
Emily
Manouck
Elisah
Cecile
Mitzi
Sonny
Jantinus
Fleurtje
Randi
Jente
Mitzy
Mats
Dan
Deveny
Dyonne
Dax
Thyrza
Wanda
Berkan
Ferri
Cis
Eleanor
Berkay
Soner
Jurriaan
Ferry
Rigtje
Leann
Delia
Alena
Tunahan
Noury
Dragana
Demelza
Dillen
Jurien
Yamina
Tatiana
Rosita
Jany
Youssri
Mirle
Nova
Youssra
Willemine
Willemina
Jane
Jana
Fathi
Bruce
Ancilla
Moana
Radouane
Pietertje
Nickey
Mukremin
Age
Insaf
Anneli
Amando
Pepijn
Sijke
Amanda
Annely
Juliane
Wilhelmus
Gerlinde
Gerlinda
Roef
Fedor
Francesco
Ashana
Jozef
Arman
Tjarco
Saif
Arief
Said
Seher
Sieta
Justice
Arien
Chrystal
Sait
Leen
Quinty
Sharonne
Siegfried
Aaldrik
Bedirhan
Jemima
Yunus
Hananja
Tessel
Aernout
Evi
Kik
Renato
Eva
Indy
Eve
Asher
Evy
Wulfert
Gerarda
Jiske
Indi
Carsten
Jiska
Ankje
Eduardus
Danae
Youness
Sohail
Kenrick
Koosje
Mik
Pernille
Min
Mia
Aart
Joliene
Justinus
Syreeta
Nikolaos
Faiz
Pernilla
Fauzia
Tymen
Tugce
Dionysia
Doenja
Chanel
Natalie
Ensar
Natalia
Jovanni
Maha
Kariem
Asiya
Asiye
Jovanny
Valery
Pinar
Gijsbertha
Jikke
Jeany
Elke
Elko
Myke
Mariken
Marline
Ceren
Najwa
Chandni
Jyoti
Mels
Hester
Kawita
Augustijn
Aagje
Aron
Riette
Josefina
Josefine
Selin
Wassima
Selim
Wesley
Jurn
Juri
Jurg
Senanur
Ayyoub
Muhammed
Zakariya
Romy
Rome
Muhammet
Roma
Raiza
Romi
Josephus
Wilbert
Matthias
Patric
Caja
Stach
Falko
Brahim
Patrik
Rauf
Aissam
Ouidad
Diemer
Willem-Jan
Nikita
Ilyaas
Niyazi
Quido
Eugenia
Eugenie
Safiera
Elvera
Thirza
Floris
Zakaria
Zehra
Hayri
Willemtje
Mariet
Mariel
Mariem
Marien
Djamel
Bastijn
Cheryll
Angelie
Sonali
Julian
Sjoert
Sammie
Chinouk
Erdi
Dursun
Achraf
Cherish
Faris
Joell
Marscha
Farid
Sophie
Ritchy
Anka
Robbert-Jan
Anke
Lida
Anko
Lidy
Anky
Saadia
Jetske
Margarita
Lyam
Brendan
Nikolina
Shivanie
Ziad
Hinderikus
Rowena
Anthea
Luke
Clint
Narges
Shiva
Djuna
Sanya
Sadia
Sadie
Sadik
Zahira
Gijs
Marie-Jose
Wencke
Selvi
Drifa
Pleuni
Adina
Dide
Aislinn
Engeltje
Goof
Lysette
Nouaman
Didi
Jerremy
Jelena
Roelina
Roeline
Tiziana
Valesca
Arieke
Audrey
Tannetje
Ilia
Gerie
Govert
Zilla
Pleunie
Dinja
Leana
Gaetano
Lyndon
Mimi
Nanny
Fikret
Selwyn
Louis
Roshnie
Hikmet
Bonnie
Gwendolyn
Hubrecht
Jaouad
Martje
Salih
Sirin
Salim
Emine
Nadieh
Emina
Tjitske
Denise
Leeroy
Denisa
Suzana
Saliha
Guust
Vanja
Masha
Gerrit-Jan
Yoep
Jasmijn
Winand
Nygel
Rosina
Lilian
Gareth
Reena
Manpreet
Christianne
Sevilay
Nissrine
Gijsbertus
Samer
Samet
Chenoa
Sakine
Avni
Samed
Janique
Geraldo
Filippus
Guyon
Jaela
Nabil
Geralda
Mirne
Mirna
Bea
Wiresh
Ermin
Frouwke
Marietta
Jaydee
Jessin
Hendricus
Badr
Laurentia
Gerrigje
Jerina
Mathyn
Aradhana
Barbara
Erhan
Jean-Michel
Yoshka
Baruch
Djenna
Siete
Najim
Mirthe
Laurel
Lauren
Najia
Najib
Bente
Sierd
Sake
Sierk
Edwin
Noralie
Ravza
Jermy
Otis
Jacinta
Abderrahman
Jihane
Elyas
Mirella
Jivan
Mirelle
Maran
Esmee
Marah
Naila
Silver
Jodie
Antoni
Enzio
Karam
Karan
Carlotta
Marisha
Jannick
Lienke
Antony
Leonoor
Winfried
Leoniek
Belal
Otmar
Raya
Sahra
Kyano
Kyana
Rayn
Camiel
Fynn
Louelle
Louella
Fadil
Zinab
Ninja
Reinaldo
Arash
Mans
Yasmijn
Manu
Abdelghafour
Aouatif
Selami
Mana
Solomon
Gijsbertje
Steije
Djino
Seyma
Steijn
Mano
Nikolaj
Nikolai
Rinesh
Pim
Elmo
Elma
Pip
Antoinetta
Antoinette
Charona
Gulden
Elles
Lamyae
Reuben
Majida
Andries
Master
Ellen
Klaaske
Abdelfattah
Danish
Krystle
Ediz
Sezen
Veronique
Mathe
Frederieke
Gulay
Berend
Cornelus
Sezer
Shayan
Jaantje
Steffie
Niesje
Rhianne
Ivanka
Eveliene
Tamara
Ajla
Azzeddine
Sybrich
Christoph
Reinard
Thelma
Celina
Celine
Wubbo
Floris-Jan
Brenna
Anish
Nicoletta
Folkert
Nicolette
Anisa
Pietje
Otto
Zoubida
Otte
Seger
Jamil
Tjalling
Boyke
Petronella
Norma
Jamie
Gulbahar
Ruurd
Basak
Saritha
Errol
Chahid
Orhan
Aimad
Sandro
Kavita
Doha
Davita
Zinedine
Almedina
Haley
Boaz
Joanne
Jaylin
Joanna
Boas
Zekeriya
Louisa
Louise
Marjoleine
Clifton
Imelda
Annelous
Moesha
Herre
Ericus
Anil
Reyhan
Cuno
Jess
Zico
Godelieve
Avalon
Annika
Bachir
Frens
Jaleesa
Dorris
Dara
Anis
Anniko
Femmigje
Vladimir
Maciej
Reynaldo
Jeremia
Miro
Jeremie
Kristiaan
Diogo
Bethany
Bernadet
Gezina
Tanja
Kelley
Darlene
Brain
Arvid
Cleo
Nursel
Arvin
Dimara
Nedim
Cihan
Edison
Florus
Leander
Cihad
Tuba
Tracy
Hendrik
Tamana
Noor
Minou
Cihat
Vural
Ulbe
Christiano
Flory
Christiane
Lonne
Zoya
Christiana
Aoife
Nuran
Zefanja
Soren
Nuray
Isil
Diba
Ane
Angus
Abdifatah
Jhon
Erwin
Souhailla
Joshua
Resy
Hilje
Carly
Germain
Kathryn
Roderick
Carla
Resi
Chakir
Annouk
Carli
Resa
Carlo
Esin
Ngoc
Thiemo
Thieme
Ilke
Ilka
Isabeau
Karlijn
Abigael
Annegien
Brigitta
Jinte
Deniece
Louka
Pieterdina
Louke
Bregtje
Harmen
Hendrieka
Mick
Marloes
Arnoldus
Lieske
Susan
Mohammed
Estelle
Gerson
Gersom
Leonore
Abdulkerim
Ying
Leonora
Manasse
Demir
Demis
Lalita
Jairo
Roosje
Wendel
Tos
Jassin
Badreddine
Gisela
Ton
Tom
Ciro
Chelsy
Annalisa
Rachel
Atze
Fatiha
Dillan
Erick
Sonam
Celena
Erica
Nazanin
Martijntje
Sonay
Adel
Alberdina
Aden
Darian
Cansu
Andor
Carien
Ino
Kiran
Nasima
Ine
Ina
Rody
Bonita
Jantiene
Kristianne
Alissia
Jayro
Nora
Hillechien
Nore
Nori
Ferre
Anna-Maria
Anna-Marie
Arjan
Rinke
Desire
Corstiaan
Gonda
Matteo
Akn
Jo-anne
Lieke
Rifka
Fraukje
Logan
Sean
Armen
Beau
Joeke
Linus
Levien
Sami
Arian
Tessie
Sabira
Jerney
Chrystel
Abdelmajid
Samy
Lein
Maeve
Jerom
Nikky
Marco
Stein
Marck
Janita
Renso
Geartsje
Tahmina
Atilla
Pieke
Moira
Marisja
Vanisha
Jackelien
Vivienne
Asli
Ellemiek
Rafael
Albartus
Anette
Raf
Thimon
Germen
Ran
Raj
Rishan
Petar
Danee
Ray
Jacey
Berdina
Berdine
Riemer
Debra
Joseph
Bojoura
Marieta
Mischa
Rhea
Israa
Gilbert
Door
Yelena
Dyami
Sandeep
Alban
Nelly
Dounia
Sascha
Ronaldus
Dieke
Henrick
Bryce
Veron
Annelijn
Henrica
Malu
Marlijn
Hasan
Annemieke
Samentha
Rachella
Rachelle
Eloy
Dorian
Nesrine
Elon
Jan-Paul
Rudo
Gurkan
Hugo
Rex
Axel
Sinan
Jacky
Romilda
Bosse
Bunyamin
Olof
Meghan
Selma
Joran
Joram
Larry
Leora
Syenna
Paolo
Mette
Jolisa
Paola
Malin
Serginho
Roan
Jans
Malik
Tyrell
Loeka
Nur
Reinate
Nuh
Rachida
Iqra
Oliver
Lennie
Jamie-Lee
Jenairo
Eefke
Esper
Nicolien
Espen
Beryl
Jordie
Ebrahim
Jordin
Odessa
Rawien
Yenna
Lizet
Solange
Seine
Aleksander
Jozefina
Marouschka
Tako
Giuseppe
Pieta
Zeb
Augustina
Zef
Julien
Sebnem
Koert
Jaimie
Ludo
Zep
Zev
Gracia
Ariaantje
Juliet
Florencia
Mounir
Mahmut
Sylvana
Sylvano
Dolores
Mounia
Victorine
Mahmud
Saadet
Federico
Beatriz
Beatrix
Dhiradj
Siemon
Pjotr
Jo
Wilfred
Ji
Gioia
Gijsje
Nisrin
Evren
Riccardo
Maxx
Jenine
Jauke
Lieveke
Boubker
Sarella
Nomi
Ihab
Shira
Mechteld
Vahid
Nilufer
Tatjana
Loris
Serpil
Jurgen
Iliass
Willeke
Micah
Joselien
Devante
Berra
Janus
Phoebe
Metin
Zara
Ingeborg
Willempje
Reinhard
Hilde
Magali
Hilda
Poonam
Katarzyna
Priscilla
Bo
Safouane
Leontina
Leontine
Coby
Ieke
Frido
Houda
Frida
Willie
Yorinde
Aleida
Lorin
Devika
Quirien
Harmke
Ibrahim
Sasha
Roben
Robel
Wasim
Pieter-Jan
Klaske
Ema
Farhana
Puja
Emi
Ruud
Edzard
Emy
Alyssia
Mohini
Florijn
Yvanka
Winston
Thalissa
Salem
Saleh
Fae
Shannon
Maritza
Rafi
Benedict
Sherida
Daniella
Tim
Yalda
Danielle
Ilayda
Izaak
Tia
Adelheid
Nurdan
Chiron
Carlijne
Thalia
Frederic
Rahman
Frederik
Saman
Cor
Ylonka
Samah
Nikkie
Riekje
Fatine
Fabian
Francesca
Samar
Norbertus
Joost
Zeno
Rozina
Zena
Deveney
Rachell
Semiha
Jordana
Noemie
Kiomi
Rikje
Sharmila
Wafa
Alper
Bernarda
Jovan
Engbert
Davut
Bernhard
Taeke
Gjalt
Armanda
Kit
Seema
Hande
Arnela
Danijel
Joffrey
Nour-Eddine
Gijsberta
Najma
Ronan
Shreya
Precilla
Thor
Thom
Zerda
Jonatan
Alize
Kenny
Aliza
Jorrick
Dymphy
Pleuntje
Lauran
Elvi
Ymkje
Nikie
Sharonna
Sieuwerd
Siena
Memet
Marek
Tigo
Maren
Marel
Reamon
Jorieke
Shivam
Shivan
Nisha
Ananda
Silvan
Maret
Jasper
Mannus
Theun
Timen
Bertine
Emel
Ron
Rob
Babeth
Jada
Roy
Ibtissam
Jady
Admir
Simon
Nathalie
Mickael
Elmer
Nikos
Donia
Pavel
Marjella
Dorus
Marjelle
Jelger
Cemile
Anthony
Ise
Evert
Seyit
Thuur
Bryan
Marijntje
Franklin
Taha
Ashton
Austin
Rolinde
Michail
Preston
Leon
Udo
Barbera
Mignon
Lamya
Amarens
Habibe
Nazim
Nazik
Nazia
Luisa
Jonna
Olmo
Siard
Curtis
Jorgo
Tseard
Varun
Jorge
Echica
Ynskje
Cathelijn
Alek
Sjimmie
Zakiya
Alwin
Zain
Charisse
Jonny
Zaid
Damianus
Asha
Marcelo
Malon
Emanuelle
Stephanus
Maloe
Edna
Malcolm
Jouke
Devran
Aswin
Perla
Stijntje
Irfaan
Gerardo
Florance
Marvin
Monique
Timo
Sohaila
Ference
Lilli
Egemen
Calvin
Caithlin
Theadora
Arwin
Erva
Angelos
Nadira
Boet
Colette
Ousama
Sietze
Masja
Nurten
Gustavo
Sybrand
Hila
Leyla
Zion
Rohit
Martinus
Melda
Deny
Hidayet
Lino
Linn
Jobbe
Ling
Randall
Line
Lina
Daud
Georgino
Georgina
Shanty
Salome
Bartel
Mansur
Clay
Janco
Shanti
Faas
Lorna
Marnik
Tanno
Saverio
Tanne
Joakim
Aviva
Marnix
Leentje
Gerianne
Charmaine
Reinier
Robert
Minka
Leunis
Melati
Minke
Evander
Sumaya
Hui
Rieneke
Kicky
Amadou
Egberdina
Rhiannon
Birthe
Rocco
Huy
Janwillem
Lana
Chuck
Lani
Gul
Gus
Dirk
Marnick
Giannina
Ekram
Guy
Macey
Edwinus
Gydo
Edmund
Sefanja
Kathleen
Timotheus
Alistair
Marciano
Johnno
Carice
Molly
Jisk
Moustafa
Trientje
Bibianne
Flavia
Stephano
Elio
Mohammad
Eke
Joyce
Zelal
Kinga
Siebrigje
Janick
Kikki
Hinderika
Maritte
Rishi
Xanthe
Trudy
Mitra
Juninho
Cecilia
Livia
Rikkert
Jedidja
Kuno
Queeny
Fauve
Ivanildo
Juan
Sissi
Ashley
Cas
Ronaldo
Gail
Ramiz
Ibe
Dyan
Hedwich
Sissy
Ilaysa
Adam
Ramin
Clarisse
Summer
Fatoumata
Chahrazad
Simen
Yesse
Jacobje
Evertje
Giomar
Edson
Arjen
Jesca
Wenda
Christelle
Wendy
Arti
Yelina
Fanny
Nelleke
Hubertina
Carolien
Coralie
Freija
Babs
Anoeska
Dyantha
Deena
Ayfer
Mattis
Dianne
Semi
Tjarko
Sema
Marouane
Mattia
Audry
Agnes
Chayen
Eleanora
Ishana
Dicle
Divine
Jochum
Ivano
Eliana
Eliane
Jasmyn
Maryse
Saar
Menko
Hermina
Menke
Saad
Rkia
Matthijs
Eduardo
Miriam
Mirian
Marga
Jisse
Ties
Margo
Chahida
Ka
Birsen
Meredith
Enno
Ko
Daphne
Ouassim
Ratna
Lucette
Maxine
Sira
Tjitse
Siri
Tevin
Gert-Jan
Annamarie
Ritske
Peter
Diego
Kyro
Jodi
Anton
Kyra
Sennah
Ouahiba
Annemarieke
Jelmer
Jody
Ephraim
Cheryl
Michelangelo
Abdullahi
Nada
Aize
Wiggert
Zohra
Duane
Nady
Wybren
Stefany
Mirjan
Mirjam
Svenja
Anneline
Shania
Famke
Vedat
Berfin
Jeanet
Marlinde
Nevzat
Lucretia
Marlinda
Emilius
Mercedes
Gregory
Abraham
Lindsay
Bent
Joerie
Mitchel
Eleonore
Pol
Elco
Micheal
Buddy
Nandini
IJsbrand
Melinda
Shima
Genevieve
Naftali
Sinem
Issa
Jaden
Roel
Driss
Sebahat
Gemma
Arienne
Arigje
Revelino
Jadey
Shun
Joren
Giuliano
Loraine
Falco
Zaki
Hayriye
Beate
Maury
Lindomar
Penny
Inssaf
Latisha
Maura
Symon
Esra
Mauri
Sanderijn
Mauro
Wijntje
Lizan
Ammar
Leony
Crissy
Bieke
Aleksandar
Joske
Nanno
Bernardina
Nanne
Nanna
Zhen
Rosanne
Levent
Rosanna
Cebrail
Viviane
Annetje
Viviana
Berrie
Ibtisame
Dirkje
Nienke
Nadeche
Maggie
Elfie
Destin
Aalbert
Meta
Mete
Ludovica
Jascha
Timothy
Lila
Lili
Everdina
Gijsbert
Everdine
Anne-Fleur
Lily
Savana
Jun
Yrsa
Jur
Meera
Sandra
Mendel
Ennio
Casandra
Henderika
Flora
Flore
Anine
Willemieke
Queenie
Feray
Imre
Adrie
Claudine
Jason
Imro
Aldin
Cornelieke
Mahir
Chantalle
Jillian
Karianne
Saphira
Katelijne
Jacobus
Anjana
Stevan
Doutsen
Nemanja
Varsha
Arjanne
Hope
Marchano
Aysenur
Chavelly
Madelyn
Chavelli
Iddo
Valeska
Alma
Janis
Lale
Nisa
Janie
Lizette
Manuel
Badria
Rein
Augusta
Boudewijn
Janik
Annemarie
Kevser
Sjonnie
Pierre
Vianne
Trisha
Alae-Eddine
Morad
Patriek
Finette
Miel
Dorieke
Ulku
Yash
Mies
Nicholas
Fay
Derck
Hajo
Gitta
Gitte
Marik
Gaby
Kofi
Salah
Reinout
Salar
Kerim
Woutera
Thyra
Gabi
Gabe
Reinoud
Junaid
Abdulrahman
Ninah
Florina
Florine
Pietsje
Wester
Zohal
Stephan
Dustin
Clasina
Sue
Robbe
Philine
Mandy
Sylvan
Cagdas
Jonathan
Suman
Kiymet
Rajshri
Kaatje
Fabien
Jean-Paul
Mayke
Sabriye
Vonne
Dewika
Robby
Jewel
Leila
Chester
Mauk
Rinske
Willem
Jarmo
Yaser
Mostafa
Cars
Bilel
Angelica
Arzu
Anieke
Bobbie
Tabitha
Una
Danjella
Salah-Eddine
Margje
Antsje
Anne-Roos
Ame
Amy
Ramses
Amr
Kawtar
Graciella
Kenji
Aiman
Anastasia
Katrijn
Sohaib
Sjoukje
Mustafa
Jenny
Faduma
Fadumo
Tea
Jouri
Tex
Jenno
Mireille
Archana
Tes
Joury
Jenna
Shirin
Xandro
Anina
Marjoke
Annemijn
Xandra
Ricky
Sabrien
Rebeca
Serginio
Raissa
Marit
Quentin
Maris
Cyrina
Marin
Mario
Marij
Desi
Marie
Durkje
Tico
Nurhan
Amela
Gulsen
Crijn
Darinka
Karim
Karin
Amely
Jayme
Erman
Sita
Carmela
Dorianne
Alpay
Eman
