Hoogerheide
Huijbergen
Ossendrecht
Putte
Woensdrecht
Gouda
Waalre
Middelburg
Arnemuiden
Nieuw- en Sint Joosland
Etten-Leur
Huizen
Weesp
Soest
Soesterberg
Vlaardingen
Nieuwerkerk aan den IJssel
Foxhol
Hoogezand
Kiel-Windeweer
Kropswolde
Sappemeer
Waterhuizen
Westerbroek
America
Broekhuizen
Broekhuizenvorst
Griendtsveen
Grubbenvorst
Hegelsom
Horst
Lottum
Melderslo
Meterik
Hilversum
Eemnes
Daarle
Daarlerveen
Haarle
Tilburg
Berkel-Enschot
Udenhout
Staphorst
Rouveen
IJhorst
Punthorst
Amstelveen
Lelystad
Naarden
Andijk
Kootwijkerbroek
Garderen
Stroe
De Glind
Kootwijk
Achterveld
Bladel
Hapert
Hoogeloon
Casteren
Netersel
Maassluis
Groningen
Woerden
Harmelen
Kamerik
Zegveld
Zeewolde
Oost-Souburg
Ritthem
Vlissingen
Aarlanderveen
Alphen aan den Rijn
Zwammerdam
Meppel
Nijeveen
Rogat
De Schiphorst
Broekhuizen
Wierden
Enter
Hoge Hexel
Notter
Zuna
Baarn
Lage Vuursche
Dodewaard
Kesteren
Ochten
Opheusden
IJzendoorn
Valkenswaard
Eindhoven
Bovenkarspel
Grootebroek
Lutjebroek
Capelle aan den IJssel
Zwaagdijk-Oost
Nieuwegein
Empe
Tonden
Brummen
Leuvenheim
Hall
Eerbeek
Sint Pancras
Broek op Langedijk
Zuid-Scharwoude
Noord-Scharwoude
Oudkarspel
Koedijk
Bergen L
Afferden L
Siebengewald
Well L
Wellerlooi
Geldrop
Mierlo
Axel
Biervliet
Hoek
Koewacht
Overslag
Philippine
Sas van Gent
Sluiskil
Spui
Terneuzen
Westdorpe
Zaamslag
Zuiddorpe
Pijnacker
Nootdorp
Delfgauw
Krimpen aan den IJssel
Enschede
Helmond
Amen
Anderen
Anloo
Annen
Annerveenschekanaal
Balloo
Balloërveld
Deurze
Eext
Eexterveen
Eexterveenschekanaal
Eexterzandvoort
Ekehaar
Eldersloo
Eleveld
Gasselte
Gasselternijveen
Gasselternijveenschemond
Gasteren
Geelbroek
Gieten
Gieterveen
Grolloo
Marwijksoord
Nieuw Annerveen
Nieuwediep
Nijlande
Nooitgedacht
Oud Annerveen
Papenvoort
Rolde
Schipborg
Schoonloo
Spijkerboor
Vredenheim
Zwolle
Avenhorn
Berkhout
De Goorn
Hensbroek
Obdam
Oudendijk
Scharwoude
Spierdijk
Ursem
Zuidermeer
Aalten
Bredevoort
De Heurne
Dinxperlo
Lekkum
Miedum
Snakkerburen
Hempens
Teerns
Swichum
Wytgaard
Oirschot
Oost West en Middelbeers
Oostvoorne
Rockanje
Tinte
Moerkapelle
Zevenhuizen
Beugen
Boxmeer
Groeningen
Holthees
Maashees
Oeffelt
Overloon
Rijkevoort
Sambeek
Vierlingsbeek
Vortum-Mullem
Gulpen
Ingber
Reijmerstok
Heijenrath
Slenaken
Beutenaken
Mechelen
Epen
Wittem
Eys
Elkenrade
Wijlre
Dalfsen
Lemelerveld
Nieuwleusen
Veendam
Wildervank
Borgercompagnie
Heiloo
Moordrecht
's-Gravenhage
Oudenbosch
Stampersgat
Oud Gastel
Bosschenhoofd
Hoeven
Baarland
Borssele
Driewegen
Ellewoutsdijk
Heinkenszand
Hoedekenskerke
Kwadendamme
Lewedorp
Nieuwdorp
Nisse
Oudelande
Ovezande
's-Gravenpolder
's-Heer Abtskerke
's-Heerenhoek
Haren Gn
Glimmen
Noordlaren
Onnen
Almere
Emmeloord
Bant
Luttelgeest
Marknesse
Kraggenburg
Ens
Schokland
Nagele
Tollebeek
Espel
Creil
Rutten
Albergen
Fleringen
Geesteren
Haarle
Harbrinkhoek
Hezingen
Langeveen
Mander
Manderveen
Mariaparochie
Reutum
Tubbergen
Vasse
Arnhem
Zevenaar
Babberich
Angerlo
Giesbeek
Lathum
Wijk bij Duurstede
Langbroek
Cothen
Zandvoort
Bentveld
Hilvarenbeek
Diessen
Biest-Houtakker
Haghorst
Esbeek
Heerlen
Hoensbroek
Heeze
Leende
Sterksel
Willemstad
Heijningen
Klundert
Oudemolen
Fijnaart
Moerdijk
Zevenbergen
Standdaarbuiten
Noordhoek
Langeweg
Zevenbergschen Hoek
Landsmeer
Den Ilp
Purmerland
Bussum
Abcoude
Baambrugge
Almen
Barchem
Eefde
Epse
Gorssel
Harfsen
Joppe
Kring van Dorth
Laren
Lochem
Epe
Vaassen
Emst
Oene
Froombosch
Harkstede
Hellum
Kolham
Lageland
Luddeweer
Overschild
Scharmer
Schildwolde
Siddeburen
Slochteren
Steendam
Tjuchem
Woudbloem
Tzum
Hitzum
Achlum
Herbaijum
Franeker
Zweins
Peins
Schalsum
Ried
Boer
Dongjum
Sexbierum
Pietersbierum
Oosterbierum
Klooster Lidlum
Tzummarum
Firdgum
Olst
Wijhe
Wesepe
Welsum
Marle
Veldhoven
Abbenbroek
Geervliet
Heenvliet
Oudenhoorn
Simonshaven
Zuidland
Breukelen
Kockengen
Nieuwer Ter Aa
Zutphen
Warnsveld
Oude Pekela
Nieuwe Pekela
Rhenen
Elst Ut
De Heen
Dinteloord
Kruisland
Nieuw-Vossemeer
Steenbergen
Maastricht
Agelo
Denekamp
Deurningen
Lattrop-Breklenkamp
Nutter
Ootmarsum
Oud Ootmarsum
Rossum
Saasveld
Tilligte
Weerselo
Finsterwolde
Bad Nieuweschans
Nieuw Beerta
Drieborg
Oudezijl
Biezenmortel
Esch
Haaren
Helvoirt
Vaals
Lemiers
Vijlen
Arkel
Giessenburg
Hoogblokland
Hoornaar
Noordeloos
Schelluinen
Ambt Delden
Bentelo
Delden
Diepenheim
Goor
Hengevelde
Markelo
Aarle-Rixtel
Beek en Donk
Lieshout
Mariahout
Beers NB
Cuijk
Haps
Katwijk NB
Linden
Sint Agatha
Vianen NB
Best
Bergeijk
Luyksgestel
Riethoven
Westerhoven
Bunde
Geulle
Meerssen
Moorveld
Ulestraten
Lisse
Kapelle
Kloetinge
Schore
Wemeldinge
Winschoten
Venlo
Tegelen
Steyl
Belfeld
Papendrecht
Winterswijk
Winterswijk Meddo
Winterswijk Huppel
Winterswijk Ratum
Winterswijk Kotten
Winterswijk Woold
Winterswijk Miste
Winterswijk Henxel
Winterswijk Brinkheurne
Winterswijk Corle
Hippolytushoef
Den Oever
Westerland
Raalte
Heino
Mariënheem
Luttenberg
Laag Zuthem
Lierderholthuis
Broekland
Heeten
Nieuw Heeten
Velp
Rheden
De Steeg
Ellecom
Dieren
Spankeren
Laag-Soeren
Hem
Hoogkarspel
Oosterblokker
Oosterleek
Schellinkhout
Venhuizen
Westwoud
Wijdenes
Sevenum
Kronenberg
Evertsoord
Muiden
Muiderberg
Drempt
Hoog-Keppel
Laag-Keppel
Hummelo
Steenderen
Baak
Rha
Olburgen
Bronkhorst
Toldijk
Vierakker
Hengelo (Gld)
Keijenborg
Ane
Anerveen
Anevelde
Balkbrug
Bergentheim
Brucht
Collendoorn
De Krim
Dedemsvaart
Den Velde
Diffelen
Gramsbergen
Heemserveen
Holtheme
Holthone
Hoogenweg
Kloosterhaar
Loozen
Lutten
Mariënberg
Radewijk
Rheeze
Rheezerveen
Schuinesloot
Sibculo
Slagharen
Venebrugge
Rijssen
Holten
Maarheeze
Soerendonk
Gastel
Budel
Budel-Schoot
Budel-Dorplein
Varsseveld
Westendorp
Heelweg
Terborg
Silvolde
Sinderen
Ulft
Etten
Varsselder
Netterden
Megchelen
Gendringen
Voorst
Breedenbroek
Roosendaal
Wouw
Heerle
Nispen
Wouwse Plantage
Moerstraten
Barendrecht
's-Hertogenbosch
Rosmalen
Hoofddorp
Rozenburg
Oude Meer
Aalsmeerderbrug
Rijsenhout
Nieuw-Vennep
Burgerveen
Schiphol-Rijk
Leimuiderbrug
Weteringbrug
Buitenkaag
Abbenes
Lisserbroek
Beinsdorp
Zwaanshoek
Cruquius
Vijfhuizen
Zwanenburg
Boesingheliede
Lijnden
Badhoevedorp
Schiphol
Vught
Cromvoirt
Leidschendam
Voorburg
Alem
Ammerzoden
Hedel
Heerewaarden
Hoenzadriel
Hurwenen
Kerkdriel
Rossum
Velddriel
Well
Alteveer
Een
Een-West
Foxwolde
Huis ter Heide
Langelo
Leutingewolde
Lieveren
Matsloot
Nietap
Nieuw-Roden
Norg
Peest
Peize
Roden
Roderesch
Roderwolde
Steenbergen
Veenhuizen
Westervelde
Zuidvelde
Gelselaar
Geesteren
Neede
Rietmolen
Ruurlo
Borculo
Haarlo
Beltrum
Eibergen
Rekken
Amersfoort
Hoogland
Hooglanderveen
Stoutenburg Noord
Oldenzaal
Deurningen
Beek
Spaubeek
Maastricht-Airport
Bakhuizen
Balk
Elahuizen
Harich
Kolderwolde
Mirns
Nijemirdum
Oudega
Oudemirdum
Rijs
Ruigahuizen
Sloten
Sondel
Wijckel
Berkel en Rodenrijs
Bergschenhoek
Bleiswijk
Banholt
Bemelen
Cadier en Keer
Eckelrade
Margraten
Mheer
Noorbeek
Scheulder
Sint Geertruid
Kessel
Eijsden
Gronsveld
Breda
Bavel
Ulvenhout
Prinsenbeek
Teteringen
Katwijk
Rijnsburg
Valkenburg
Beuningen
Glane
Losser
de Lutte
Overdinkel
Berg en Terblijt
Schin op Geul
Valkenburg
Walem
Blesdijke
Boijl
De Blesse
De Hoeve
Langelille
Munnekeburen
Nijeholtpade
Nijeholtwolde
Nijelamer
Nijetrijne
Noordwolde
Oldeholtpade
Oldeholtwolde
Oldelamer
Oldetrijne
Oosterstreek
Peperga
Scherpenzeel
Slijkenburg
Sonnega
Spanga
Steggerda
Ter Idzard
Vinkega
Wolvega
Zandhuizen
Heerhugowaard
Edam
Volendam
Purmer
Raamsdonksveer
Geertruidenberg
Raamsdonk
Appelscha
Donkerbroek
Elsloo
Fochteloo
Langedijke
Makkinga
Nijeberkoop
Oldeberkoop
Oosterwolde
Ravenswoud
Waskemeer
Alphen
Altforst
Appeltern
Beneden-Leeuwen
Boven-Leeuwen
Dreumel
Maasbommel
Wamel
Deurne
Vlierden
Liessel
Neerkant
Helenaveen
1e Exloërmond
2e Exloërmond
2e Valthermond
Borger
Bronneger
Bronnegerveen
Buinen
Buinerveen
Drouwen
Drouwenermond
Drouwenerveen
Ees
Eesergroen
Eeserveen
Ellertshaar
Exloërveen
Exloo
Klijndijk
Nieuw-Buinen
Odoorn
Odoornerveen
Valthe
Valthermond
Westdorp
Zandberg
Streefkerk
Groot-Ammers
Nieuwpoort
Langerak
Waal
Alteveer gem Hoogeveen
Elim
Fluitenberg
Hollandscheveld
Hoogeveen
Nieuweroord
Nieuwlande
Noordscheschut
Pesse
Stuifzand
Tiendeveen
Wassenaar
's-Heer Arendskerke
's-Heer Hendrikskinderen
Goes
Kattendijke
Kloetinge
Wilhelminadorp
Wolphaartsdijk
Ten Boer
Ten Post
Garmerwolde
Thesinge
Woltersum
Sint Annen
Lellens
Winneweer
Beets
Hobrede
Kwadijk
Middelie
Oosthuizen
Schardam
Warder
Elburg
't Harde
Doornspijk
Uden
Volkel
Odiliapeel
Zeeland
Schaijk
Reek
Klimmen
Ransdaal
Voerendaal
Blitterswijck
Geijsteren
Meerlo
Swolgen
Tienray
Wanssum
Andelst
Driel
Elst
Hemmen
Herveld
Heteren
Homoet
Oosterhout
Randwijk
Slijk-Ewijk
Valburg
Zetten
Hooge Mierde
Hulsel
Lage Mierde
Reusel
Assendelft
Koog aan de Zaan
Krommenie
Westknollendam
Westzaan
Wormerveer
Zaandam
Zaandijk
Driehuizen
Grootschermer
Oterleek
Schermerhorn
Stompetoren
Ursem gem. S
Zuidschermer
Scheemda
Nieuw Scheemda
't Waar
Nieuwolda
Midwolda
Oostwold
Heiligerlee
Westerlee
Graft
Noordeinde
West-Graftdijk
Hekendorp
Oudewater
Papekop
Snelrewaard
Stein
Elsloo
Urmond
Thorn
Heel
Beegden
Wessem
Maasbracht
Linne
Stevensweert
Ohé en Laak
Almelo
Aadorp
Bornerbroek
Noordwijkerhout
De Zilk
Wilnis
Schiedam
Westervoort
Bergen op Zoom
Halsteren
Lepelstraat
Broek in Waterland
Ilpendam
Katwoude
Marken
Monnickendam
Watergang
Purmer
Uitdam
Zuiderwoude
Reuver
Beesel
Babyloniënbroek
Drongelen
Eethen
Genderen
Meeuwen
Veen
Wijk en Aalburg
Benschop
Jaarsveld
Lopik
Lopikerkapel
Polsbroek
Linschoten
Montfoort
Workum
Koudum
Molkwerum
Hindeloopen
Stavoren
Hemelum
Warns
Nijhuizum
It Heidenskip
Weert
Stramproy
Mill
Sint Hubert
Langenboom
Wilbertoord
Bleskensgraaf ca
Brandwijk
Goudriaan
Molenaarsgraaf
Ottoland
Oud-Alblas
Wijngaarden
Barger-Compascuum
Emmen
Emmer-Compascuum
Erica
Klazienaveen
Klazienaveen-Noord
Nieuw-Amsterdam
Nieuw-Dordrecht
Nieuw-Schoonebeek
Nieuw-Weerdinge
Roswinkel
Schoonebeek
Veenoord
Weiteveen
Zandpol
Zwartemeer
Sassenheim
Voorhout
Wageningen
Baaium
Baard
Bears
Boazum
Britswert
Easterein
Easterlittens
Easterwierrum
Hidaard
Hilaard
Hinnaard
Húns
Iens
Itens
Jellum
Jorwert
Kûbaard
Leons
Lytsewierrum
Mantgum
Reahûs
Rien
Spannum
Waaksens
Weidum
Winsum
Wiuwert
Wjelsryp
Wommels
Nederweert
Ospel
Nederweert-Eind
Leveroy
Echt
Koningsbosch
Maria Hoop
Sint Joost
Susteren
Roosteren
Nieuwstadt
Veenendaal
Culemborg
Houten
't Goy
Tull en 't Waal
Schalkwijk
Berlicum
Den Dungen
Gemonde
Sint-Michielsgestel
Noordwijk
Uithoorn
Maarssen
Tienhoven
Oud Zuilen
Gilze
Hulten
Molenschot
Rijen
Tholen
Poortvliet
Scherpenisse
Sint-Maartensdijk
Stavenisse
Sint-Annaland
Oud-Vossemeer
Sint Philipsland
Bolsward
Landhorst
Ledeacker
Oploo
Sint Anthonis
Stevensbeek
Wanroij
Westerbeek
Rijkevoort-De Walsert
Leiden
Gemert
Bakel
Milheeze
Handel
De Mortel
De Rips
Elsendorp
Duiven
Groessen
Loo Gld
Amstenrade
Doenrade
Oirsbeek
Puth
Schinnen
Sweikhuizen
Lexmond
Ameide
Tienhoven
Meerkerk
Hei- en Boeicop
Leerbroek
Nieuwland
Leiderdorp
Oostzaan
Aduard
Briltil
Den Ham
Den Horn
Grijpskerk
Kommerzijl
Lauwerzijl
Niehove
Niezijl
Noordhorn
Oldehove
Pieterzijl
Saaksum
Visvliet
Zuidhorn
Ouderkerk aan de Amstel
Achthuizen
Den Bommel
Ooltgensplaat
Oude-Tonge
Scherpenzeel
Nuenen
Hellevoetsluis
Delft
Schijndel
Meijel
Renswoude
Doesburg
Urk
Diemen
Aalden
Benneveld
Coevorden
Dalen
Dalerpeel
Dalerveen
De Kiel
Diphoorn
Erm
Gees
Geesbrug
Holsloot
Meppen
Nieuwlande Coevorden
Noord-Sleen
Oosterhesselen
Schoonoord
Sleen
Stieltjeskanaal
't Haantje
Wachtum
Wezup
Wezuperbrug
Zweeloo
Zwinderen
Middenbeemster
Noordbeemster
Westbeemster
Zuidoostbeemster
Doezum
Grootegast
Kornhorn
Lutjegast
Niekerk
Oldekerk
Opende
Sebaldeburen
Terband
Luinjeberd
Tjalleberd
Gersloot
Nieuweschoot
Oudeschoot
Oranjewoud
De Knipe
Mildam
Katlijk
Bontebok
Nieuwehorne
Oudehorne
Jubbega
Hoornsterzwaag
Genemuiden
Hasselt
Mastenbroek
Zwartsluis
Azewijn
Beek
Braamt
Didam
's-Heerenberg
Kilder
Lengel
Loerbeek
Stokkum
Vethuizen
Wijnbergen
Zeddam
Dussen
Hank
Nieuwendijk
Sleeuwijk
Werkendam
Loenen aan de Vecht
Loenersloot
Nieuwersluis
Nigtevecht
Groenlo
Lievelde
Vragender
Lichtenvoorde
Harreveld
Zieuwent
Mariënvelde
Bellingwolde
Blijham
Oudeschans
Veelerveen
Vriescheloo
Wedde
Bunschoten-Spakenburg
Eemdijk
Bantega
Delfstrahuizen
Echten
Echtenerbrug
Eesterga
Follega
Lemmer
Oosterzee
Klarenbeek
Lieren
Loenen
Beemte Broekland
Ugchelen
Hoenderloo
Beekbergen
Boerakker
De Wilp
Jonkersvaart
Lucaswolde
Marum
Niebert
Noordwijk
Nuis
Akersloot
Castricum
de Woude
Limmen
Leerdam
Schoonrewoerd
Kedichem
Oosterwijk
Borgercompagnie
Tripscompagnie
Meeden
Muntendam
Noordbroek
Zuidbroek
Roermond
Herten
Swalmen
Jisp
Oostknollendam
Spijkerboor
Wormer
Wijdewormer
Millingen aan de Rijn
Groesbeek
Heilig Landstichting
Zoetermeer
Bourtange
Sellingen
Ter Apel
Ter Apelkanaal
Vlagtwedde
Gorinchem
Dalem
Allingawier
Arum
Breezanddijk
Burgwerd
Cornwerd
Dedgum
Exmorra
Ferwoude
Gaast
Hartwerd
Hichtum
Hieslum
Idsegahuizum
Kimswerd
Kornwerderzand
Lollum
Longerhouw
Makkum
Parrega
Piaam
Pingjum
Schettens
Schraard
Tjerkwerd
Witmarsum
Wons
Zurich
Castenray
Heide
Leunen
Merselo
Smakt
Venray
Veulen
Vredepeel
Ysselsteyn
Boerakker
Enumatil
Leek
Lettelbert
Midwolde
Oostwold
Tolbert
Zevenhuizen
Haaksbergen
Alkmaar
Koedijk
Oudorp
Dordrecht
Hendrik-Ido-Ambacht
Asperen
Herwijnen
Heukelum
Spijk
Vuren
Nuth
Hulsberg
Schimmert
Wijnandsrade
Rhoon
Poortugaal
Rotterdam-Albrandswaard
Bergambacht
Berkenwoude
Ammerstol
Brielle
Vierpolders
Zwartewaal
Klaaswaal
Numansdorp
Ouderkerk aan den IJssel
Gouderak
Krimpen aan de Lek
Lekkerkerk
Dirksland
Herkingen
Melissant
's-Gravendeel
Heinenoord
Maasdam
Mijnsheerenland
Puttershoek
Westmaas
Alblasserdam
Haastrecht
Stolwijk
Vlist
Schoonhoven
Assen
Loon
Rhee
Ter Aard
Ubbena
Zeijerveen
Zeijerveld
Heerjansdam
Zwijndrecht
Abbega
Blauwhuis
Folsgare
Gaastmeer
Gauw
Goënga
Greonterp
Heeg
Hommerts
Idzega
IJlst
Indijk
Jutrijp
Koufurderrige
Nijland
Oosthem
Oppenhuizen
Oudega
Sandfirden
Scharnegoutum
Smallebrugge
Tjalhuizum
Uitwellingerga
Westhem
Wolsum
Woudsend
Ypecolsga
Schiermonnikoog
Biddinghuizen
Dronten
Swifterbant
IJsselstein
Kreileroord
Middenmeer
Slootdorp
Wieringerwerf
Rozenburg
Sliedrecht
Boxtel
Liempde
Aldtsjerk
Wyns
Oentsjerk
Gytsjerk
Ryptsjerk
Mûnein
Tytsjerk
Suwâld
Hurdegaryp
Noardburgum
Burgum
Jistrum
Sumar
Eastermar
Garyp
Earnewâld
Heemskerk
Rijswijk
Schagen
Zwaag
Adorp
Baflo
Den Andel
Ezinge
Feerwerd
Garnwerd
Rasquert
Saaxumhuizen
Sauwerd
Tinallinge
Wetsinge
Winsum
Reeuwijk
Driebruggen
Waarder
Milsbeek
Ottersum
Ven-Zelderheide
Gennep
Heijen
Akmarijp
Boornzwaag
Broek
Dijken
Doniaga
Goingarijp
Haskerdijken
Haskerhorne
Idskenhuizen
Joure
Langweer
Legemeer
Nieuwebrug
Oldeouwer
Ouwsterhaule
Ouwster-Nijega
Rohel
Rotstergaast
Rotsterhaule
Rottum
Scharsterbrug
Sint Nicolaasga
Sintjohannesga
Snikzwaag
Terkaple
Teroele
Tjerkgaast
Vegelinsoord
Barsingerhorn
Haringhuizen
Kolhorn
Lutjewinkel
Nieuwe Niedorp
Oude Niedorp
't Veld
Winkel
Zijdewind
Woudenberg
Eagum
Akkrum
Dearsum
Friens
Idaerd
Jirnsum
Aldeboarn
Poppenwier
Raerd
Reduzum
Sibrandabuorren
Terherne
Tersoal
Wergea
Warstiens
Warten
Lent
Ommen
Arriën
Beerze
Beerzerveld
Dalmsholte
Giethmen
Lemele
Stegeren
Vilsteren
Vinkenbuurt
Witharen
Zennewijnen
Wadenoijen
Kapel Avezaath
Kerk Avezaath
Ridderkerk
Heemstede
Wijchen
Bergharen
Hernen
Leur
Batenburg
Niftrik
Balgoij
Aalsmeer
Kudelstaart
Ermelo
Drimmelen
Hooge Zwaluwe
Lage Zwaluwe
Made
Terheijden
Wagenberg
Zevenbergschen Hoek
Rucphen
Schijf
Sprundel
St. Willebrord
Zegge
Hollum
Ballum
Nes
Buren
Herkenbosch
Melick
Montfort
Posterholt
Sint Odiliënberg
Vlodrop
Sprang-Capelle
Waalwijk
Waspik
Maasbree
Baarlo
Bunnik
Odijk
Werkhoven
Klarenbeek
Nijbroek
Steenenkamer
Terwolde
Teuge
Twello
Voorst
Wilp
Oosterend
Hoorn
Lies
Formerum
Landerum
Midsland
Striep
Baaiduinen
Kaard
Hee
Kinnum
West-Terschelling
Aalst
Bern
Brakel
Bruchem
Delwijnen
Gameren
Kerkwijk
Nederhemert
Nieuwaal
Poederoijen
Zaltbommel
Zuilichem
Leusden
Stoutenburg
Achterveld
Haarlemmerliede
Halfweg
Zoeterwoude
Gelderswoude
Oisterwijk
Moergestel
Heukelom
Kerkrade
Eygelshoven
Vogelenzang
Aerdenhout
Overveen
Bloemendaal
De Lier
Honselersdijk
Kwintsheul
Maasdijk
Monster
Naaldwijk
Poeldijk
's-Gravenzande
Ter Heijde
Wateringen
Bodegraven
Nieuwerbrug aan den Rijn
Nieuwkoop
Noorden
Woerdense Verlaat
Nieuwveen
Zevenhoven
Vrouwenakker
Ter Aar
Brouwershaven
Bruinisse
Burgh-Haamstede
Dreischor
Ellemeet
Kerkwerve
Nieuwerkerk
Noordgouwe
Noordwelle
Oosterland
Ouwerkerk
Renesse
Scharendijke
Serooskerke
Sirjansland
Zierikzee
Zonnemaire
Baarlo
Baars
Basse
Belt-Schutsloot
Blankenham
Blokzijl
De Bult
De Pol
Eesveen
Giethoorn
IJsselham
Kalenberg
Kallenkote
Kuinre
Marijenkampen
Nederland
Oldemarkt
Onna
Ossenzijl
Paasloo
Scheerwolde
Sint Jansklooster
Steenwijk
Steenwijkerwold
Tuk
Vollenhove
Wanneperveen
Wetering
Willemsoord
Witte Paarden
Zuidveen
Bitgum
Bitgummole
Berltsum
Blessum
Boksum
Deinum
Ingelum
Dronryp
Marsum
Menaam
Skingen
Slappeterp
Wier
Beverwijk
De Cocksdorp
De Koog
De Waal
Den Burg
Den Hoorn
Oosterend
Oudeschild
Oegstgeest
Someren
Lierop
Weurt
Beuningen Gld
Ewijk
Winssen
Enkhuizen
Uitgeest
Schagerbrug
Callantsoog
't Zand
Sint Maartensbrug
Sint Maartensvlotbrug
Petten
Burgerbrug
Oudesluis
Ede
Lunteren
Bennekom
Otterlo
Harskamp
Ederveen
De Klomp
Wekerom
Hoenderloo
Deelen
Aagtekerke
Biggekerke
Domburg
Gapinge
Grijpskerke
Koudekerke
Meliskerke
Oostkapelle
Serooskerke
Veere
Vrouwenpolder
Westkapelle
Zoutelande
Sint-Oedenrode
Aartswoud
De Weere
Hoogwoud
Opmeer
Spanbroek
Oud-Beijerland
Kinderdijk
Nieuw-Lekkerland
Mookhoek
Strijen
Strijensas
Dongen
's Gravenmoer
Middelaar
Molenhoek
Mook
Plasmolen
Schipluiden
Maasland
Den Hoorn
Born
Buchten
Einighausen
Grevenbicht
Guttecoven
Holtum
Limbricht
Munstergeleen
Obbicht
Papenhoven
Windraak
Zeist
Den Dolder
Bosch en Duin
Austerlitz
Huis ter Heide
Erp
Veghel
Blaricum
Bedum
Noordwolde
Onderdendam
Zuidwolde
IJmuiden
Driehuis NH
Santpoort-Noord
Santpoort-Zuid
Velserbroek
Everdingen
Hagestein
Ossenwaard
Vianen
Zijderveld
Bingelrade
Jabeek
Merkelbeek
Schinveld
Brunssum
Koudekerk aan den Rijn
Hazerswoude-Rijndijk
Hazerswoude-Dorp
Benthuizen
Bathmen
Colmschate
Deventer
Diepenveen
Lettele
Okkenbroek
Schalkhaar
Heerde
Veessen
Vorchten
Wapenveld
Hoevelaken
Beek
Berg en Dal
Erlecom
Kekerdom
Leuth
Ooij
Persingen
Ubbergen
Goirle
Riel
Hattem
Baarle-Nassau
Ulicoten
Castelre
Goudswaard
Nieuw-Beijerland
Piershil
Zuid-Beijerland
Laren
Harlingen
Midlum
Wijnaldum
Kampen
IJsselmuiden
Grafhorst
Zalk
Wilsum
's-Heerenbroek
Kamperveen
Mastenbroek
Afferden
Deest
Druten
Horssen
Puiflijk
Haarlem
Spaarndam gem. Haarlem
Eelde
Paterswolde
Eelderwolde
Vries
Zuidlaren
Bunne
De Punt
Donderen
Oudemolen
Taarlo
Tynaarlo
Winde
Yde
Zeegse
Zeijen
De Groeve
Zuidlaarderveen
Midlaren
Rozendaal
Asten
Heusden
Ommel
Goedereede
Ouddorp
Stellendam
De Bilt
Bilthoven
Maartensdijk
Groenekan
Hollandsche Rading
Westbroek
Baexem
Buggenum
Ell
Grathem
Haelen
Haler
Heibloem
Heythuysen
Horn
Hunsel
Ittervoort
Kelpen-Oler
Neer
Neeritter
Nunhem
Roggel
Oosteind
Dorst
Oostburg
Aardenburg
Sluis
Waterlandkerkje
Cadzand
Breskens
Eede
Groede
Hoofdplaat
Nieuwvliet
Retranchement
Schoondijke
Zuidzande
Sint Kruis
IJzendijke
Biervliet
Aerdt
Herwen
Lobith
Pannerden
Spijk
Tolkamer
Nunspeet
Elspeet
Hulshorst
Vierhouten
Doorwerth
Heelsum
Heveadorp
Wolfheze
Oosterbeek
Renkum
Duizel
Eersel
Knegsel
Steensel
Vessem
Wintelre
Boskoop
Ankeveen
's-Graveland
Nederhorst den Berg
Breukeleveen
Balinge
Beilen
Bovensmilde
Bruntinge
Drijber
Elp
Eursinge
Garminge
Hijken
Hoogersmilde
Hooghalen
Mantinge
Nieuweroord
Nieuw-Balinge
Oranje
Orvelte
Smilde
Spier
Stuifzand
Tiendeveen
Westerbork
Wijster
Witteveen
Zuidveld
Zwiggelte
Nijmegen
Hardinxveld-Giessendam
Spijkenisse
Hekelingen
Hoogmade
Kaag
Nieuwe Wetering
Oude Wetering
Rijnsaterwoude
Roelofarendsveen
Woubrugge
Groet
Schoorl
Bergen aan Zee
Bergen (NH)
Egmond aan den Hoef
Egmond aan Zee
Egmond-Binnen
Waddinxveen
Kaatsheuvel
Loon op Zand
De Moer
Landgraaf
Den Helder
Huisduinen
Julianadorp
Heesch
Heeswijk-Dinther
Loosbroek
Nistelrode
Vinkel
Vorstenbosch
Simpelveld
Bocholtz
Baneheide
't Loo Oldebroek
Hattemerbroek
Noordeinde Gld
Oldebroek
Oosterwolde Gld
Wezep
Stadskanaal
Musselkanaal
Onstwedde
Mussel
Vledderveen
Alteveer
Botlek Rotterdam
Europoort Rotterdam
Hoek van Holland
Hoogvliet Rotterdam
Maasvlakte Rotterdam
Pernis Rotterdam
Rotterdam
Vondelingenplaat Rotterdam
Hulst
Sint Jansteen
Kapellebrug
Heikant
Clinge
Nieuw Namen
Graauw
Vogelwaarde
Terhole
Kuitaart
Hengstdijk
Lamswaarde
Kloosterzande
Walsoorden
Ossenisse
Purmerend
Ansen
Boschoord
Darp
Diever
Dieverbrug
Doldersum
Dwingeloo
Frederiksoord
Geeuwenbrug
Havelte
Havelterberg
Hoogersmilde
Nijensleek
Oude Willem
Pesse
Ruinen
Spier
Uffelte
Vledder
Vledderveen
Wapse
Wapserveen
Wateren
Wilhelminaoord
Wittelte
Zorgvlied
Huissen
Bemmel
Gendt
Angeren
Doornenburg
Loo Gld
Haalderen
Ressen
Boekel
Venhorst
Arcen
Lomm
Velden
Middelharnis
Nieuwe-Tonge
Sommelsdijk
Stad aan 't Haringvliet
Abbekerk
Benningbroek
Lambertschaag
Medemblik
Midwoud
Nibbixwoud
Opperdoes
Sijbekarspel
Twisk
Wognum
Zwaagdijk-West
Alteveer
Ansen
de Wijk
Drogteropslagen
Echten
Eursinge
Kerkenveld
Koekange
Linde
Ruinen
Ruinerwold
Veeningen
Zuidwolde
Augustinusga
Boelenslaan
Buitenpost
Drogeham
Gerkesklooster
Harkema
Kootstertille
Stroobos
Surhuisterveen
Surhuizum
Twijzel
Twijzelerheide
Anna Paulowna
Breezand
Wieringerwaard
Kamperland
Kortgene
Colijnsplaat
Wissenkerke
Kats
Geersdijk
Escharen
Gassel
Grave
Velp
Blije
Burdaard
Ferwert
Ginnum
Hallum
Hegebeintum
Jannum
Jislum
Lichtaard
Marrum
Reitsum
Wânswert
Beesd
Gellicum
Rumpt
Enspijk
Deil
Harderwijk
Hierden
Alde Leie
Britsum
Feinsum
Hijum
Jelsum
Koarnjum
Stiens
Voorschoten
Bierum
Borgsweer
Delfzijl
Farmsum
Godlinze
Holwierde
Krewerd
Losdorp
Meedhuizen
Spijk Gn
Termunten
Termunterzijl
Wagenborgen
Woldendorp
Doetinchem
Gaanderen
Wehl
Oss
Berghem
Megen
Macharen
Haren
Ravenstein
Herpen
Deursen-Dennenburg
Huisseling
Koolwijk
Dieden
Demen
Neerlangel
Neerloon
Overlangel
Keent
Broeksterwâld
Damwâld
De Falom
Driezum
Wâlterswâld
Rinsumageast
Feanwâlden
Readtsjerk
De Westereen
Sibrandahûs
Boornbergum
De Tike
De Veenhoop
De Wilgen
Drachten
Drachtstercompagnie
Goëngahuizen
Houtigehage
Kortehemmen
Nijega
Opeinde
Oudega
Rottevalle
Smalle Ee
Dirkshorn
Oudkarspel
Sint Maarten
Tuitjenhorn
Waarland
Warmenhuizen
Utrecht
Vleuten
De Meern
Haarzuilens
Vlieland
Almkerk
Andel
Giessen
Rijswijk (NB)
Uitwijk
Waardhuizen
Woudrichem
Augsbuurt
Burum
Kollum
Kollumerpomp
Kollumerzwaag
Munnekezijl
Oudwoude
Triemen
Veenklooster
Warfstermolen
Westergeest
Zwagerbosch
Bruinehaar
Den Ham
Geerdijk
Kloosterhaar
Sibculo
Vriezenveen
Vroomshoop
Westerhaar-Vriezenveensewijk
Oudebildtzijl
Westhoek
Nij Altoenae
St.-Annaparochie
St.-Jacobiparochie
Minnertsga
Vrouwenparochie
Driebergen-Rijsenburg
Amerongen
Doorn
Maarn
Maarsbergen
Bakkeveen
Beetsterzwaag
Drachten-Azeven
Frieschepalen
Gorredijk
Hemrik
Jonkerslân
Langezwaag
Lippenhuizen
Luxwoude
Nij Beets
Olterterp
Siegerswoude
Terwispel
Tijnje
Ureterp
Wijnjewoude
Est
Haaften
Heesselt
Hellouw
Neerijnen
Ophemert
Opijnen
Tuil
Varik
Waardenburg
Zennewijnen
Asch
Beusichem
Buren
Buurmalsen
Eck en Wiel
Erichem
Ingen
Kapel-Avezaath
Kerk-Avezaath
Lienden
Maurik
Ommeren
Ravenswaaij
Rijswijk (GLD)
Zoelen
Zoelmond
Appingedam
Aalsum
Anjum
Bornwird
Brantgum
Dokkum
Ee
Engwierum
Foudgum
Hantum
Hantumeruitburen
Hantumhuizen
Hiaure
Holwerd
Jouswier
Lioessens
Metslawier
Moddergat
Morra
Nes
Niawier
Oosternijkerk
Oostrum
Paesens
Raard
Ternaard
Waaxens
Wetsens
Wierum
Eenrum
Hornhuizen
Houwerzijl
Kloosterburen
Lauwersoog
Leens
Mensingeweer
Niekerk
Pieterburen
Schouwerzijl
Ulrum
Vierhuizen
Warfhuizen
Wehe-den Hoorn
Westernieland
Zoutkamp
Zuurdijk
Alphen
Chaam
Galder
Strijbeek
Ulvenhout AC
Bavel AC
Beringe
Egchel
Grashoek
Helden
Koningslust
Panningen
Eenum
Garrelsweer
Garsthuizen
Huizinge
Leermens
Loppersum
Middelstum
Oosterwijtwerd
Startenhuizen
Stedum
Toornwerd
Westeremden
Westerwijtwerd
Wirdum Gn
't Zandt
Zeerijp
Zijldijk
Hansweert
Krabbendijke
Kruiningen
Oostdijk
Rilland
Waarde
Yerseke
Lith
Lithoijen
Oijen
Maren-Kessel
Teeffelen
Eemshaven
Eppenhuizen
Kantens
Oldenzijl
Oosternieland
Oudeschip
Roodeschool
Rottum
Startenhuizen
Stitswerd
Uithuizen
Uithuizermeeden
Usquert
Warffum
Zandeweer
Meerstad
Zundert
Rijsbergen
Wernhout
Klein Zundert
Achtmaal
Malden
Heumen
Overasselt
Nederasselt
Drunen
Elshout
Haarsteeg
Nieuwkuijk
Vlijmen
Sneek
Loënga
Offingawier
Beerta
Blauwestad
Hengelo
Borne
Sittard
Geleen
Doeveren
Hedikhuizen
Heesbeen
Herpt
Heusden
Oudheusden
Son en Breugel
Nijehaske
Oudehaske
Heerenveen
Echteld
Vreeland
Kortenhoef
Acquoy
Rhenoy
Geldermalsen
Meteren
Tricht
Buurmalsen
Bennebroek
Spaarndam
Hillegom
Velsen-Zuid
Loosdrecht
Velsen-Noord
De Kwakel
Oud Ade
Leimuiden
Warmond
Goutum
Wirdum
Rijpwetering
Amstelhoek
de Hoef
Mijdrecht
Vinkeveen
Waverveen
Wijk aan Zee
De Rijp
Oost-Graftdijk
Starnmeer
Markenbinnen
Apeldoorn
Wenum Wiesel
Uddel
Radio Kootwijk
Hoog Soeren
Wervershoof
Hauwert
Oostwoud
Duivendrecht
Amsterdam-Duivendrecht
Hertme
Zenderen
Wichmond
Vorden
Zelhem
Halle
Haule
Haulerwijk
Putten
Hellendoorn
Nijverdal
Leersum
Overberg
Tirns
Ysbrechtum
Amsterdam
Den Hout
Oosterhout
Barneveld
Terschuur
Voorthuizen
Zwartebroek
Tiel
Grou
Nes
Oirlo
Oostrum
Nijkerk
Nijkerkerveen
Hardenberg
Bruchterveld
Geffen
Nuland
Vinkel
Blokker
Hoorn
Leeuwarden
Scheveningen
